Component: Arm Compiler for Embedded 6.23 Tool: armlink [5f102400]

==============================================================================

Section Cross References

    main.o(.text) refers to system_gd32f10x.o(.text) for SystemCoreClockUpdate
    main.o(.text) refers to system_gd32f10x.o(.data.SystemCoreClock) for SystemCoreClock
    main.o(.text) refers to setup.o(.text) for Interrupt_init
    main.o(.text) refers to gd32f10x_gpio.o(.text) for gpio_bit_write
    main.o(.text) refers to gd32f10x_fwdgt.o(.text) for fwdgt_counter_reload
    main.o(.text) refers to bldc.o(.bss.buzzerFreq) for buzzerFreq
    main.o(.text) refers to it.o(.text) for Delay
    main.o(.text) refers to main.o(.bss.inactivity_timeout_counter) for inactivity_timeout_counter
    main.o(.text) refers to main.o(.bss.steerCounter) for steerCounter
    main.o(.text) refers to main.o(.bss.steer) for steer
    main.o(.text) refers to main.o(.bss.speed) for speed
    main.o(.text) refers to fflt_clz.o(x$fpl$fflt) for __aeabi_i2f
    main.o(.text) refers to fmul.o(x$fpl$fmul) for __aeabi_fmul
    main.o(.text) refers to ffix.o(x$fpl$ffix) for __aeabi_f2iz
    main.o(.text) refers to faddsub_clz.o(x$fpl$fsub) for __aeabi_fsub
    main.o(.text) refers to fdiv.o(x$fpl$fdiv) for __aeabi_fdiv
    main.o(.text) refers to faddsub_clz.o(x$fpl$fadd) for __aeabi_fadd
    main.o(.text) refers to main.o(.rodata.lookUpTableAngle) for lookUpTableAngle
    main.o(.text) refers to fcmp.o(x$fpl$fcmp) for __aeabi_fcmplt
    main.o(.text) refers to bldc.o(.text) for SetEnable
    main.o(.text) refers to bldc.o(.data.batteryVoltage) for batteryVoltage
    main.o(.text) refers to main.o(.bss.beepsBackwards) for beepsBackwards
    main.o(.text) refers to bldc.o(.bss.buzzerPattern) for buzzerPattern
    main.o(.ARM.exidx) refers to main.o(.text) for [Anonymous Symbol]
    bldc.o(.text) refers to bldc.o(.bss.bldc_enable) for bldc_enable
    bldc.o(.text) refers to bldc.o(.bss.bldc_inputFilterPwm) for bldc_inputFilterPwm
    bldc.o(.text) refers to bldc.o(.bss.offsetcount) for offsetcount
    bldc.o(.text) refers to bldc.o(.bss.adc_buffer) for adc_buffer
    bldc.o(.text) refers to bldc.o(.data.offsetdc) for offsetdc
    bldc.o(.text) refers to bldc.o(.bss.buzzerTimer) for buzzerTimer
    bldc.o(.text) refers to bldc.o(.data.batteryVoltage) for batteryVoltage
    bldc.o(.text) refers to f2d.o(x$fpl$f2d) for __aeabi_f2d
    bldc.o(.text) refers to dflt_clz.o(x$fpl$dfltu) for __aeabi_ui2d
    bldc.o(.text) refers to dmul.o(x$fpl$dmul) for __aeabi_dmul
    bldc.o(.text) refers to daddsub_clz.o(x$fpl$dadd) for __aeabi_dadd
    bldc.o(.text) refers to d2f.o(x$fpl$d2f) for __aeabi_d2f
    bldc.o(.text) refers to bldc.o(.bss.buzzerFreq) for buzzerFreq
    bldc.o(.text) refers to bldc.o(.bss.buzzerPattern) for buzzerPattern
    bldc.o(.text) refers to gd32f10x_gpio.o(.text) for gpio_bit_write
    bldc.o(.text) refers to dflt_clz.o(x$fpl$dflt) for __aeabi_i2d
    bldc.o(.text) refers to bldc.o(.bss.currentDC) for currentDC
    bldc.o(.text) refers to fcmp.o(x$fpl$fcmp) for __aeabi_fcmple
    bldc.o(.text) refers to gd32f10x_timer.o(.text) for timer_automatic_output_disable
    bldc.o(.text) refers to bldc.o(.bss.hall_a) for hall_a
    bldc.o(.text) refers to bldc.o(.bss.hall_b) for hall_b
    bldc.o(.text) refers to bldc.o(.bss.hall_c) for hall_c
    bldc.o(.text) refers to bldc.o(.bss.hall) for hall
    bldc.o(.text) refers to bldc.o(.rodata.hall_to_pos) for hall_to_pos
    bldc.o(.text) refers to bldc.o(.bss.filter_reg) for filter_reg
    bldc.o(.text) refers to bldc.o(.bss.pos) for pos
    bldc.o(.text) refers to bldc.o(.bss.bldc_outputFilterPwm) for bldc_outputFilterPwm
    bldc.o(.text) refers to bldc.o(.bss.buzzerToggle) for buzzerToggle
    bldc.o(.text) refers to bldc.o(.bss.speedCounter) for speedCounter
    bldc.o(.text) refers to bldc.o(.bss.lastPos) for lastPos
    bldc.o(.text) refers to fflt_clz.o(x$fpl$ffltu) for __aeabi_ui2f
    bldc.o(.text) refers to fdiv.o(x$fpl$fdiv) for __aeabi_fdiv
    bldc.o(.text) refers to bldc.o(.bss.realSpeed) for realSpeed
    bldc.o(.ARM.exidx) refers to bldc.o(.text) for [Anonymous Symbol]
    setup.o(.text) refers to gd32f10x_misc.o(.text) for nvic_priority_group_set
    setup.o(.text) refers to gd32f10x_rcu.o(.text) for rcu_flag_get
    setup.o(.text) refers to gd32f10x_fwdgt.o(.text) for fwdgt_config
    setup.o(.text) refers to gd32f10x_timer.o(.text) for timer_deinit
    setup.o(.text) refers to setup.o(.bss.timeoutTimer_paramter_struct) for timeoutTimer_paramter_struct
    setup.o(.text) refers to gd32f10x_gpio.o(.text) for gpio_init
    setup.o(.text) refers to setup.o(.bss.timerBldc_paramter_struct) for timerBldc_paramter_struct
    setup.o(.text) refers to setup.o(.bss.timerBldc_oc_parameter_struct) for timerBldc_oc_parameter_struct
[...]
    StatisticsFunctionsF16.c                 0x00000000   Number         0  statisticsfunctionsf16.o ABSOLUTE
    SupportFunctions.c                       0x00000000   Number         0  supportfunctions.o ABSOLUTE
    SupportFunctionsF16.c                    0x00000000   Number         0  supportfunctionsf16.o ABSOLUTE
    TransformFunctions.c                     0x00000000   Number         0  transformfunctions.o ABSOLUTE
    TransformFunctionsF16.c                  0x00000000   Number         0  transformfunctionsf16.o ABSOLUTE
    WindowFunctions.c                        0x00000000   Number         0  windowfunctions.o ABSOLUTE
    bldc.c                                   0x00000000   Number         0  bldc.o ABSOLUTE
    comms.c                                  0x00000000   Number         0  comms.o ABSOLUTE
    commsBluetooth.c                         0x00000000   Number         0  commsbluetooth.o ABSOLUTE
    commsMasterSlave.c                       0x00000000   Number         0  commsmasterslave.o ABSOLUTE
    commsSteering.c                          0x00000000   Number         0  commssteering.o ABSOLUTE
    dc.s                                     0x00000000   Number         0  dc.o ABSOLUTE
    gd32f10x_adc.c                           0x00000000   Number         0  gd32f10x_adc.o ABSOLUTE
    gd32f10x_dbg.c                           0x00000000   Number         0  gd32f10x_dbg.o ABSOLUTE
    gd32f10x_dma.c                           0x00000000   Number         0  gd32f10x_dma.o ABSOLUTE
    gd32f10x_fwdgt.c                         0x00000000   Number         0  gd32f10x_fwdgt.o ABSOLUTE
    gd32f10x_gpio.c                          0x00000000   Number         0  gd32f10x_gpio.o ABSOLUTE
    gd32f10x_i2c.c                           0x00000000   Number         0  gd32f10x_i2c.o ABSOLUTE
    gd32f10x_misc.c                          0x00000000   Number         0  gd32f10x_misc.o ABSOLUTE
    gd32f10x_pmu.c                           0x00000000   Number         0  gd32f10x_pmu.o ABSOLUTE
    gd32f10x_rcu.c                           0x00000000   Number         0  gd32f10x_rcu.o ABSOLUTE
    gd32f10x_timer.c                         0x00000000   Number         0  gd32f10x_timer.o ABSOLUTE
    gd32f10x_usart.c                         0x00000000   Number         0  gd32f10x_usart.o ABSOLUTE
    gd32f10x_wwdgt.c                         0x00000000   Number         0  gd32f10x_wwdgt.o ABSOLUTE
    it.c                                     0x00000000   Number         0  it.o ABSOLUTE
    led.c                                    0x00000000   Number         0  led.o ABSOLUTE
    main.c                                   0x00000000   Number         0  main.o ABSOLUTE
    setup.c                                  0x00000000   Number         0  setup.o ABSOLUTE
    system_gd32f10x.c                        0x00000000   Number         0  system_gd32f10x.o ABSOLUTE
    RESET                                    0x08000000   Section      304  startup_gd32f10x_hd.o(RESET)
    !!!main                                  0x08000130   Section        8  __main.o(!!!main)
    !!!scatter                               0x08000138   Section       92  __scatter.o(!!!scatter)
    !!handler_copy                           0x08000194   Section       26  __scatter_copy.o(!!handler_copy)
    !!handler_null                           0x080001b0   Section        2  __scatter.o(!!handler_null)
    !!handler_zi                             0x080001b4   Section       28  __scatter_zi.o(!!handler_zi)
    .ARM.Collect$$libinit$$00000000          0x080001d0   Section        2  libinit.o(.ARM.Collect$$libinit$$00000000)
    .ARM.Collect$$libinit$$00000002          0x080001d2   Section        0  libinit2.o(.ARM.Collect$$libinit$$00000002)
    .ARM.Collect$$libinit$$00000004          0x080001d2   Section        0  libinit2.o(.ARM.Collect$$libinit$$00000004)
    .ARM.Collect$$libinit$$00000006          0x080001d2   Section        0  libinit2.o(.ARM.Collect$$libinit$$00000006)
    .ARM.Collect$$libinit$$0000000C          0x080001d2   Section        0  libinit2.o(.ARM.Collect$$libinit$$0000000C)
    .ARM.Collect$$libinit$$0000000E          0x080001d2   Section        0  libinit2.o(.ARM.Collect$$libinit$$0000000E)
    .ARM.Collect$$libinit$$00000010          0x080001d2   Section        0  libinit2.o(.ARM.Collect$$libinit$$00000010)
    .ARM.Collect$$libinit$$00000013          0x080001d2   Section        0  libinit2.o(.ARM.Collect$$libinit$$00000013)
    .ARM.Collect$$libinit$$00000015          0x080001d2   Section        0  libinit2.o(.ARM.Collect$$libinit$$00000015)
    .ARM.Collect$$libinit$$00000017          0x080001d2   Section        0  libinit2.o(.ARM.Collect$$libinit$$00000017)
    .ARM.Collect$$libinit$$00000019          0x080001d2   Section        0  libinit2.o(.ARM.Collect$$libinit$$00000019)
    .ARM.Collect$$libinit$$0000001B          0x080001d2   Section        0  libinit2.o(.ARM.Collect$$libinit$$0000001B)
    .ARM.Collect$$libinit$$0000001D          0x080001d2   Section        0  libinit2.o(.ARM.Collect$$libinit$$0000001D)
    .ARM.Collect$$libinit$$0000001F          0x080001d2   Section        0  libinit2.o(.ARM.Collect$$libinit$$0000001F)
    .ARM.Collect$$libinit$$00000021          0x080001d2   Section        0  libinit2.o(.ARM.Collect$$libinit$$00000021)
    .ARM.Collect$$libinit$$00000023          0x080001d2   Section        0  libinit2.o(.ARM.Collect$$libinit$$00000023)
    .ARM.Collect$$libinit$$00000025          0x080001d2   Section        0  libinit2.o(.ARM.Collect$$libinit$$00000025)
    .ARM.Collect$$libinit$$00000027          0x080001d2   Section        0  libinit2.o(.ARM.Collect$$libinit$$00000027)
    .ARM.Collect$$libinit$$0000002E          0x080001d2   Section        0  libinit2.o(.ARM.Collect$$libinit$$0000002E)
    .ARM.Collect$$libinit$$00000030          0x080001d2   Section        0  libinit2.o(.ARM.Collect$$libinit$$00000030)
    .ARM.Collect$$libinit$$00000032          0x080001d2   Section        0  libinit2.o(.ARM.Collect$$libinit$$00000032)
    .ARM.Collect$$libinit$$00000034          0x080001d2   Section        0  libinit2.o(.ARM.Collect$$libinit$$00000034)
    .ARM.Collect$$libinit$$00000035          0x080001d2   Section        2  libinit2.o(.ARM.Collect$$libinit$$00000035)
    .ARM.Collect$$libshutdown$$00000000      0x080001d4   Section        2  libshutdown.o(.ARM.Collect$$libshutdown$$00000000)
    .ARM.Collect$$libshutdown$$00000002      0x080001d6   Section        0  libshutdown2.o(.ARM.Collect$$libshutdown$$00000002)
    .ARM.Collect$$libshutdown$$00000004      0x080001d6   Section        0  libshutdown2.o(.ARM.Collect$$libshutdown$$00000004)
    .ARM.Collect$$libshutdown$$00000007      0x080001d6   Section        0  libshutdown2.o(.ARM.Collect$$libshutdown$$00000007)
    .ARM.Collect$$libshutdown$$0000000A      0x080001d6   Section        0  libshutdown2.o(.ARM.Collect$$libshutdown$$0000000A)
    .ARM.Collect$$libshutdown$$0000000C      0x080001d6   Section        0  libshutdown2.o(.ARM.Collect$$libshutdown$$0000000C)
    .ARM.Collect$$libshutdown$$0000000F      0x080001d6   Section        0  libshutdown2.o(.ARM.Collect$$libshutdown$$0000000F)
    .ARM.Collect$$libshutdown$$00000010      0x080001d6   Section        2  libshutdown2.o(.ARM.Collect$$libshutdown$$00000010)
    .ARM.Collect$$rtentry$$00000000          0x080001d8   Section        0  __rtentry.o(.ARM.Collect$$rtentry$$00000000)
    .ARM.Collect$$rtentry$$00000002          0x080001d8   Section        0  __rtentry2.o(.ARM.Collect$$rtentry$$00000002)
    .ARM.Collect$$rtentry$$00000004          0x080001d8   Section        6  __rtentry4.o(.ARM.Collect$$rtentry$$00000004)
    .ARM.Collect$$rtentry$$00000009          0x080001de   Section        0  __rtentry2.o(.ARM.Collect$$rtentry$$00000009)
    .ARM.Collect$$rtentry$$0000000A          0x080001de   Section        4  __rtentry2.o(.ARM.Collect$$rtentry$$0000000A)
    .ARM.Collect$$rtentry$$0000000C          0x080001e2   Section        0  __rtentry2.o(.ARM.Collect$$rtentry$$0000000C)
    .ARM.Collect$$rtentry$$0000000D          0x080001e2   Section        8  __rtentry2.o(.ARM.Collect$$rtentry$$0000000D)
    .ARM.Collect$$rtexit$$00000000           0x080001ea   Section        2  rtexit.o(.ARM.Collect$$rtexit$$00000000)
    .ARM.Collect$$rtexit$$00000002           0x080001ec   Section        0  rtexit2.o(.ARM.Collect$$rtexit$$00000002)
    .ARM.Collect$$rtexit$$00000003           0x080001ec   Section        4  rtexit2.o(.ARM.Collect$$rtexit$$00000003)
    .ARM.Collect$$rtexit$$00000004           0x080001f0   Section        6  rtexit2.o(.ARM.Collect$$rtexit$$00000004)
    [Anonymous Symbol]                       0x080001f8   Section        0  main.o(.text)
    [Anonymous Symbol]                       0x080005cc   Section        0  bldc.o(.text)
    [Anonymous Symbol]                       0x08000944   Section        0  setup.o(.text)
    [Anonymous Symbol]                       0x0800101c   Section        0  it.o(.text)
    [Anonymous Symbol]                       0x080011a8   Section        0  comms.o(.text)
    [Anonymous Symbol]                       0x08001354   Section        0  commssteering.o(.text)
    [Anonymous Symbol]                       0x08001478   Section        0  commsmasterslave.o(.text)
    [Anonymous Symbol]                       0x080015cc   Section        0  gd32f10x_adc.o(.text)
    [Anonymous Symbol]                       0x08001ab8   Section        0  gd32f10x_dma.o(.text)
    [Anonymous Symbol]                       0x08001ebc   Section        0  gd32f10x_fwdgt.o(.text)
    [Anonymous Symbol]                       0x08001fd4   Section        0  gd32f10x_gpio.o(.text)
    [Anonymous Symbol]                       0x08002418   Section        0  gd32f10x_misc.o(.text)
    [Anonymous Symbol]                       0x08002500   Section        0  gd32f10x_rcu.o(.text)
    [Anonymous Symbol]                       0x08002ae4   Section        0  gd32f10x_timer.o(.text)
    [Anonymous Symbol]                       0x08003840   Section        0  gd32f10x_usart.o(.text)
    .text                                    0x08003ba8   Section       64  startup_gd32f10x_hd.o(.text)
    [Anonymous Symbol]                       0x08003be8   Section        0  system_gd32f10x.o(.text)
    .text                                    0x08003d6a   Section        0  heapauxi.o(.text)
    .text                                    0x08003d70   Section        8  libspace.o(.text)
    .text                                    0x08003d78   Section       74  sys_stackheap_outer.o(.text)
    .text                                    0x08003dc2   Section        0  exit.o(.text)
    .text                                    0x08003dd4   Section        0  sys_exit.o(.text)
    .text                                    0x08003de0   Section        2  use_no_semi.o(.text)
    .text                                    0x08003de2   Section        0  indicate_semi.o(.text)
    x$fpl$d2f                                0x08003de4   Section       98  d2f.o(x$fpl$d2f)
    x$fpl$dadd                               0x08003e48   Section      336  daddsub_clz.o(x$fpl$dadd)
    _dadd1                                   0x08003e59   Thumb Code     0  daddsub_clz.o(x$fpl$dadd)
    x$fpl$dflt                               0x08003f98   Section       46  dflt_clz.o(x$fpl$dflt)
    x$fpl$dfltu                              0x08003fc6   Section       38  dflt_clz.o(x$fpl$dfltu)
    x$fpl$dmul                               0x08003fec   Section      340  dmul.o(x$fpl$dmul)
    x$fpl$dnaninf                            0x08004140   Section      156  dnaninf.o(x$fpl$dnaninf)
    x$fpl$dretinf                            0x080041dc   Section       12  dretinf.o(x$fpl$dretinf)
    x$fpl$dsub                               0x080041e8   Section      476  daddsub_clz.o(x$fpl$dsub)
    _dsub1                                   0x080041f9   Thumb Code     0  daddsub_clz.o(x$fpl$dsub)
    x$fpl$f2d                                0x080043c4   Section       86  f2d.o(x$fpl$f2d)
    x$fpl$fadd                               0x0800441c   Section      196  faddsub_clz.o(x$fpl$fadd)
    _fadd1                                   0x0800442b   Thumb Code     0  faddsub_clz.o(x$fpl$fadd)
    x$fpl$fcmp                               0x080044e0   Section       84  fcmp.o(x$fpl$fcmp)
    x$fpl$fcmpinf                            0x08004534   Section       24  fcmpi.o(x$fpl$fcmpinf)
    _fdiv1                                   0x0800454d   Thumb Code     0  fdiv.o(x$fpl$fdiv)
    x$fpl$fdiv                               0x0800454c   Section      388  fdiv.o(x$fpl$fdiv)
    x$fpl$feqf                               0x080046d0   Section      104  feqf.o(x$fpl$feqf)
    x$fpl$ffix                               0x08004738   Section       54  ffix.o(x$fpl$ffix)
    x$fpl$fflt                               0x08004770   Section       48  fflt_clz.o(x$fpl$fflt)
    x$fpl$ffltu                              0x080047a0   Section       38  fflt_clz.o(x$fpl$ffltu)
    x$fpl$fgeqf                              0x080047c8   Section      104  fgeqf.o(x$fpl$fgeqf)
    x$fpl$fleqf                              0x08004830   Section      104  fleqf.o(x$fpl$fleqf)
    x$fpl$fmul                               0x08004898   Section      258  fmul.o(x$fpl$fmul)
    x$fpl$fnaninf                            0x0800499a   Section      140  fnaninf.o(x$fpl$fnaninf)
    x$fpl$fretinf                            0x08004a26   Section       10  fretinf.o(x$fpl$fretinf)
    x$fpl$fsub                               0x08004a30   Section      234  faddsub_clz.o(x$fpl$fsub)
    _fsub1                                   0x08004a3f   Thumb Code     0  faddsub_clz.o(x$fpl$fsub)
    .L__const.rcu_clock_freq_get.apb2_exp    0x08004b1a   Data           8  gd32f10x_rcu.o(.rodata.cst8)
    x$fpl$usenofp                            0x08004b1a   Section        0  usenofp.o(x$fpl$usenofp)
    .bss                                     0x20000010   Section       96  libspace.o(.bss)
    sMasterSlaveRecord                       0x200000d8   Data           1  commsmasterslave.o(.bss.sMasterSlaveRecord)
    [Anonymous Symbol]                       0x200000d8   Section        0  commsmasterslave.o(.bss.sMasterSlaveRecord)
    sSteerRecord                             0x200000d9   Data           1  commssteering.o(.bss.sSteerRecord)
    [Anonymous Symbol]                       0x200000d9   Section        0  commssteering.o(.bss.sSteerRecord)
    sUSARTMasterSlaveRecordBuffer            0x200000da   Data           5  commsmasterslave.o(.bss.sUSARTMasterSlaveRecordBuffer)
    [Anonymous Symbol]                       0x200000da   Section        0  commsmasterslave.o(.bss.sUSARTMasterSlaveRecordBuffer)
    sUSARTMasterSlaveRecordBufferCounter     0x200000df   Data           1  commsmasterslave.o(.bss.sUSARTMasterSlaveRecordBufferCounter)
    [Anonymous Symbol]                       0x200000df   Section        0  commsmasterslave.o(.bss.sUSARTMasterSlaveRecordBufferCounter)
    sUSARTSteerRecordBuffer                  0x200000e0   Data           8  commssteering.o(.bss.sUSARTSteerRecordBuffer)
    [Anonymous Symbol]                       0x200000e0   Section        0  commssteering.o(.bss.sUSARTSteerRecordBuffer)
    sUSARTSteerRecordBufferCounter           0x200000e8   Data           1  commssteering.o(.bss.sUSARTSteerRecordBufferCounter)
    [Anonymous Symbol]                       0x200000e8   Section        0  commssteering.o(.bss.sUSARTSteerRecordBufferCounter)
    Heap_Mem                                 0x20000140   Data        8192  startup_gd32f10x_hd.o(HEAP)
    HEAP                                     0x20000140   Section     8192  startup_gd32f10x_hd.o(HEAP)
    Stack_Mem                                0x20002140   Data        8192  startup_gd32f10x_hd.o(STACK)
    STACK                                    0x20002140   Section     8192  startup_gd32f10x_hd.o(STACK)
    __initial_sp                             0x20004140   Data           0  startup_gd32f10x_hd.o(STACK)

    Global Symbols

    Symbol Name                              Value     Ov Type        Size  Object(Section)

    BuildAttributes$$THM_ISAv4$P$D$K$B$S$PE$A:L22UL41UL21$X:L11$S22US41US21$IEEE1$IW$~IW$USESV6$~STKCKD$USESV7$~SHL$OTIME$ROPI$IEEEX$EBA8$UX$STANDARDLIB$REQ8$PRES8$EABIv2 0x00000000   Number         0  anon$$obj.o ABSOLUTE
    __fp_init_empty                          0x00000000   Number         0  fpinit_empty.o ABSOLUTE
    __ARM_exceptions_init                     - Undefined Weak Reference
    __alloca_initialize                       - Undefined Weak Reference
    __arm_preinit_                            - Undefined Weak Reference
    __arm_relocate_pie_                       - Undefined Weak Reference
    __cpp_initialize__aeabi_                  - Undefined Weak Reference
    __cxa_finalize                            - Undefined Weak Reference
    __rt_locale                               - Undefined Weak Reference
    __sigvec_lookup                           - Undefined Weak Reference
    _atexit_init                              - Undefined Weak Reference
    _call_atexit_fns                          - Undefined Weak Reference
    _clock_init                               - Undefined Weak Reference
    _fp_trap_init                             - Undefined Weak Reference
    _fp_trap_shutdown                         - Undefined Weak Reference
    _get_lc_collate                           - Undefined Weak Reference
    _get_lc_ctype                             - Undefined Weak Reference
    _get_lc_monetary                          - Undefined Weak Reference
    _get_lc_numeric                           - Undefined Weak Reference
    _get_lc_time                              - Undefined Weak Reference
    _getenv_init                              - Undefined Weak Reference
    _handle_redirection                       - Undefined Weak Reference
    _init_alloc                               - Undefined Weak Reference
    _init_user_alloc                          - Undefined Weak Reference
    _initio                                   - Undefined Weak Reference
    _rand_init                                - Undefined Weak Reference
    _signal_finish                            - Undefined Weak Reference
    _signal_init                              - Undefined Weak Reference
    _terminate_alloc                          - Undefined Weak Reference
    _terminate_user_alloc                     - Undefined Weak Reference
    _terminateio                              - Undefined Weak Reference
    __Vectors_Size                           0x00000130   Number         0  startup_gd32f10x_hd.o ABSOLUTE
    __Vectors                                0x08000000   Data           4  startup_gd32f10x_hd.o(RESET)
    __Vectors_End                            0x08000130   Data           0  startup_gd32f10x_hd.o(RESET)
    __main                                   0x08000131   Thumb Code     8  __main.o(!!!main)
    __scatterload                            0x08000139   Thumb Code     0  __scatter.o(!!!scatter)
    __scatterload_rt2                        0x08000139   Thumb Code    84  __scatter.o(!!!scatter)
    __scatterload_rt2_thumb_only             0x08000139   Thumb Code     0  __scatter.o(!!!scatter)
    __scatterload_loop                       0x08000143   Thumb Code     0  __scatter.o(!!!scatter)
    __scatterload_copy                       0x08000195   Thumb Code    26  __scatter_copy.o(!!handler_copy)
    __scatterload_null                       0x080001b1   Thumb Code     2  __scatter.o(!!handler_null)
    __scatterload_zeroinit                   0x080001b5   Thumb Code    28  __scatter_zi.o(!!handler_zi)
    __rt_lib_init                            0x080001d1   Thumb Code     0  libinit.o(.ARM.Collect$$libinit$$00000000)
    __rt_lib_init_alloca_1                   0x080001d3   Thumb Code     0  libinit2.o(.ARM.Collect$$libinit$$00000030)
    __rt_lib_init_argv_1                     0x080001d3   Thumb Code     0  libinit2.o(.ARM.Collect$$libinit$$0000002E)
    __rt_lib_init_atexit_1                   0x080001d3   Thumb Code     0  libinit2.o(.ARM.Collect$$libinit$$0000001D)
    __rt_lib_init_clock_1                    0x080001d3   Thumb Code     0  libinit2.o(.ARM.Collect$$libinit$$00000023)
    __rt_lib_init_cpp_1                      0x080001d3   Thumb Code     0  libinit2.o(.ARM.Collect$$libinit$$00000034)
    __rt_lib_init_exceptions_1               0x080001d3   Thumb Code     0  libinit2.o(.ARM.Collect$$libinit$$00000032)
    __rt_lib_init_fp_1                       0x080001d3   Thumb Code     0  libinit2.o(.ARM.Collect$$libinit$$00000002)
    __rt_lib_init_fp_trap_1                  0x080001d3   Thumb Code     0  libinit2.o(.ARM.Collect$$libinit$$00000021)
    __rt_lib_init_getenv_1                   0x080001d3   Thumb Code     0  libinit2.o(.ARM.Collect$$libinit$$00000025)
    __rt_lib_init_heap_1                     0x080001d3   Thumb Code     0  libinit2.o(.ARM.Collect$$libinit$$0000000C)
    __rt_lib_init_lc_collate_1               0x080001d3   Thumb Code     0  libinit2.o(.ARM.Collect$$libinit$$00000013)
    __rt_lib_init_lc_ctype_1                 0x080001d3   Thumb Code     0  libinit2.o(.ARM.Collect$$libinit$$00000015)
    __rt_lib_init_lc_monetary_1              0x080001d3   Thumb Code     0  libinit2.o(.ARM.Collect$$libinit$$00000017)
    __rt_lib_init_lc_numeric_1               0x080001d3   Thumb Code     0  libinit2.o(.ARM.Collect$$libinit$$00000019)
    __rt_lib_init_lc_time_1                  0x080001d3   Thumb Code     0  libinit2.o(.ARM.Collect$$libinit$$0000001B)
    __rt_lib_init_preinit_1                  0x080001d3   Thumb Code     0  libinit2.o(.ARM.Collect$$libinit$$00000006)
    __rt_lib_init_rand_1                     0x080001d3   Thumb Code     0  libinit2.o(.ARM.Collect$$libinit$$00000010)
    __rt_lib_init_relocate_pie_1             0x080001d3   Thumb Code     0  libinit2.o(.ARM.Collect$$libinit$$00000004)
    __rt_lib_init_return                     0x080001d3   Thumb Code     0  libinit2.o(.ARM.Collect$$libinit$$00000035)
    __rt_lib_init_signal_1                   0x080001d3   Thumb Code     0  libinit2.o(.ARM.Collect$$libinit$$0000001F)
    __rt_lib_init_stdio_1                    0x080001d3   Thumb Code     0  libinit2.o(.ARM.Collect$$libinit$$00000027)
    __rt_lib_init_user_alloc_1               0x080001d3   Thumb Code     0  libinit2.o(.ARM.Collect$$libinit$$0000000E)
    __rt_lib_shutdown                        0x080001d5   Thumb Code     0  libshutdown.o(.ARM.Collect$$libshutdown$$00000000)
    __rt_lib_shutdown_cpp_1                  0x080001d7   Thumb Code     0  libshutdown2.o(.ARM.Collect$$libshutdown$$00000002)
    __rt_lib_shutdown_fp_trap_1              0x080001d7   Thumb Code     0  libshutdown2.o(.ARM.Collect$$libshutdown$$00000007)
    __rt_lib_shutdown_heap_1                 0x080001d7   Thumb Code     0  libshutdown2.o(.ARM.Collect$$libshutdown$$0000000F)
    __rt_lib_shutdown_return                 0x080001d7   Thumb Code     0  libshutdown2.o(.ARM.Collect$$libshutdown$$00000010)
    __rt_lib_shutdown_signal_1               0x080001d7   Thumb Code     0  libshutdown2.o(.ARM.Collect$$libshutdown$$0000000A)
    __rt_lib_shutdown_stdio_1                0x080001d7   Thumb Code     0  libshutdown2.o(.ARM.Collect$$libshutdown$$00000004)
    __rt_lib_shutdown_user_alloc_1           0x080001d7   Thumb Code     0  libshutdown2.o(.ARM.Collect$$libshutdown$$0000000C)
    __rt_entry                               0x080001d9   Thumb Code     0  __rtentry.o(.ARM.Collect$$rtentry$$00000000)
    __rt_entry_presh_1                       0x080001d9   Thumb Code     0  __rtentry2.o(.ARM.Collect$$rtentry$$00000002)
    __rt_entry_sh                            0x080001d9   Thumb Code     0  __rtentry4.o(.ARM.Collect$$rtentry$$00000004)
    __rt_entry_li                            0x080001df   Thumb Code     0  __rtentry2.o(.ARM.Collect$$rtentry$$0000000A)
    __rt_entry_postsh_1                      0x080001df   Thumb Code     0  __rtentry2.o(.ARM.Collect$$rtentry$$00000009)
    __rt_entry_main                          0x080001e3   Thumb Code     0  __rtentry2.o(.ARM.Collect$$rtentry$$0000000D)
    __rt_entry_postli_1                      0x080001e3   Thumb Code     0  __rtentry2.o(.ARM.Collect$$rtentry$$0000000C)
    __rt_exit                                0x080001eb   Thumb Code     0  rtexit.o(.ARM.Collect$$rtexit$$00000000)
    __rt_exit_ls                             0x080001ed   Thumb Code     0  rtexit2.o(.ARM.Collect$$rtexit$$00000003)
    __rt_exit_prels_1                        0x080001ed   Thumb Code     0  rtexit2.o(.ARM.Collect$$rtexit$$00000002)
    __rt_exit_exit                           0x080001f1   Thumb Code     0  rtexit2.o(.ARM.Collect$$rtexit$$00000004)
    main                                     0x080001f9   Thumb Code   858  main.o(.text)
    ShowBatteryState                         0x08000555   Thumb Code    56  main.o(.text)
    BeepsBackwards                           0x0800058d   Thumb Code    60  main.o(.text)
    ShutOff                                  0x080005c9   Thumb Code     2  main.o(.text)
    SetEnable                                0x080005cd   Thumb Code    12  bldc.o(.text)
    SetPWM                                   0x080005d9   Thumb Code    38  bldc.o(.text)
    CalculateBLDC                            0x08000601   Thumb Code   836  bldc.o(.text)
    Interrupt_init                           0x08000945   Thumb Code     8  setup.o(.text)
    Watchdog_init                            0x0800094d   Thumb Code    44  setup.o(.text)
    TimeoutTimer_init                        0x08000979   Thumb Code    94  setup.o(.text)
    GPIO_init                                0x080009d9   Thumb Code   366  setup.o(.text)
    PWM_init                                 0x08000b49   Thumb Code   370  setup.o(.text)
    ADC_init_Poll                            0x08000cbd   Thumb Code   114  setup.o(.text)
    ADC_init                                 0x08000d31   Thumb Code   282  setup.o(.text)
    USART_MasterSlave_init                   0x08000e4d   Thumb Code   244  setup.o(.text)
    USART_Steer_COM_init                     0x08000f41   Thumb Code   220  setup.o(.text)
    SysTick_Handler                          0x0800101d   Thumb Code    16  it.o(.text)
    ResetTimeout                             0x0800102d   Thumb Code    14  it.o(.text)
    TIMER3_IRQHandler                        0x0800103d   Thumb Code    96  it.o(.text)
    TIMER0_UP_IRQHandler                     0x0800109d   Thumb Code    32  it.o(.text)
    DMA0_Channel0_IRQHandler                 0x080010bd   Thumb Code    42  it.o(.text)
    DMA_Channel1_2_IRQHandler                0x080010e9   Thumb Code    42  it.o(.text)
    DMA_Channel3_4_IRQHandler                0x08001115   Thumb Code    42  it.o(.text)
    millis                                   0x08001141   Thumb Code    12  it.o(.text)
    Delay                                    0x0800114d   Thumb Code    60  it.o(.text)
    NMI_Handler                              0x08001189   Thumb Code     2  it.o(.text)
    HardFault_Handler                        0x0800118d   Thumb Code     2  it.o(.text)
    MemManage_Handler                        0x08001191   Thumb Code     2  it.o(.text)
    BusFault_Handler                         0x08001195   Thumb Code     2  it.o(.text)
    UsageFault_Handler                       0x08001199   Thumb Code     2  it.o(.text)
    SVC_Handler                              0x0800119d   Thumb Code     2  it.o(.text)
    DebugMon_Handler                         0x080011a1   Thumb Code     2  it.o(.text)
    PendSV_Handler                           0x080011a5   Thumb Code     2  it.o(.text)
    SendBuffer                               0x080011a9   Thumb Code    54  comms.o(.text)
    CalcCRC                                  0x080011e1   Thumb Code   372  comms.o(.text)
    SendSteerDevice                          0x08001355   Thumb Code    34  commssteering.o(.text)
    UpdateUSARTSteerInput                    0x08001379   Thumb Code   172  commssteering.o(.text)
    CheckUSARTSteerInput                     0x08001425   Thumb Code    84  commssteering.o(.text)
    UpdateUSARTMasterSlaveInput              0x08001479   Thumb Code   150  commsmasterslave.o(.text)
    CheckUSARTMasterSlaveInput               0x08001511   Thumb Code    60  commsmasterslave.o(.text)
    SendSlave                                0x0800154d   Thumb Code   126  commsmasterslave.o(.text)
    adc_deinit                               0x080015cd   Thumb Code    72  gd32f10x_adc.o(.text)
    adc_mode_config                          0x08001615   Thumb Code    24  gd32f10x_adc.o(.text)
    adc_special_function_config              0x0800162d   Thumb Code    90  gd32f10x_adc.o(.text)
    adc_data_alignment_config                0x08001689   Thumb Code    18  gd32f10x_adc.o(.text)
    adc_enable                               0x0800169d   Thumb Code    18  gd32f10x_adc.o(.text)
    adc_disable                              0x080016b1   Thumb Code    10  gd32f10x_adc.o(.text)
    adc_calibration_enable                   0x080016bd   Thumb Code    74  gd32f10x_adc.o(.text)
    adc_tempsensor_vrefint_enable            0x08001709   Thumb Code    18  gd32f10x_adc.o(.text)
    adc_tempsensor_vrefint_disable           0x0800171d   Thumb Code    18  gd32f10x_adc.o(.text)
    adc_dma_mode_enable                      0x08001731   Thumb Code    10  gd32f10x_adc.o(.text)
    adc_dma_mode_disable                     0x0800173d   Thumb Code    10  gd32f10x_adc.o(.text)
    adc_discontinuous_mode_config            0x08001749   Thumb Code    60  gd32f10x_adc.o(.text)
    adc_channel_length_config                0x08001785   Thumb Code    58  gd32f10x_adc.o(.text)
    adc_regular_channel_config               0x080017c1   Thumb Code   164  gd32f10x_adc.o(.text)
    adc_inserted_channel_config              0x08001865   Thumb Code   100  gd32f10x_adc.o(.text)
    adc_inserted_channel_offset_config       0x080018c9   Thumb Code    26  gd32f10x_adc.o(.text)
    adc_external_trigger_source_config       0x080018e5   Thumb Code    34  gd32f10x_adc.o(.text)
    adc_external_trigger_config              0x08001909   Thumb Code    62  gd32f10x_adc.o(.text)
    adc_software_trigger_enable              0x08001949   Thumb Code    28  gd32f10x_adc.o(.text)
    adc_regular_data_read                    0x08001965   Thumb Code     6  gd32f10x_adc.o(.text)
    adc_inserted_data_read                   0x0800196d   Thumb Code    20  gd32f10x_adc.o(.text)
    adc_sync_mode_convert_value_read         0x08001981   Thumb Code    12  gd32f10x_adc.o(.text)
    adc_watchdog_single_channel_enable       0x0800198d   Thumb Code    34  gd32f10x_adc.o(.text)
    adc_watchdog_group_channel_enable        0x080019b1   Thumb Code    40  gd32f10x_adc.o(.text)
    adc_watchdog_disable                     0x080019e5   Thumb Code    16  gd32f10x_adc.o(.text)
    adc_watchdog_threshold_config            0x080019f5   Thumb Code    14  gd32f10x_adc.o(.text)
    adc_flag_get                             0x08001a05   Thumb Code    10  gd32f10x_adc.o(.text)
    adc_flag_clear                           0x08001a11   Thumb Code    10  gd32f10x_adc.o(.text)
    adc_regular_software_startconv_flag_get  0x08001a1d   Thumb Code     8  gd32f10x_adc.o(.text)
    adc_inserted_software_startconv_flag_get 0x08001a25   Thumb Code     8  gd32f10x_adc.o(.text)
    adc_interrupt_flag_get                   0x08001a2d   Thumb Code    48  gd32f10x_adc.o(.text)
    adc_interrupt_flag_clear                 0x08001a5d   Thumb Code    10  gd32f10x_adc.o(.text)
    adc_interrupt_enable                     0x08001a69   Thumb Code    40  gd32f10x_adc.o(.text)
    adc_interrupt_disable                    0x08001a91   Thumb Code    40  gd32f10x_adc.o(.text)
    dma_deinit                               0x08001ab9   Thumb Code    60  gd32f10x_dma.o(.text)
    dma_struct_para_init                     0x08001af5   Thumb Code    20  gd32f10x_dma.o(.text)
    dma_init                                 0x08001b09   Thumb Code   116  gd32f10x_dma.o(.text)
    dma_circulation_enable                   0x08001b7d   Thumb Code    36  gd32f10x_dma.o(.text)
    dma_circulation_disable                  0x08001ba1   Thumb Code    36  gd32f10x_dma.o(.text)
    dma_memory_to_memory_enable              0x08001bc5   Thumb Code    36  gd32f10x_dma.o(.text)
    dma_memory_to_memory_disable             0x08001be9   Thumb Code    36  gd32f10x_dma.o(.text)
    dma_channel_enable                       0x08001c0d   Thumb Code    36  gd32f10x_dma.o(.text)
    dma_channel_disable                      0x08001c31   Thumb Code    36  gd32f10x_dma.o(.text)
    dma_periph_address_config                0x08001c55   Thumb Code    30  gd32f10x_dma.o(.text)
    dma_memory_address_config                0x08001c75   Thumb Code    30  gd32f10x_dma.o(.text)
    dma_transfer_number_config               0x08001c95   Thumb Code    32  gd32f10x_dma.o(.text)
    dma_transfer_number_get                  0x08001cb5   Thumb Code    30  gd32f10x_dma.o(.text)
    dma_priority_config                      0x08001cd5   Thumb Code    38  gd32f10x_dma.o(.text)
    dma_memory_width_config                  0x08001cfd   Thumb Code    38  gd32f10x_dma.o(.text)
    dma_periph_width_config                  0x08001d25   Thumb Code    38  gd32f10x_dma.o(.text)
    dma_memory_increase_enable               0x08001d4d   Thumb Code    36  gd32f10x_dma.o(.text)
    dma_memory_increase_disable              0x08001d71   Thumb Code    36  gd32f10x_dma.o(.text)
    dma_periph_increase_enable               0x08001d95   Thumb Code    36  gd32f10x_dma.o(.text)
    dma_periph_increase_disable              0x08001db9   Thumb Code    36  gd32f10x_dma.o(.text)
    dma_transfer_direction_config            0x08001ddd   Thumb Code    42  gd32f10x_dma.o(.text)
    dma_flag_get                             0x08001e09   Thumb Code    16  gd32f10x_dma.o(.text)
    dma_flag_clear                           0x08001e19   Thumb Code    14  gd32f10x_dma.o(.text)
    dma_interrupt_flag_get                   0x08001e29   Thumb Code    58  gd32f10x_dma.o(.text)
    dma_interrupt_flag_clear                 0x08001e65   Thumb Code    14  gd32f10x_dma.o(.text)
    dma_interrupt_enable                     0x08001e75   Thumb Code    34  gd32f10x_dma.o(.text)
    dma_interrupt_disable                    0x08001e99   Thumb Code    34  gd32f10x_dma.o(.text)
    fwdgt_write_enable                       0x08001ebd   Thumb Code    16  gd32f10x_fwdgt.o(.text)
    fwdgt_write_disable                      0x08001ecd   Thumb Code    14  gd32f10x_fwdgt.o(.text)
    fwdgt_enable                             0x08001edd   Thumb Code    16  gd32f10x_fwdgt.o(.text)
    fwdgt_counter_reload                     0x08001eed   Thumb Code    16  gd32f10x_fwdgt.o(.text)
    fwdgt_config                             0x08001efd   Thumb Code   194  gd32f10x_fwdgt.o(.text)
    fwdgt_flag_get                           0x08001fc1   Thumb Code    18  gd32f10x_fwdgt.o(.text)
    gpio_deinit                              0x08001fd5   Thumb Code    42  gd32f10x_gpio.o(.text)
    gpio_afio_deinit                         0x08002001   Thumb Code    22  gd32f10x_gpio.o(.text)
    gpio_init                                0x08002019   Thumb Code   688  gd32f10x_gpio.o(.text)
    gpio_bit_set                             0x080022c9   Thumb Code     4  gd32f10x_gpio.o(.text)
    gpio_bit_reset                           0x080022cd   Thumb Code     4  gd32f10x_gpio.o(.text)
    gpio_bit_write                           0x080022d1   Thumb Code    12  gd32f10x_gpio.o(.text)
    gpio_port_write                          0x080022dd   Thumb Code     4  gd32f10x_gpio.o(.text)
    gpio_input_bit_get                       0x080022e1   Thumb Code    10  gd32f10x_gpio.o(.text)
    gpio_input_port_get                      0x080022ed   Thumb Code     6  gd32f10x_gpio.o(.text)
    gpio_output_bit_get                      0x080022f5   Thumb Code    10  gd32f10x_gpio.o(.text)
    gpio_output_port_get                     0x08002301   Thumb Code     6  gd32f10x_gpio.o(.text)
    gpio_pin_remap_config                    0x08002309   Thumb Code   128  gd32f10x_gpio.o(.text)
    gpio_exti_source_select                  0x08002389   Thumb Code    72  gd32f10x_gpio.o(.text)
    gpio_event_output_config                 0x080023d1   Thumb Code    22  gd32f10x_gpio.o(.text)
    gpio_event_output_enable                 0x080023e9   Thumb Code    16  gd32f10x_gpio.o(.text)
    gpio_event_output_disable                0x080023f9   Thumb Code    16  gd32f10x_gpio.o(.text)
    gpio_pin_lock                            0x08002409   Thumb Code    16  gd32f10x_gpio.o(.text)
    nvic_priority_group_set                  0x08002419   Thumb Code    20  gd32f10x_misc.o(.text)
    nvic_irq_enable                          0x0800242d   Thumb Code   100  gd32f10x_misc.o(.text)
    nvic_irq_disable                         0x08002491   Thumb Code    28  gd32f10x_misc.o(.text)
    nvic_vector_table_set                    0x080024ad   Thumb Code    24  gd32f10x_misc.o(.text)
    system_lowpower_set                      0x080024c5   Thumb Code    16  gd32f10x_misc.o(.text)
    system_lowpower_reset                    0x080024d5   Thumb Code    18  gd32f10x_misc.o(.text)
    systick_clksource_set                    0x080024e9   Thumb Code    24  gd32f10x_misc.o(.text)
    rcu_deinit                               0x08002501   Thumb Code   100  gd32f10x_rcu.o(.text)
    rcu_osci_stab_wait                       0x08002565   Thumb Code   300  gd32f10x_rcu.o(.text)
    rcu_periph_clock_enable                  0x08002691   Thumb Code    30  gd32f10x_rcu.o(.text)
    rcu_periph_clock_disable                 0x080026b1   Thumb Code    32  gd32f10x_rcu.o(.text)
    rcu_periph_clock_sleep_enable            0x080026d1   Thumb Code    30  gd32f10x_rcu.o(.text)
    rcu_periph_clock_sleep_disable           0x080026f1   Thumb Code    32  gd32f10x_rcu.o(.text)
    rcu_periph_reset_enable                  0x08002711   Thumb Code    30  gd32f10x_rcu.o(.text)
    rcu_periph_reset_disable                 0x08002731   Thumb Code    32  gd32f10x_rcu.o(.text)
    rcu_bkp_reset_enable                     0x08002751   Thumb Code    18  gd32f10x_rcu.o(.text)
    rcu_bkp_reset_disable                    0x08002765   Thumb Code    18  gd32f10x_rcu.o(.text)
    rcu_system_clock_source_config           0x08002779   Thumb Code    20  gd32f10x_rcu.o(.text)
    rcu_system_clock_source_get              0x0800278d   Thumb Code    16  gd32f10x_rcu.o(.text)
    rcu_ahb_clock_config                     0x0800279d   Thumb Code    20  gd32f10x_rcu.o(.text)
    rcu_apb1_clock_config                    0x080027b1   Thumb Code    20  gd32f10x_rcu.o(.text)
    rcu_apb2_clock_config                    0x080027c5   Thumb Code    20  gd32f10x_rcu.o(.text)
    rcu_ckout0_config                        0x080027d9   Thumb Code    20  gd32f10x_rcu.o(.text)
    rcu_pll_config                           0x080027ed   Thumb Code    32  gd32f10x_rcu.o(.text)
    rcu_predv0_config                        0x0800280d   Thumb Code    26  gd32f10x_rcu.o(.text)
    rcu_adc_clock_config                     0x08002829   Thumb Code    64  gd32f10x_rcu.o(.text)
    rcu_usb_clock_config                     0x08002869   Thumb Code    20  gd32f10x_rcu.o(.text)
    rcu_rtc_clock_config                     0x0800287d   Thumb Code    20  gd32f10x_rcu.o(.text)
    rcu_flag_get                             0x08002891   Thumb Code    26  gd32f10x_rcu.o(.text)
    rcu_all_reset_flag_clear                 0x080028ad   Thumb Code    18  gd32f10x_rcu.o(.text)
    rcu_interrupt_flag_get                   0x080028c1   Thumb Code    26  gd32f10x_rcu.o(.text)
    rcu_interrupt_flag_clear                 0x080028dd   Thumb Code    30  gd32f10x_rcu.o(.text)
    rcu_interrupt_enable                     0x080028fd   Thumb Code    30  gd32f10x_rcu.o(.text)
    rcu_interrupt_disable                    0x0800291d   Thumb Code    32  gd32f10x_rcu.o(.text)
    rcu_osci_on                              0x0800293d   Thumb Code    30  gd32f10x_rcu.o(.text)
    rcu_osci_off                             0x0800295d   Thumb Code    32  gd32f10x_rcu.o(.text)
    rcu_osci_bypass_mode_enable              0x0800297d   Thumb Code    56  gd32f10x_rcu.o(.text)
    rcu_osci_bypass_mode_disable             0x080029b5   Thumb Code    56  gd32f10x_rcu.o(.text)
    rcu_hxtal_clock_monitor_enable           0x080029ed   Thumb Code    18  gd32f10x_rcu.o(.text)
    rcu_hxtal_clock_monitor_disable          0x08002a01   Thumb Code    18  gd32f10x_rcu.o(.text)
    rcu_irc8m_adjust_value_set               0x08002a15   Thumb Code    18  gd32f10x_rcu.o(.text)
    rcu_deepsleep_voltage_set                0x08002a29   Thumb Code    16  gd32f10x_rcu.o(.text)
    rcu_clock_freq_get                       0x08002a39   Thumb Code   156  gd32f10x_rcu.o(.text)
    timer_deinit                             0x08002ae5   Thumb Code   194  gd32f10x_timer.o(.text)
    timer_struct_para_init                   0x08002ba9   Thumb Code    18  gd32f10x_timer.o(.text)
    timer_init                               0x08002bbd   Thumb Code   288  gd32f10x_timer.o(.text)
    timer_enable                             0x08002cdd   Thumb Code    10  gd32f10x_timer.o(.text)
    timer_disable                            0x08002ce9   Thumb Code    10  gd32f10x_timer.o(.text)
    timer_auto_reload_shadow_enable          0x08002cf5   Thumb Code    10  gd32f10x_timer.o(.text)
    timer_auto_reload_shadow_disable         0x08002d01   Thumb Code    10  gd32f10x_timer.o(.text)
    timer_update_event_enable                0x08002d0d   Thumb Code    10  gd32f10x_timer.o(.text)
    timer_update_event_disable               0x08002d19   Thumb Code    10  gd32f10x_timer.o(.text)
    timer_counter_alignment                  0x08002d25   Thumb Code    16  gd32f10x_timer.o(.text)
    timer_counter_up_direction               0x08002d35   Thumb Code    10  gd32f10x_timer.o(.text)
    timer_counter_down_direction             0x08002d41   Thumb Code    10  gd32f10x_timer.o(.text)
    timer_prescaler_config                   0x08002d4d   Thumb Code    18  gd32f10x_timer.o(.text)
    timer_repetition_value_config            0x08002d61   Thumb Code     4  gd32f10x_timer.o(.text)
    timer_autoreload_value_config            0x08002d65   Thumb Code     4  gd32f10x_timer.o(.text)
    timer_counter_value_config               0x08002d69   Thumb Code     4  gd32f10x_timer.o(.text)
    timer_counter_read                       0x08002d6d   Thumb Code     4  gd32f10x_timer.o(.text)
    timer_prescaler_read                     0x08002d71   Thumb Code     6  gd32f10x_timer.o(.text)
    timer_single_pulse_mode_config           0x08002d79   Thumb Code    28  gd32f10x_timer.o(.text)
    timer_update_source_config               0x08002d95   Thumb Code    28  gd32f10x_timer.o(.text)
    timer_dma_enable                         0x08002db1   Thumb Code     8  gd32f10x_timer.o(.text)
    timer_dma_disable                        0x08002db9   Thumb Code    10  gd32f10x_timer.o(.text)
    timer_channel_dma_request_source_select  0x08002dc5   Thumb Code    28  gd32f10x_timer.o(.text)
    timer_dma_transfer_config                0x08002de1   Thumb Code    24  gd32f10x_timer.o(.text)
    timer_event_software_generate            0x08002df9   Thumb Code     8  gd32f10x_timer.o(.text)
    timer_break_struct_para_init             0x08002e01   Thumb Code    12  gd32f10x_timer.o(.text)
    timer_break_config                       0x08002e0d   Thumb Code    38  gd32f10x_timer.o(.text)
    timer_break_enable                       0x08002e35   Thumb Code    10  gd32f10x_timer.o(.text)
    timer_break_disable                      0x08002e41   Thumb Code    10  gd32f10x_timer.o(.text)
    timer_automatic_output_enable            0x08002e4d   Thumb Code    10  gd32f10x_timer.o(.text)
    timer_automatic_output_disable           0x08002e59   Thumb Code    10  gd32f10x_timer.o(.text)
    timer_primary_output_config              0x08002e65   Thumb Code    18  gd32f10x_timer.o(.text)
    timer_channel_control_shadow_config      0x08002e79   Thumb Code    16  gd32f10x_timer.o(.text)
    timer_channel_control_shadow_update_config 0x08002e89   Thumb Code    30  gd32f10x_timer.o(.text)
    timer_channel_output_struct_para_init    0x08002ea9   Thumb Code    10  gd32f10x_timer.o(.text)
    timer_channel_output_config              0x08002eb5   Thumb Code   532  gd32f10x_timer.o(.text)
    timer_channel_output_mode_config         0x080030c9   Thumb Code    56  gd32f10x_timer.o(.text)
    timer_channel_output_pulse_value_config  0x08003101   Thumb Code    16  gd32f10x_timer.o(.text)
    timer_channel_output_shadow_config       0x08003111   Thumb Code    56  gd32f10x_timer.o(.text)
    timer_channel_output_fast_config         0x08003149   Thumb Code    56  gd32f10x_timer.o(.text)
    timer_channel_output_clear_config        0x08003181   Thumb Code    56  gd32f10x_timer.o(.text)
    timer_channel_output_polarity_config     0x080031b9   Thumb Code    68  gd32f10x_timer.o(.text)
    timer_channel_complementary_output_polarity_config 0x080031fd   Thumb Code    56  gd32f10x_timer.o(.text)
    timer_channel_output_state_config        0x08003235   Thumb Code    68  gd32f10x_timer.o(.text)
    timer_channel_complementary_output_state_config 0x08003279   Thumb Code    56  gd32f10x_timer.o(.text)
    timer_channel_input_struct_para_init     0x080032b1   Thumb Code    12  gd32f10x_timer.o(.text)
    timer_input_capture_config               0x080032bd   Thumb Code   354  gd32f10x_timer.o(.text)
    timer_channel_input_capture_prescaler_config 0x08003421   Thumb Code    56  gd32f10x_timer.o(.text)
    timer_channel_capture_value_register_read 0x08003459   Thumb Code    18  gd32f10x_timer.o(.text)
    timer_input_pwm_capture_config           0x0800346d   Thumb Code   354  gd32f10x_timer.o(.text)
    timer_hall_mode_config                   0x080035d1   Thumb Code    28  gd32f10x_timer.o(.text)
    timer_input_trigger_source_select        0x080035ed   Thumb Code    16  gd32f10x_timer.o(.text)
    timer_master_output_trigger_source_select 0x080035fd   Thumb Code    16  gd32f10x_timer.o(.text)
    timer_slave_mode_select                  0x0800360d   Thumb Code    16  gd32f10x_timer.o(.text)
    timer_master_slave_mode_config           0x0800361d   Thumb Code    28  gd32f10x_timer.o(.text)
    timer_external_trigger_config            0x08003639   Thumb Code    34  gd32f10x_timer.o(.text)
    timer_quadrature_decoder_mode_config     0x0800365d   Thumb Code    78  gd32f10x_timer.o(.text)
    timer_internal_clock_config              0x080036ad   Thumb Code    10  gd32f10x_timer.o(.text)
    timer_internal_trigger_as_external_clock_config 0x080036b9   Thumb Code    32  gd32f10x_timer.o(.text)
    timer_external_trigger_as_external_clock_config 0x080036d9   Thumb Code   172  gd32f10x_timer.o(.text)
    timer_external_clock_mode0_config        0x08003785   Thumb Code    50  gd32f10x_timer.o(.text)
    timer_external_clock_mode1_config        0x080037b9   Thumb Code    42  gd32f10x_timer.o(.text)
    timer_external_clock_mode1_disable       0x080037e5   Thumb Code    10  gd32f10x_timer.o(.text)
    timer_interrupt_enable                   0x080037f1   Thumb Code     8  gd32f10x_timer.o(.text)
    timer_interrupt_disable                  0x080037f9   Thumb Code    10  gd32f10x_timer.o(.text)
    timer_interrupt_flag_get                 0x08003805   Thumb Code    22  gd32f10x_timer.o(.text)
    timer_interrupt_flag_clear               0x0800381d   Thumb Code    10  gd32f10x_timer.o(.text)
    timer_flag_get                           0x08003829   Thumb Code    10  gd32f10x_timer.o(.text)
    timer_flag_clear                         0x08003835   Thumb Code    10  gd32f10x_timer.o(.text)
    usart_deinit                             0x08003841   Thumb Code   122  gd32f10x_usart.o(.text)
    usart_baudrate_set                       0x080038bd   Thumb Code   106  gd32f10x_usart.o(.text)
    usart_parity_config                      0x08003929   Thumb Code    16  gd32f10x_usart.o(.text)
    usart_word_length_set                    0x08003939   Thumb Code    16  gd32f10x_usart.o(.text)
    usart_stop_bit_set                       0x08003949   Thumb Code    16  gd32f10x_usart.o(.text)
    usart_enable                             0x08003959   Thumb Code    10  gd32f10x_usart.o(.text)
    usart_disable                            0x08003965   Thumb Code    10  gd32f10x_usart.o(.text)
    usart_transmit_config                    0x08003971   Thumb Code    12  gd32f10x_usart.o(.text)
    usart_receive_config                     0x0800397d   Thumb Code    12  gd32f10x_usart.o(.text)
    usart_data_transmit                      0x08003989   Thumb Code     8  gd32f10x_usart.o(.text)
    usart_data_receive                       0x08003991   Thumb Code     8  gd32f10x_usart.o(.text)
    usart_address_config                     0x08003999   Thumb Code    20  gd32f10x_usart.o(.text)
    usart_mute_mode_enable                   0x080039ad   Thumb Code    10  gd32f10x_usart.o(.text)
    usart_mute_mode_disable                  0x080039b9   Thumb Code    10  gd32f10x_usart.o(.text)
    usart_mute_mode_wakeup_config            0x080039c5   Thumb Code    16  gd32f10x_usart.o(.text)
    usart_lin_mode_enable                    0x080039d5   Thumb Code    10  gd32f10x_usart.o(.text)
    usart_lin_mode_disable                   0x080039e1   Thumb Code    10  gd32f10x_usart.o(.text)
    usart_lin_break_detection_length_config  0x080039ed   Thumb Code    20  gd32f10x_usart.o(.text)
    usart_send_break                         0x08003a01   Thumb Code    10  gd32f10x_usart.o(.text)
    usart_halfduplex_enable                  0x08003a0d   Thumb Code    10  gd32f10x_usart.o(.text)
    usart_halfduplex_disable                 0x08003a19   Thumb Code    10  gd32f10x_usart.o(.text)
    usart_synchronous_clock_enable           0x08003a25   Thumb Code    10  gd32f10x_usart.o(.text)
    usart_synchronous_clock_disable          0x08003a31   Thumb Code    10  gd32f10x_usart.o(.text)
    usart_synchronous_clock_config           0x08003a3d   Thumb Code    30  gd32f10x_usart.o(.text)
    usart_guard_time_config                  0x08003a5d   Thumb Code    20  gd32f10x_usart.o(.text)
    usart_smartcard_mode_enable              0x08003a71   Thumb Code    10  gd32f10x_usart.o(.text)
    usart_smartcard_mode_disable             0x08003a7d   Thumb Code    10  gd32f10x_usart.o(.text)
    usart_smartcard_mode_nack_enable         0x08003a89   Thumb Code    10  gd32f10x_usart.o(.text)
    usart_smartcard_mode_nack_disable        0x08003a95   Thumb Code    10  gd32f10x_usart.o(.text)
    usart_irda_mode_enable                   0x08003aa1   Thumb Code    10  gd32f10x_usart.o(.text)
    usart_irda_mode_disable                  0x08003aad   Thumb Code    10  gd32f10x_usart.o(.text)
    usart_prescaler_config                   0x08003ab9   Thumb Code    16  gd32f10x_usart.o(.text)
    usart_irda_lowpower_config               0x08003ac9   Thumb Code    20  gd32f10x_usart.o(.text)
    usart_hardware_flow_rts_config           0x08003add   Thumb Code    12  gd32f10x_usart.o(.text)
    usart_hardware_flow_cts_config           0x08003ae9   Thumb Code    12  gd32f10x_usart.o(.text)
    usart_dma_receive_config                 0x08003af5   Thumb Code    12  gd32f10x_usart.o(.text)
    usart_dma_transmit_config                0x08003b01   Thumb Code    12  gd32f10x_usart.o(.text)
    usart_flag_get                           0x08003b0d   Thumb Code    16  gd32f10x_usart.o(.text)
    usart_flag_clear                         0x08003b1d   Thumb Code    24  gd32f10x_usart.o(.text)
    usart_interrupt_enable                   0x08003b35   Thumb Code    24  gd32f10x_usart.o(.text)
    usart_interrupt_disable                  0x08003b4d   Thumb Code    26  gd32f10x_usart.o(.text)
    usart_interrupt_flag_get                 0x08003b69   Thumb Code    40  gd32f10x_usart.o(.text)
    usart_interrupt_flag_clear               0x08003b91   Thumb Code    24  gd32f10x_usart.o(.text)
    Reset_Handler                            0x08003ba9   Thumb Code     8  startup_gd32f10x_hd.o(.text)
    ADC0_1_IRQHandler                        0x08003bc3   Thumb Code     0  startup_gd32f10x_hd.o(.text)
    ADC2_IRQHandler                          0x08003bc3   Thumb Code     0  startup_gd32f10x_hd.o(.text)
    CAN0_EWMC_IRQHandler                     0x08003bc3   Thumb Code     0  startup_gd32f10x_hd.o(.text)
    CAN0_RX1_IRQHandler                      0x08003bc3   Thumb Code     0  startup_gd32f10x_hd.o(.text)
    DMA0_Channel1_IRQHandler                 0x08003bc3   Thumb Code     0  startup_gd32f10x_hd.o(.text)
    DMA0_Channel2_IRQHandler                 0x08003bc3   Thumb Code     0  startup_gd32f10x_hd.o(.text)
    DMA0_Channel3_IRQHandler                 0x08003bc3   Thumb Code     0  startup_gd32f10x_hd.o(.text)
    DMA0_Channel4_IRQHandler                 0x08003bc3   Thumb Code     0  startup_gd32f10x_hd.o(.text)
    DMA0_Channel5_IRQHandler                 0x08003bc3   Thumb Code     0  startup_gd32f10x_hd.o(.text)
    DMA0_Channel6_IRQHandler                 0x08003bc3   Thumb Code     0  startup_gd32f10x_hd.o(.text)
    DMA1_Channel0_IRQHandler                 0x08003bc3   Thumb Code     0  startup_gd32f10x_hd.o(.text)
    DMA1_Channel1_IRQHandler                 0x08003bc3   Thumb Code     0  startup_gd32f10x_hd.o(.text)
    DMA1_Channel2_IRQHandler                 0x08003bc3   Thumb Code     0  startup_gd32f10x_hd.o(.text)
    DMA1_Channel3_4_IRQHandler               0x08003bc3   Thumb Code     0  startup_gd32f10x_hd.o(.text)
    EXMC_IRQHandler                          0x08003bc3   Thumb Code     0  startup_gd32f10x_hd.o(.text)
    EXTI0_IRQHandler                         0x08003bc3   Thumb Code     0  startup_gd32f10x_hd.o(.text)
    EXTI10_15_IRQHandler                     0x08003bc3   Thumb Code     0  startup_gd32f10x_hd.o(.text)
    EXTI1_IRQHandler                         0x08003bc3   Thumb Code     0  startup_gd32f10x_hd.o(.text)
    EXTI2_IRQHandler                         0x08003bc3   Thumb Code     0  startup_gd32f10x_hd.o(.text)
    EXTI3_IRQHandler                         0x08003bc3   Thumb Code     0  startup_gd32f10x_hd.o(.text)
    EXTI4_IRQHandler                         0x08003bc3   Thumb Code     0  startup_gd32f10x_hd.o(.text)
    EXTI5_9_IRQHandler                       0x08003bc3   Thumb Code     0  startup_gd32f10x_hd.o(.text)
    FMC_IRQHandler                           0x08003bc3   Thumb Code     0  startup_gd32f10x_hd.o(.text)
    I2C0_ER_IRQHandler                       0x08003bc3   Thumb Code     0  startup_gd32f10x_hd.o(.text)
    I2C0_EV_IRQHandler                       0x08003bc3   Thumb Code     0  startup_gd32f10x_hd.o(.text)
    I2C1_ER_IRQHandler                       0x08003bc3   Thumb Code     0  startup_gd32f10x_hd.o(.text)
    I2C1_EV_IRQHandler                       0x08003bc3   Thumb Code     0  startup_gd32f10x_hd.o(.text)
    LVD_IRQHandler                           0x08003bc3   Thumb Code     0  startup_gd32f10x_hd.o(.text)
    RCU_IRQHandler                           0x08003bc3   Thumb Code     0  startup_gd32f10x_hd.o(.text)
    RTC_Alarm_IRQHandler                     0x08003bc3   Thumb Code     0  startup_gd32f10x_hd.o(.text)
    RTC_IRQHandler                           0x08003bc3   Thumb Code     0  startup_gd32f10x_hd.o(.text)
    SDIO_IRQHandler                          0x08003bc3   Thumb Code     0  startup_gd32f10x_hd.o(.text)
    SPI0_IRQHandler                          0x08003bc3   Thumb Code     0  startup_gd32f10x_hd.o(.text)
    SPI1_IRQHandler                          0x08003bc3   Thumb Code     0  startup_gd32f10x_hd.o(.text)
    SPI2_IRQHandler                          0x08003bc3   Thumb Code     0  startup_gd32f10x_hd.o(.text)
    TAMPER_IRQHandler                        0x08003bc3   Thumb Code     0  startup_gd32f10x_hd.o(.text)
    TIMER0_BRK_IRQHandler                    0x08003bc3   Thumb Code     0  startup_gd32f10x_hd.o(.text)
    TIMER0_Channel_IRQHandler                0x08003bc3   Thumb Code     0  startup_gd32f10x_hd.o(.text)
    TIMER0_TRG_CMT_IRQHandler                0x08003bc3   Thumb Code     0  startup_gd32f10x_hd.o(.text)
    TIMER1_IRQHandler                        0x08003bc3   Thumb Code     0  startup_gd32f10x_hd.o(.text)
    TIMER2_IRQHandler                        0x08003bc3   Thumb Code     0  startup_gd32f10x_hd.o(.text)
    TIMER4_IRQHandler                        0x08003bc3   Thumb Code     0  startup_gd32f10x_hd.o(.text)
    TIMER5_IRQHandler                        0x08003bc3   Thumb Code     0  startup_gd32f10x_hd.o(.text)
    TIMER6_IRQHandler                        0x08003bc3   Thumb Code     0  startup_gd32f10x_hd.o(.text)
    TIMER7_BRK_IRQHandler                    0x08003bc3   Thumb Code     0  startup_gd32f10x_hd.o(.text)
    TIMER7_Channel_IRQHandler                0x08003bc3   Thumb Code     0  startup_gd32f10x_hd.o(.text)
    TIMER7_TRG_CMT_IRQHandler                0x08003bc3   Thumb Code     0  startup_gd32f10x_hd.o(.text)
    TIMER7_UP_IRQHandler                     0x08003bc3   Thumb Code     0  startup_gd32f10x_hd.o(.text)
    UART3_IRQHandler                         0x08003bc3   Thumb Code     0  startup_gd32f10x_hd.o(.text)
    UART4_IRQHandler                         0x08003bc3   Thumb Code     0  startup_gd32f10x_hd.o(.text)
    USART0_IRQHandler                        0x08003bc3   Thumb Code     0  startup_gd32f10x_hd.o(.text)
    USART1_IRQHandler                        0x08003bc3   Thumb Code     0  startup_gd32f10x_hd.o(.text)
    USART2_IRQHandler                        0x08003bc3   Thumb Code     0  startup_gd32f10x_hd.o(.text)
    USBD_HP_CAN0_TX_IRQHandler               0x08003bc3   Thumb Code     0  startup_gd32f10x_hd.o(.text)
    USBD_LP_CAN0_RX0_IRQHandler              0x08003bc3   Thumb Code     0  startup_gd32f10x_hd.o(.text)
    USBD_WKUP_IRQHandler                     0x08003bc3   Thumb Code     0  startup_gd32f10x_hd.o(.text)
    WWDGT_IRQHandler                         0x08003bc3   Thumb Code     0  startup_gd32f10x_hd.o(.text)
    __user_initial_stackheap                 0x08003bc5   Thumb Code    10  startup_gd32f10x_hd.o(.text)
    SystemInit                               0x08003be9   Thumb Code   294  system_gd32f10x.o(.text)
    SystemCoreClockUpdate                    0x08003d11   Thumb Code    90  system_gd32f10x.o(.text)
    __use_two_region_memory                  0x08003d6b   Thumb Code     2  heapauxi.o(.text)
    __rt_heap_escrow$2region                 0x08003d6d   Thumb Code     2  heapauxi.o(.text)
    __rt_heap_expand$2region                 0x08003d6f   Thumb Code     2  heapauxi.o(.text)
    __user_libspace                          0x08003d71   Thumb Code     8  libspace.o(.text)
    __user_perproc_libspace                  0x08003d71   Thumb Code     0  libspace.o(.text)
    __user_perthread_libspace                0x08003d71   Thumb Code     0  libspace.o(.text)
    __user_setup_stackheap                   0x08003d79   Thumb Code    74  sys_stackheap_outer.o(.text)
    exit                                     0x08003dc3   Thumb Code    18  exit.o(.text)
    _sys_exit                                0x08003dd5   Thumb Code     8  sys_exit.o(.text)
    __I$use$semihosting                      0x08003de1   Thumb Code     0  use_no_semi.o(.text)
    __use_no_semihosting_swi                 0x08003de1   Thumb Code     2  use_no_semi.o(.text)
    __semihosting_library_function           0x08003de3   Thumb Code     0  indicate_semi.o(.text)
    __aeabi_d2f                              0x08003de5   Thumb Code     0  d2f.o(x$fpl$d2f)
    _d2f                                     0x08003de5   Thumb Code    98  d2f.o(x$fpl$d2f)
    __aeabi_dadd                             0x08003e49   Thumb Code     0  daddsub_clz.o(x$fpl$dadd)
    _dadd                                    0x08003e49   Thumb Code   332  daddsub_clz.o(x$fpl$dadd)
    __aeabi_i2d                              0x08003f99   Thumb Code     0  dflt_clz.o(x$fpl$dflt)
    _dflt                                    0x08003f99   Thumb Code    46  dflt_clz.o(x$fpl$dflt)
    __aeabi_ui2d                             0x08003fc7   Thumb Code     0  dflt_clz.o(x$fpl$dfltu)
    _dfltu                                   0x08003fc7   Thumb Code    38  dflt_clz.o(x$fpl$dfltu)
    __aeabi_dmul                             0x08003fed   Thumb Code     0  dmul.o(x$fpl$dmul)
    _dmul                                    0x08003fed   Thumb Code   332  dmul.o(x$fpl$dmul)
    __fpl_dnaninf                            0x08004141   Thumb Code   156  dnaninf.o(x$fpl$dnaninf)
    __fpl_dretinf                            0x080041dd   Thumb Code    12  dretinf.o(x$fpl$dretinf)
    __aeabi_dsub                             0x080041e9   Thumb Code     0  daddsub_clz.o(x$fpl$dsub)
    _dsub                                    0x080041e9   Thumb Code   472  daddsub_clz.o(x$fpl$dsub)
    __aeabi_f2d                              0x080043c5   Thumb Code     0  f2d.o(x$fpl$f2d)
    _f2d                                     0x080043c5   Thumb Code    86  f2d.o(x$fpl$f2d)
    __aeabi_fadd                             0x0800441d   Thumb Code     0  faddsub_clz.o(x$fpl$fadd)
    _fadd                                    0x0800441d   Thumb Code   196  faddsub_clz.o(x$fpl$fadd)
    __aeabi_fcmpeq                           0x080044e1   Thumb Code     0  fcmp.o(x$fpl$fcmp)
    _feq                                     0x080044e1   Thumb Code    14  fcmp.o(x$fpl$fcmp)
    _fneq                                    0x080044ef   Thumb Code    14  fcmp.o(x$fpl$fcmp)
    __aeabi_fcmpgt                           0x080044fd   Thumb Code     0  fcmp.o(x$fpl$fcmp)
    _fgr                                     0x080044fd   Thumb Code    14  fcmp.o(x$fpl$fcmp)
    __aeabi_fcmpge                           0x0800450b   Thumb Code     0  fcmp.o(x$fpl$fcmp)
    _fgeq                                    0x0800450b   Thumb Code    14  fcmp.o(x$fpl$fcmp)
    __aeabi_fcmple                           0x08004519   Thumb Code     0  fcmp.o(x$fpl$fcmp)
    _fleq                                    0x08004519   Thumb Code    14  fcmp.o(x$fpl$fcmp)
    __aeabi_fcmplt                           0x08004527   Thumb Code     0  fcmp.o(x$fpl$fcmp)
    _fls                                     0x08004527   Thumb Code    14  fcmp.o(x$fpl$fcmp)
    __fpl_fcmp_Inf                           0x08004535   Thumb Code    24  fcmpi.o(x$fpl$fcmpinf)
    __aeabi_fdiv                             0x0800454d   Thumb Code     0  fdiv.o(x$fpl$fdiv)
    _fdiv                                    0x0800454d   Thumb Code   384  fdiv.o(x$fpl$fdiv)
    __aeabi_cfcmpeq                          0x080046d1   Thumb Code     0  feqf.o(x$fpl$feqf)
    _fcmpeq                                  0x080046d1   Thumb Code   104  feqf.o(x$fpl$feqf)
    __aeabi_f2iz                             0x08004739   Thumb Code     0  ffix.o(x$fpl$ffix)
    _ffix                                    0x08004739   Thumb Code    54  ffix.o(x$fpl$ffix)
    __aeabi_i2f                              0x08004771   Thumb Code     0  fflt_clz.o(x$fpl$fflt)
    _fflt                                    0x08004771   Thumb Code    48  fflt_clz.o(x$fpl$fflt)
    __aeabi_ui2f                             0x080047a1   Thumb Code     0  fflt_clz.o(x$fpl$ffltu)
    _ffltu                                   0x080047a1   Thumb Code    38  fflt_clz.o(x$fpl$ffltu)
    _fcmpge                                  0x080047c9   Thumb Code   104  fgeqf.o(x$fpl$fgeqf)
    __aeabi_cfcmple                          0x08004831   Thumb Code     0  fleqf.o(x$fpl$fleqf)
    _fcmple                                  0x08004831   Thumb Code   104  fleqf.o(x$fpl$fleqf)
    __fpl_fcmple_InfNaN                      0x08004883   Thumb Code     0  fleqf.o(x$fpl$fleqf)
    __aeabi_fmul                             0x08004899   Thumb Code     0  fmul.o(x$fpl$fmul)
    _fmul                                    0x08004899   Thumb Code   258  fmul.o(x$fpl$fmul)
    __fpl_fnaninf                            0x0800499b   Thumb Code   140  fnaninf.o(x$fpl$fnaninf)
    __fpl_fretinf                            0x08004a27   Thumb Code    10  fretinf.o(x$fpl$fretinf)
    __aeabi_fsub                             0x08004a31   Thumb Code     0  faddsub_clz.o(x$fpl$fsub)
    _fsub                                    0x08004a31   Thumb Code   234  faddsub_clz.o(x$fpl$fsub)
    __I$use$fp                               0x08004b1a   Number         0  usenofp.o(x$fpl$usenofp)
    hall_to_pos                              0x08004b22   Data           8  bldc.o(.rodata.hall_to_pos)
    lookUpTableAngle                         0x08004b2c   Data         724  main.o(.rodata.lookUpTableAngle)
    Region$$Table$$Base                      0x08004e00   Number         0  anon$$obj.o(Region$$Table)
    Region$$Table$$Limit                     0x08004e20   Number         0  anon$$obj.o(Region$$Table)
    SystemCoreClock                          0x20000000   Data           4  system_gd32f10x.o(.data.SystemCoreClock)
    batteryVoltage                           0x20000004   Data           4  bldc.o(.data.batteryVoltage)
    offsetdc                                 0x20000008   Data           2  bldc.o(.data.offsetdc)
    timedOut                                 0x2000000a   Data           1  it.o(.data.timedOut)
    __libspace_start                         0x20000010   Data          96  libspace.o(.bss)
    __temporary_stack_top$libspace           0x20000070   Data           0  libspace.o(.bss)
    adc_buffer                               0x20000070   Data           4  bldc.o(.bss.adc_buffer)
    beepsBackwards                           0x20000074   Data           1  main.o(.bss.beepsBackwards)
    bldc_enable                              0x20000075   Data           1  bldc.o(.bss.bldc_enable)
    bldc_inputFilterPwm                      0x20000076   Data           2  bldc.o(.bss.bldc_inputFilterPwm)
    bldc_outputFilterPwm                     0x20000078   Data           2  bldc.o(.bss.bldc_outputFilterPwm)
    buzzerFreq                               0x2000007a   Data           1  bldc.o(.bss.buzzerFreq)
    buzzerPattern                            0x2000007b   Data           1  bldc.o(.bss.buzzerPattern)
    buzzerTimer                              0x2000007c   Data           2  bldc.o(.bss.buzzerTimer)
    buzzerToggle                             0x2000007e   Data           1  bldc.o(.bss.buzzerToggle)
    currentDC                                0x20000080   Data           4  bldc.o(.bss.currentDC)
    dma_init_struct_adc                      0x20000084   Data          28  setup.o(.bss.dma_init_struct_adc)
    dma_init_struct_usart                    0x200000a0   Data          28  setup.o(.bss.dma_init_struct_usart)
    filter_reg                               0x200000bc   Data           4  bldc.o(.bss.filter_reg)
    hall                                     0x200000c0   Data           1  bldc.o(.bss.hall)
    hall_a                                   0x200000c1   Data           1  bldc.o(.bss.hall_a)
    hall_b                                   0x200000c2   Data           1  bldc.o(.bss.hall_b)
    hall_c                                   0x200000c3   Data           1  bldc.o(.bss.hall_c)
    inactivity_timeout_counter               0x200000c4   Data           4  main.o(.bss.inactivity_timeout_counter)
    lastPos                                  0x200000c8   Data           1  bldc.o(.bss.lastPos)
    msTicks                                  0x200000cc   Data           4  it.o(.bss.msTicks)
    offsetcount                              0x200000d0   Data           2  bldc.o(.bss.offsetcount)
    pos                                      0x200000d2   Data           1  bldc.o(.bss.pos)
    realSpeed                                0x200000d4   Data           4  bldc.o(.bss.realSpeed)
    speed                                    0x200000ec   Data           4  main.o(.bss.speed)
    speedCounter                             0x200000f0   Data           4  bldc.o(.bss.speedCounter)
    steer                                    0x200000f4   Data           4  main.o(.bss.steer)
    steerCounter                             0x200000f8   Data           4  main.o(.bss.steerCounter)
    timeoutCounter_ms                        0x200000fc   Data           4  it.o(.bss.timeoutCounter_ms)
    timeoutTimer_paramter_struct             0x20000100   Data          16  setup.o(.bss.timeoutTimer_paramter_struct)
    timerBldc_break_parameter_struct         0x20000110   Data          14  setup.o(.bss.timerBldc_break_parameter_struct)
    timerBldc_oc_parameter_struct            0x2000011e   Data          12  setup.o(.bss.timerBldc_oc_parameter_struct)
    timerBldc_paramter_struct                0x2000012c   Data          16  setup.o(.bss.timerBldc_paramter_struct)
    usartMasterSlave_rx_buf                  0x2000013c   Data           1  setup.o(.bss.usartMasterSlave_rx_buf)
    usartSteer_COM_rx_buf                    0x2000013d   Data           1  setup.o(.bss.usartSteer_COM_rx_buf)



==============================================================================

Memory Map of the image

  Image Entry point : 0x08000131

  Load Region LR_IROM1 (Base: 0x08000000, Size: 0x00004e30, Max: 0x00010000, ABSOLUTE)

    Execution Region ER_IROM1 (Exec base: 0x08000000, Load base: 0x08000000, Size: 0x00004e20, Max: 0x00010000, ABSOLUTE)

    Exec Addr    Load Addr    Size         Type   Attr      Idx    E Section Name        Object

    0x08000000   0x08000000   0x00000130   Data   RO          673    RESET               startup_gd32f10x_hd.o
    0x08000130   0x08000130   0x00000008   Code   RO          708  * !!!main             c_w.l(__main.o)
    0x08000138   0x08000138   0x0000005c   Code   RO         1101    !!!scatter          c_w.l(__scatter.o)
    0x08000194   0x08000194   0x0000001a   Code   RO         1105    !!handler_copy      c_w.l(__scatter_copy.o)
    0x080001ae   0x080001ae   0x00000002   PAD
    0x080001b0   0x080001b0   0x00000002   Code   RO         1102    !!handler_null      c_w.l(__scatter.o)
    0x080001b2   0x080001b2   0x00000002   PAD
    0x080001b4   0x080001b4   0x0000001c   Code   RO         1107    !!handler_zi        c_w.l(__scatter_zi.o)
    0x080001d0   0x080001d0   0x00000002   Code   RO          962    .ARM.Collect$$libinit$$00000000  c_w.l(libinit.o)
    0x080001d2   0x080001d2   0x00000000   Code   RO          974    .ARM.Collect$$libinit$$00000002  c_w.l(libinit2.o)
    0x080001d2   0x080001d2   0x00000000   Code   RO          976    .ARM.Collect$$libinit$$00000004  c_w.l(libinit2.o)
    0x080001d2   0x080001d2   0x00000000   Code   RO          978    .ARM.Collect$$libinit$$00000006  c_w.l(libinit2.o)
    0x080001d2   0x080001d2   0x00000000   Code   RO          981    .ARM.Collect$$libinit$$0000000C  c_w.l(libinit2.o)
    0x080001d2   0x080001d2   0x00000000   Code   RO          983    .ARM.Collect$$libinit$$0000000E  c_w.l(libinit2.o)
    0x080001d2   0x080001d2   0x00000000   Code   RO          985    .ARM.Collect$$libinit$$00000010  c_w.l(libinit2.o)
    0x080001d2   0x080001d2   0x00000000   Code   RO          988    .ARM.Collect$$libinit$$00000013  c_w.l(libinit2.o)
    0x080001d2   0x080001d2   0x00000000   Code   RO          990    .ARM.Collect$$libinit$$00000015  c_w.l(libinit2.o)
    0x080001d2   0x080001d2   0x00000000   Code   RO          992    .ARM.Collect$$libinit$$00000017  c_w.l(libinit2.o)
    0x080001d2   0x080001d2   0x00000000   Code   RO          994    .ARM.Collect$$libinit$$00000019  c_w.l(libinit2.o)
    0x080001d2   0x080001d2   0x00000000   Code   RO          996    .ARM.Collect$$libinit$$0000001B  c_w.l(libinit2.o)
    0x080001d2   0x080001d2   0x00000000   Code   RO          998    .ARM.Collect$$libinit$$0000001D  c_w.l(libinit2.o)
    0x080001d2   0x080001d2   0x00000000   Code   RO         1000    .ARM.Collect$$libinit$$0000001F  c_w.l(libinit2.o)
    0x080001d2   0x080001d2   0x00000000   Code   RO         1002    .ARM.Collect$$libinit$$00000021  c_w.l(libinit2.o)
    0x080001d2   0x080001d2   0x00000000   Code   RO         1004    .ARM.Collect$$libinit$$00000023  c_w.l(libinit2.o)
    0x080001d2   0x080001d2   0x00000000   Code   RO         1006    .ARM.Collect$$libinit$$00000025  c_w.l(libinit2.o)
    0x080001d2   0x080001d2   0x00000000   Code   RO         1008    .ARM.Collect$$libinit$$00000027  c_w.l(libinit2.o)
    0x080001d2   0x080001d2   0x00000000   Code   RO         1012    .ARM.Collect$$libinit$$0000002E  c_w.l(libinit2.o)
    0x080001d2   0x080001d2   0x00000000   Code   RO         1014    .ARM.Collect$$libinit$$00000030  c_w.l(libinit2.o)
    0x080001d2   0x080001d2   0x00000000   Code   RO         1016    .ARM.Collect$$libinit$$00000032  c_w.l(libinit2.o)
    0x080001d2   0x080001d2   0x00000000   Code   RO         1018    .ARM.Collect$$libinit$$00000034  c_w.l(libinit2.o)
    0x080001d2   0x080001d2   0x00000002   Code   RO         1019    .ARM.Collect$$libinit$$00000035  c_w.l(libinit2.o)
    0x080001d4   0x080001d4   0x00000002   Code   RO         1056    .ARM.Collect$$libshutdown$$00000000  c_w.l(libshutdown.o)
    0x080001d6   0x080001d6   0x00000000   Code   RO         1084    .ARM.Collect$$libshutdown$$00000002  c_w.l(libshutdown2.o)
    0x080001d6   0x080001d6   0x00000000   Code   RO         1086    .ARM.Collect$$libshutdown$$00000004  c_w.l(libshutdown2.o)
    0x080001d6   0x080001d6   0x00000000   Code   RO         1089    .ARM.Collect$$libshutdown$$00000007  c_w.l(libshutdown2.o)
    0x080001d6   0x080001d6   0x00000000   Code   RO         1092    .ARM.Collect$$libshutdown$$0000000A  c_w.l(libshutdown2.o)
    0x080001d6   0x080001d6   0x00000000   Code   RO         1094    .ARM.Collect$$libshutdown$$0000000C  c_w.l(libshutdown2.o)
    0x080001d6   0x080001d6   0x00000000   Code   RO         1097    .ARM.Collect$$libshutdown$$0000000F  c_w.l(libshutdown2.o)
    0x080001d6   0x080001d6   0x00000002   Code   RO         1098    .ARM.Collect$$libshutdown$$00000010  c_w.l(libshutdown2.o)
    0x080001d8   0x080001d8   0x00000000   Code   RO          825    .ARM.Collect$$rtentry$$00000000  c_w.l(__rtentry.o)
    0x080001d8   0x080001d8   0x00000000   Code   RO          917    .ARM.Collect$$rtentry$$00000002  c_w.l(__rtentry2.o)
    0x080001d8   0x080001d8   0x00000006   Code   RO          929    .ARM.Collect$$rtentry$$00000004  c_w.l(__rtentry4.o)
    0x080001de   0x080001de   0x00000000   Code   RO          919    .ARM.Collect$$rtentry$$00000009  c_w.l(__rtentry2.o)
    0x080001de   0x080001de   0x00000004   Code   RO          920    .ARM.Collect$$rtentry$$0000000A  c_w.l(__rtentry2.o)
    0x080001e2   0x080001e2   0x00000000   Code   RO          922    .ARM.Collect$$rtentry$$0000000C  c_w.l(__rtentry2.o)
    0x080001e2   0x080001e2   0x00000008   Code   RO          923    .ARM.Collect$$rtentry$$0000000D  c_w.l(__rtentry2.o)
    0x080001ea   0x080001ea   0x00000002   Code   RO          965    .ARM.Collect$$rtexit$$00000000  c_w.l(rtexit.o)
    0x080001ec   0x080001ec   0x00000000   Code   RO         1027    .ARM.Collect$$rtexit$$00000002  c_w.l(rtexit2.o)
    0x080001ec   0x080001ec   0x00000004   Code   RO         1028    .ARM.Collect$$rtexit$$00000003  c_w.l(rtexit2.o)
    0x080001f0   0x080001f0   0x00000006   Code   RO         1029    .ARM.Collect$$rtexit$$00000004  c_w.l(rtexit2.o)
    0x080001f6   0x080001f6   0x00000002   PAD
    0x080001f8   0x080001f8   0x000003d2   Code   RO            1    .text               main.o
    0x080005ca   0x080005ca   0x00000002   PAD
    0x080005cc   0x080005cc   0x00000378   Code   RO           18    .text               bldc.o
    0x08000944   0x08000944   0x000006d8   Code   RO           50    .text               setup.o
    0x0800101c   0x0800101c   0x0000018a   Code   RO           65    .text               it.o
    0x080011a6   0x080011a6   0x00000002   PAD
    0x080011a8   0x080011a8   0x000001ac   Code   RO           76    .text               comms.o
    0x08001354   0x08001354   0x00000124   Code   RO           85    .text               commssteering.o
    0x08001478   0x08001478   0x00000152   Code   RO           97    .text               commsmasterslave.o
    0x080015ca   0x080015ca   0x00000002   PAD
    0x080015cc   0x080015cc   0x000004ec   Code   RO          572    .text               gd32f10x_adc.o
    0x08001ab8   0x08001ab8   0x00000402   Code   RO          588    .text               gd32f10x_dma.o
    0x08001eba   0x08001eba   0x00000002   PAD
    0x08001ebc   0x08001ebc   0x00000116   Code   RO          596    .text               gd32f10x_fwdgt.o
    0x08001fd2   0x08001fd2   0x00000002   PAD
    0x08001fd4   0x08001fd4   0x00000444   Code   RO          604    .text               gd32f10x_gpio.o
    0x08002418   0x08002418   0x000000e8   Code   RO          620    .text               gd32f10x_misc.o
    0x08002500   0x08002500   0x000005e4   Code   RO          636    .text               gd32f10x_rcu.o
    0x08002ae4   0x08002ae4   0x00000d5a   Code   RO          646    .text               gd32f10x_timer.o
    0x0800383e   0x0800383e   0x00000002   PAD
    0x08003840   0x08003840   0x00000368   Code   RO          655    .text               gd32f10x_usart.o
    0x08003ba8   0x08003ba8   0x00000040   Code   RO          674    .text               startup_gd32f10x_hd.o
    0x08003be8   0x08003be8   0x00000182   Code   RO          680    .text               system_gd32f10x.o
    0x08003d6a   0x08003d6a   0x00000006   Code   RO          706    .text               c_w.l(heapauxi.o)
    0x08003d70   0x08003d70   0x00000008   Code   RO          946    .text               c_w.l(libspace.o)
    0x08003d78   0x08003d78   0x0000004a   Code   RO          949    .text               c_w.l(sys_stackheap_outer.o)
    0x08003dc2   0x08003dc2   0x00000012   Code   RO          951    .text               c_w.l(exit.o)
    0x08003dd4   0x08003dd4   0x0000000c   Code   RO         1022    .text               c_w.l(sys_exit.o)
    0x08003de0   0x08003de0   0x00000002   Code   RO         1045    .text               c_w.l(use_no_semi.o)
    0x08003de2   0x08003de2   0x00000000   Code   RO         1047    .text               c_w.l(indicate_semi.o)
    0x08003de2   0x08003de2   0x00000002   PAD
    0x08003de4   0x08003de4   0x00000062   Code   RO          710    x$fpl$d2f           fz_ws.l(d2f.o)
    0x08003e46   0x08003e46   0x00000002   PAD
    0x08003e48   0x08003e48   0x00000150   Code   RO          714    x$fpl$dadd          fz_ws.l(daddsub_clz.o)
    0x08003f98   0x08003f98   0x0000002e   Code   RO          735    x$fpl$dflt          fz_ws.l(dflt_clz.o)
    0x08003fc6   0x08003fc6   0x00000026   Code   RO          734    x$fpl$dfltu         fz_ws.l(dflt_clz.o)
    0x08003fec   0x08003fec   0x00000154   Code   RO          740    x$fpl$dmul          fz_ws.l(dmul.o)
    0x08004140   0x08004140   0x0000009c   Code   RO          838    x$fpl$dnaninf       fz_ws.l(dnaninf.o)
    0x080041dc   0x080041dc   0x0000000c   Code   RO          840    x$fpl$dretinf       fz_ws.l(dretinf.o)
    0x080041e8   0x080041e8   0x000001dc   Code   RO          716    x$fpl$dsub          fz_ws.l(daddsub_clz.o)
    0x080043c4   0x080043c4   0x00000056   Code   RO          742    x$fpl$f2d           fz_ws.l(f2d.o)
    0x0800441a   0x0800441a   0x00000002   PAD
    0x0800441c   0x0800441c   0x000000c4   Code   RO          746    x$fpl$fadd          fz_ws.l(faddsub_clz.o)
    0x080044e0   0x080044e0   0x00000054   Code   RO          752    x$fpl$fcmp          fz_ws.l(fcmp.o)
    0x08004534   0x08004534   0x00000018   Code   RO          944    x$fpl$fcmpinf       fz_ws.l(fcmpi.o)
    0x0800454c   0x0800454c   0x00000184   Code   RO          755    x$fpl$fdiv          fz_ws.l(fdiv.o)
    0x080046d0   0x080046d0   0x00000068   Code   RO          846    x$fpl$feqf          fz_ws.l(feqf.o)
    0x08004738   0x08004738   0x00000036   Code   RO          758    x$fpl$ffix          fz_ws.l(ffix.o)
    0x0800476e   0x0800476e   0x00000002   PAD
    0x08004770   0x08004770   0x00000030   Code   RO          767    x$fpl$fflt          fz_ws.l(fflt_clz.o)
    0x080047a0   0x080047a0   0x00000026   Code   RO          766    x$fpl$ffltu         fz_ws.l(fflt_clz.o)
    0x080047c6   0x080047c6   0x00000002   PAD
    0x080047c8   0x080047c8   0x00000068   Code   RO          848    x$fpl$fgeqf         fz_ws.l(fgeqf.o)
    0x08004830   0x08004830   0x00000068   Code   RO          850    x$fpl$fleqf         fz_ws.l(fleqf.o)
    0x08004898   0x08004898   0x00000102   Code   RO          772    x$fpl$fmul          fz_ws.l(fmul.o)
    0x0800499a   0x0800499a   0x0000008c   Code   RO          852    x$fpl$fnaninf       fz_ws.l(fnaninf.o)
    0x08004a26   0x08004a26   0x0000000a   Code   RO          854    x$fpl$fretinf       fz_ws.l(fretinf.o)
    0x08004a30   0x08004a30   0x000000ea   Code   RO          748    x$fpl$fsub          fz_ws.l(faddsub_clz.o)
    0x08004b1a   0x08004b1a   0x00000000   Code   RO          866    x$fpl$usenofp       fz_ws.l(usenofp.o)
    0x08004b1a   0x08004b1a   0x00000008   Data   RO          638    .rodata.cst8        gd32f10x_rcu.o
    0x08004b22   0x08004b22   0x00000008   Data   RO           34    .rodata.hall_to_pos  bldc.o
    0x08004b2a   0x08004b2a   0x00000002   PAD
    0x08004b2c   0x08004b2c   0x000002d4   Data   RO           10    .rodata.lookUpTableAngle  main.o
    0x08004e00   0x08004e00   0x00000020   Data   RO         1100    Region$$Table       anon$$obj.o


    Execution Region RW_IRAM1 (Exec base: 0x20000000, Load base: 0x08004e20, Size: 0x00004140, Max: 0x00005000, ABSOLUTE)

    Exec Addr    Load Addr    Size         Type   Attr      Idx    E Section Name        Object

    0x20000000   0x08004e20   0x00000004   Data   RW          682    .data.SystemCoreClock  system_gd32f10x.o
    0x20000004   0x08004e24   0x00000004   Data   RW           21    .data.batteryVoltage  bldc.o
    0x20000008   0x08004e28   0x00000002   Data   RW           32    .data.offsetdc      bldc.o
    0x2000000a   0x08004e2a   0x00000001   Data   RW           68    .data.timedOut      it.o
    0x2000000b   0x08004e2b   0x00000005   PAD
    0x20000010        -       0x00000060   Zero   RW          947    .bss                c_w.l(libspace.o)
    0x20000070        -       0x00000004   Zero   RW           35    .bss.adc_buffer     bldc.o
    0x20000074        -       0x00000001   Zero   RW            6    .bss.beepsBackwards  main.o
    0x20000075        -       0x00000001   Zero   RW           25    .bss.bldc_enable    bldc.o
    0x20000076        -       0x00000002   Zero   RW           24    .bss.bldc_inputFilterPwm  bldc.o
    0x20000078        -       0x00000002   Zero   RW           26    .bss.bldc_outputFilterPwm  bldc.o
    0x2000007a        -       0x00000001   Zero   RW           28    .bss.buzzerFreq     bldc.o
    0x2000007b        -       0x00000001   Zero   RW           29    .bss.buzzerPattern  bldc.o
    0x2000007c        -       0x00000002   Zero   RW           30    .bss.buzzerTimer    bldc.o
    0x2000007e        -       0x00000001   Zero   RW           27    .bss.buzzerToggle   bldc.o
    0x2000007f   0x08004e2b   0x00000001   PAD
    0x20000080        -       0x00000004   Zero   RW           22    .bss.currentDC      bldc.o
    0x20000084        -       0x0000001c   Zero   RW           56    .bss.dma_init_struct_adc  setup.o
    0x200000a0        -       0x0000001c   Zero   RW           57    .bss.dma_init_struct_usart  setup.o
    0x200000bc        -       0x00000004   Zero   RW           41    .bss.filter_reg     bldc.o
    0x200000c0        -       0x00000001   Zero   RW           39    .bss.hall           bldc.o
    0x200000c1        -       0x00000001   Zero   RW           36    .bss.hall_a         bldc.o
    0x200000c2        -       0x00000001   Zero   RW           37    .bss.hall_b         bldc.o
    0x200000c3        -       0x00000001   Zero   RW           38    .bss.hall_c         bldc.o
    0x200000c4        -       0x00000004   Zero   RW            8    .bss.inactivity_timeout_counter  main.o
    0x200000c8        -       0x00000001   Zero   RW           42    .bss.lastPos        bldc.o
    0x200000c9   0x08004e2b   0x00000003   PAD
    0x200000cc        -       0x00000004   Zero   RW           69    .bss.msTicks        it.o
    0x200000d0        -       0x00000002   Zero   RW           31    .bss.offsetcount    bldc.o
    0x200000d2        -       0x00000001   Zero   RW           40    .bss.pos            bldc.o
    0x200000d3   0x08004e2b   0x00000001   PAD
    0x200000d4        -       0x00000004   Zero   RW           23    .bss.realSpeed      bldc.o
    0x200000d8        -       0x00000001   Zero   RW          100    .bss.sMasterSlaveRecord  commsmasterslave.o
    0x200000d9        -       0x00000001   Zero   RW           88    .bss.sSteerRecord   commssteering.o
    0x200000da        -       0x00000005   Zero   RW          101    .bss.sUSARTMasterSlaveRecordBuffer  commsmasterslave.o
    0x200000df        -       0x00000001   Zero   RW           99    .bss.sUSARTMasterSlaveRecordBufferCounter  commsmasterslave.o
    0x200000e0        -       0x00000008   Zero   RW           89    .bss.sUSARTSteerRecordBuffer  commssteering.o
    0x200000e8        -       0x00000001   Zero   RW           87    .bss.sUSARTSteerRecordBufferCounter  commssteering.o
    0x200000e9   0x08004e2b   0x00000003   PAD
    0x200000ec        -       0x00000004   Zero   RW            4    .bss.speed          main.o
    0x200000f0        -       0x00000004   Zero   RW           33    .bss.speedCounter   bldc.o
    0x200000f4        -       0x00000004   Zero   RW            3    .bss.steer          main.o
    0x200000f8        -       0x00000004   Zero   RW            9    .bss.steerCounter   main.o
    0x200000fc        -       0x00000004   Zero   RW           67    .bss.timeoutCounter_ms  it.o
    0x20000100        -       0x00000010   Zero   RW           52    .bss.timeoutTimer_paramter_struct  setup.o
    0x20000110        -       0x0000000e   Zero   RW           55    .bss.timerBldc_break_parameter_struct  setup.o
    0x2000011e        -       0x0000000c   Zero   RW           54    .bss.timerBldc_oc_parameter_struct  setup.o
    0x2000012a   0x08004e2b   0x00000002   PAD
    0x2000012c        -       0x00000010   Zero   RW           53    .bss.timerBldc_paramter_struct  setup.o
    0x2000013c        -       0x00000001   Zero   RW           58    .bss.usartMasterSlave_rx_buf  setup.o
    0x2000013d        -       0x00000001   Zero   RW           59    .bss.usartSteer_COM_rx_buf  setup.o
    0x2000013e   0x08004e2b   0x00000002   PAD
    0x20000140        -       0x00002000   Zero   RW          672    HEAP                startup_gd32f10x_hd.o
    0x20002140        -       0x00002000   Zero   RW          671    STACK               startup_gd32f10x_hd.o


==============================================================================

Image component sizes


      Code (inc. data)   RO Data    RW Data    ZI Data      Debug   Object Name

       888          6          8          6         38       3320   bldc.o
       428          0          0          0          0       2480   comms.o
       338          0          0          0          7       2935   commsmasterslave.o
       292          0          0          0         10       1851   commssteering.o
      1260         12          0          0          0       8430   gd32f10x_adc.o
      1026          0          0          0          0       7211   gd32f10x_dma.o
       278          0          0          0          0       2066   gd32f10x_fwdgt.o
      1092          0          0          0          0       6098   gd32f10x_gpio.o
       232          0          0          0          0       3323   gd32f10x_misc.o
      1508         20          8          0          0      12693   gd32f10x_rcu.o
      3418         36          0          0          0      18122   gd32f10x_timer.o
       872          0          0          0          0       8494   gd32f10x_usart.o
       394          0          0          1          8       2652   it.o
       978          0        724          0         17       6024   main.o
      1752          0          0          0        116       6052   setup.o
        64         26        304          0      16384        944   startup_gd32f10x_hd.o
       386          0          0          4          0       1694   system_gd32f10x.o

    ----------------------------------------------------------------------
     15218        100       1078         12      16596      94389   Object Totals
         0          0         32          0          0          0   (incl. Generated)
        12          0          2          1         16          0   (incl. Padding)

    ----------------------------------------------------------------------

      Code (inc. data)   RO Data    RW Data    ZI Data      Debug   Library Member Name

         8          0          0          0          0         68   __main.o
         0          0          0          0          0          0   __rtentry.o
        12          0          0          0          0          0   __rtentry2.o
         6          0          0          0          0          0   __rtentry4.o
        94          8          0          0          0          0   __scatter.o
        26          0          0          0          0          0   __scatter_copy.o
        28          0          0          0          0          0   __scatter_zi.o
        18          0          0          0          0         80   exit.o
         6          0          0          0          0        152   heapauxi.o
         0          0          0          0          0          0   indicate_semi.o
         2          0          0          0          0          0   libinit.o
         2          0          0          0          0          0   libinit2.o
         2          0          0          0          0          0   libshutdown.o
         2          0          0          0          0          0   libshutdown2.o
         8          4          0          0         96         68   libspace.o
         2          0          0          0          0          0   rtexit.o
        10          0          0          0          0          0   rtexit2.o
        12          4          0          0          0         68   sys_exit.o
        74          0          0          0          0         80   sys_stackheap_outer.o
         2          0          0          0          0         68   use_no_semi.o
        98          4          0          0          0         92   d2f.o
       812         16          0          0          0        296   daddsub_clz.o
        84          0          0          0          0        136   dflt_clz.o
       340         12          0          0          0        104   dmul.o
       156          4          0          0          0         92   dnaninf.o
        12          0          0          0          0         68   dretinf.o
        86          4          0          0          0         84   f2d.o
       430          8          0          0          0        168   faddsub_clz.o
        84          0          0          0          0        196   fcmp.o
        24          0          0          0          0         68   fcmpi.o
       388         76          0          0          0         96   fdiv.o
       104          4          0          0          0         84   feqf.o
        54          4          0          0          0         84   ffix.o
        86          0          0          0          0        136   fflt_clz.o
       104          4          0          0          0         84   fgeqf.o
       104          4          0          0          0         84   fleqf.o
       258          4          0          0          0         84   fmul.o
       140          4          0          0          0         84   fnaninf.o
        10          0          0          0          0         68   fretinf.o
         0          0          0          0          0          0   usenofp.o

    ----------------------------------------------------------------------
      3704        164          0          0         96       2692   Library Totals
        16          0          0          0          0          0   (incl. Padding)

    ----------------------------------------------------------------------

      Code (inc. data)   RO Data    RW Data    ZI Data      Debug   Library Name

       314         16          0          0         96        584   c_w.l
      3374        148          0          0          0       2108   fz_ws.l

    ----------------------------------------------------------------------
      3704        164          0          0         96       2692   Library Totals

    ----------------------------------------------------------------------

==============================================================================


      Code (inc. data)   RO Data    RW Data    ZI Data      Debug   

     18922        264       1078         12      16692      95545   Grand Totals
     18922        264       1078         12      16692      95545   ELF Image Totals
     18922        264       1078         12          0          0   ROM Totals

==============================================================================

    Total RO  Size (Code + RO Data)                20000 (  19.53kB)
    Total RW  Size (RW Data + ZI Data)             16704 (  16.31kB)
    Total ROM Size (Code + RO Data + RW Data)      20012 (  19.54kB)

==============================================================================

