Component: Arm Compiler for Embedded 6.19 Tool: armlink [5e73cb00]

==============================================================================

Section Cross References

    main.o(.text) refers to system_gd32f10x.o(.text) for SystemCoreClockUpdate
    main.o(.text) refers to system_gd32f10x.o(.data.SystemCoreClock) for SystemCoreClock
    main.o(.text) refers to setup.o(.text) for Interrupt_init
    main.o(.text) refers to gd32f10x_gpio.o(.text) for gpio_bit_write
    main.o(.text) refers to gd32f10x_fwdgt.o(.text) for fwdgt_counter_reload
    main.o(.text) refers to bldc.o(.bss.buzzerFreq) for buzzerFreq
    main.o(.text) refers to it.o(.text) for Delay
    main.o(.text) refers to main.o(.bss.inactivity_timeout_counter) for inactivity_timeout_counter
    main.o(.text) refers to main.o(.bss.steerCounter) for steerCounter
    main.o(.text) refers to main.o(.bss.steer) for steer
    main.o(.text) refers to main.o(.bss.speed) for speed
    main.o(.text) refers to fflt_clz.o(x$fpl$fflt) for __aeabi_i2f
    main.o(.text) refers to fmul.o(x$fpl$fmul) for __aeabi_fmul
    main.o(.text) refers to ffix.o(x$fpl$ffix) for __aeabi_f2iz
    main.o(.text) refers to faddsub_clz.o(x$fpl$fsub) for __aeabi_fsub
    main.o(.text) refers to fdiv.o(x$fpl$fdiv) for __aeabi_fdiv
    main.o(.text) refers to faddsub_clz.o(x$fpl$fadd) for __aeabi_fadd
    main.o(.text) refers to main.o(.rodata.lookUpTableAngle) for lookUpTableAngle
    main.o(.text) refers to fcmp.o(x$fpl$fcmp) for __aeabi_fcmplt
    main.o(.text) refers to bldc.o(.text) for SetEnable
    main.o(.text) refers to bldc.o(.data.batteryVoltage) for batteryVoltage
    main.o(.text) refers to main.o(.bss.beepsBackwards) for beepsBackwards
    main.o(.text) refers to bldc.o(.bss.buzzerPattern) for buzzerPattern
    main.o(.ARM.exidx) refers to main.o(.text) for [Anonymous Symbol]
    bldc.o(.text) refers to bldc.o(.bss.bldc_enable) for bldc_enable
    bldc.o(.text) refers to bldc.o(.bss.bldc_inputFilterPwm) for bldc_inputFilterPwm
    bldc.o(.text) refers to bldc.o(.bss.y) for y
    bldc.o(.text) refers to bldc.o(.bss.offsetcount) for offsetcount
    bldc.o(.text) refers to bldc.o(.bss.b) for b
    bldc.o(.text) refers to bldc.o(.bss.g) for g
    bldc.o(.text) refers to bldc.o(.bss.adc_buffer) for adc_buffer
    bldc.o(.text) refers to bldc.o(.data.offsetdc) for offsetdc
    bldc.o(.text) refers to bldc.o(.bss.buzzerTimer) for buzzerTimer
    bldc.o(.text) refers to bldc.o(.data.batteryVoltage) for batteryVoltage
    bldc.o(.text) refers to f2d.o(x$fpl$f2d) for __aeabi_f2d
    bldc.o(.text) refers to dflt_clz.o(x$fpl$dfltu) for __aeabi_ui2d
    bldc.o(.text) refers to dmul.o(x$fpl$dmul) for __aeabi_dmul
    bldc.o(.text) refers to daddsub_clz.o(x$fpl$dadd) for __aeabi_dadd
    bldc.o(.text) refers to d2f.o(x$fpl$d2f) for __aeabi_d2f
    bldc.o(.text) refers to bldc.o(.bss.buzzerFreq) for buzzerFreq
    bldc.o(.text) refers to bldc.o(.bss.buzzerPattern) for buzzerPattern
    bldc.o(.text) refers to gd32f10x_gpio.o(.text) for gpio_bit_write
    bldc.o(.text) refers to dflt_clz.o(x$fpl$dflt) for __aeabi_i2d
    bldc.o(.text) refers to bldc.o(.bss.currentDC) for currentDC
    bldc.o(.text) refers to fcmp.o(x$fpl$fcmp) for __aeabi_fcmple
    bldc.o(.text) refers to bldc.o(.bss.iDebug) for iDebug
    bldc.o(.text) refers to gd32f10x_timer.o(.text) for timer_automatic_output_disable
    bldc.o(.text) refers to bldc.o(.bss.hall_a) for hall_a
    bldc.o(.text) refers to bldc.o(.bss.hall_b) for hall_b
    bldc.o(.text) refers to bldc.o(.bss.hall_c) for hall_c
    bldc.o(.text) refers to bldc.o(.bss.hall) for hall
    bldc.o(.text) refers to bldc.o(.rodata.hall_to_pos) for hall_to_pos
    bldc.o(.text) refers to bldc.o(.bss.filter_reg) for filter_reg
    bldc.o(.text) refers to bldc.o(.bss.pos) for pos
    bldc.o(.text) refers to bldc.o(.bss.bldc_outputFilterPwm) for bldc_outputFilterPwm
    bldc.o(.text) refers to bldc.o(.bss.buzzerToggle) for buzzerToggle
    bldc.o(.text) refers to bldc.o(.bss.speedCounter) for speedCounter
    bldc.o(.text) refers to bldc.o(.bss.lastPos) for lastPos
    bldc.o(.text) refers to fflt_clz.o(x$fpl$ffltu) for __aeabi_ui2f
    bldc.o(.text) refers to fdiv.o(x$fpl$fdiv) for __aeabi_fdiv
    bldc.o(.text) refers to bldc.o(.bss.realSpeed) for realSpeed
    bldc.o(.ARM.exidx) refers to bldc.o(.text) for [Anonymous Symbol]
    setup.o(.text) refers to gd32f10x_misc.o(.text) for nvic_priority_group_set
    setup.o(.text) refers to gd32f10x_rcu.o(.text) for rcu_flag_get
    setup.o(.text) refers to gd32f10x_fwdgt.o(.text) for fwdgt_config
    setup.o(.text) refers to gd32f10x_timer.o(.text) for timer_deinit
    setup.o(.text) refers to setup.o(.bss.timeoutTimer_paramter_struct) for timeoutTimer_paramter_struct
    setup.o(.text) refers to gd32f10x_gpio.o(.text) for gpio_init
    setup.o(.text) refers to setup.o(.bss.timerBldc_paramter_struct) for timerBldc_paramter_struct
[...]
    ../fplib/usenofp.s                       0x00000000   Number         0  usenofp.o ABSOLUTE
    RTE/Device/GD32F103C8/startup_gd32f10x_hd.s 0x00000000   Number         0  startup_gd32f10x_hd.o ABSOLUTE
    bldc.c                                   0x00000000   Number         0  bldc.o ABSOLUTE
    comms.c                                  0x00000000   Number         0  comms.o ABSOLUTE
    commsBluetooth.c                         0x00000000   Number         0  commsbluetooth.o ABSOLUTE
    commsMasterSlave.c                       0x00000000   Number         0  commsmasterslave.o ABSOLUTE
    commsSteering.c                          0x00000000   Number         0  commssteering.o ABSOLUTE
    dc.s                                     0x00000000   Number         0  dc.o ABSOLUTE
    gd32f10x_adc.c                           0x00000000   Number         0  gd32f10x_adc.o ABSOLUTE
    gd32f10x_dbg.c                           0x00000000   Number         0  gd32f10x_dbg.o ABSOLUTE
    gd32f10x_dma.c                           0x00000000   Number         0  gd32f10x_dma.o ABSOLUTE
    gd32f10x_fwdgt.c                         0x00000000   Number         0  gd32f10x_fwdgt.o ABSOLUTE
    gd32f10x_gpio.c                          0x00000000   Number         0  gd32f10x_gpio.o ABSOLUTE
    gd32f10x_i2c.c                           0x00000000   Number         0  gd32f10x_i2c.o ABSOLUTE
    gd32f10x_misc.c                          0x00000000   Number         0  gd32f10x_misc.o ABSOLUTE
    gd32f10x_pmu.c                           0x00000000   Number         0  gd32f10x_pmu.o ABSOLUTE
    gd32f10x_rcu.c                           0x00000000   Number         0  gd32f10x_rcu.o ABSOLUTE
    gd32f10x_timer.c                         0x00000000   Number         0  gd32f10x_timer.o ABSOLUTE
    gd32f10x_usart.c                         0x00000000   Number         0  gd32f10x_usart.o ABSOLUTE
    gd32f10x_wwdgt.c                         0x00000000   Number         0  gd32f10x_wwdgt.o ABSOLUTE
    it.c                                     0x00000000   Number         0  it.o ABSOLUTE
    led.c                                    0x00000000   Number         0  led.o ABSOLUTE
    main.c                                   0x00000000   Number         0  main.o ABSOLUTE
    setup.c                                  0x00000000   Number         0  setup.o ABSOLUTE
    system_gd32f10x.c                        0x00000000   Number         0  system_gd32f10x.o ABSOLUTE
    RESET                                    0x08000000   Section      304  startup_gd32f10x_hd.o(RESET)
    !!!main                                  0x08000130   Section        8  __main.o(!!!main)
    !!!scatter                               0x08000138   Section       52  __scatter.o(!!!scatter)
    !!handler_copy                           0x0800016c   Section       26  __scatter_copy.o(!!handler_copy)
    !!handler_zi                             0x08000188   Section       28  __scatter_zi.o(!!handler_zi)
    .ARM.Collect$$libinit$$00000000          0x080001a4   Section        2  libinit.o(.ARM.Collect$$libinit$$00000000)
    .ARM.Collect$$libinit$$00000002          0x080001a6   Section        0  libinit2.o(.ARM.Collect$$libinit$$00000002)
    .ARM.Collect$$libinit$$00000004          0x080001a6   Section        0  libinit2.o(.ARM.Collect$$libinit$$00000004)
    .ARM.Collect$$libinit$$00000006          0x080001a6   Section        0  libinit2.o(.ARM.Collect$$libinit$$00000006)
    .ARM.Collect$$libinit$$0000000C          0x080001a6   Section        0  libinit2.o(.ARM.Collect$$libinit$$0000000C)
    .ARM.Collect$$libinit$$0000000E          0x080001a6   Section        0  libinit2.o(.ARM.Collect$$libinit$$0000000E)
    .ARM.Collect$$libinit$$00000010          0x080001a6   Section        0  libinit2.o(.ARM.Collect$$libinit$$00000010)
    .ARM.Collect$$libinit$$00000013          0x080001a6   Section        0  libinit2.o(.ARM.Collect$$libinit$$00000013)
    .ARM.Collect$$libinit$$00000015          0x080001a6   Section        0  libinit2.o(.ARM.Collect$$libinit$$00000015)
    .ARM.Collect$$libinit$$00000017          0x080001a6   Section        0  libinit2.o(.ARM.Collect$$libinit$$00000017)
    .ARM.Collect$$libinit$$00000019          0x080001a6   Section        0  libinit2.o(.ARM.Collect$$libinit$$00000019)
    .ARM.Collect$$libinit$$0000001B          0x080001a6   Section        0  libinit2.o(.ARM.Collect$$libinit$$0000001B)
    .ARM.Collect$$libinit$$0000001D          0x080001a6   Section        0  libinit2.o(.ARM.Collect$$libinit$$0000001D)
    .ARM.Collect$$libinit$$0000001F          0x080001a6   Section        0  libinit2.o(.ARM.Collect$$libinit$$0000001F)
    .ARM.Collect$$libinit$$00000021          0x080001a6   Section        0  libinit2.o(.ARM.Collect$$libinit$$00000021)
    .ARM.Collect$$libinit$$00000023          0x080001a6   Section        0  libinit2.o(.ARM.Collect$$libinit$$00000023)
    .ARM.Collect$$libinit$$00000025          0x080001a6   Section        0  libinit2.o(.ARM.Collect$$libinit$$00000025)
    .ARM.Collect$$libinit$$00000027          0x080001a6   Section        0  libinit2.o(.ARM.Collect$$libinit$$00000027)
    .ARM.Collect$$libinit$$0000002E          0x080001a6   Section        0  libinit2.o(.ARM.Collect$$libinit$$0000002E)
    .ARM.Collect$$libinit$$00000030          0x080001a6   Section        0  libinit2.o(.ARM.Collect$$libinit$$00000030)
    .ARM.Collect$$libinit$$00000032          0x080001a6   Section        0  libinit2.o(.ARM.Collect$$libinit$$00000032)
    .ARM.Collect$$libinit$$00000034          0x080001a6   Section        0  libinit2.o(.ARM.Collect$$libinit$$00000034)
    .ARM.Collect$$libinit$$00000035          0x080001a6   Section        2  libinit2.o(.ARM.Collect$$libinit$$00000035)
    .ARM.Collect$$libshutdown$$00000000      0x080001a8   Section        2  libshutdown.o(.ARM.Collect$$libshutdown$$00000000)
    .ARM.Collect$$libshutdown$$00000002      0x080001aa   Section        0  libshutdown2.o(.ARM.Collect$$libshutdown$$00000002)
    .ARM.Collect$$libshutdown$$00000004      0x080001aa   Section        0  libshutdown2.o(.ARM.Collect$$libshutdown$$00000004)
    .ARM.Collect$$libshutdown$$00000007      0x080001aa   Section        0  libshutdown2.o(.ARM.Collect$$libshutdown$$00000007)
    .ARM.Collect$$libshutdown$$0000000A      0x080001aa   Section        0  libshutdown2.o(.ARM.Collect$$libshutdown$$0000000A)
    .ARM.Collect$$libshutdown$$0000000C      0x080001aa   Section        0  libshutdown2.o(.ARM.Collect$$libshutdown$$0000000C)
    .ARM.Collect$$libshutdown$$0000000F      0x080001aa   Section        0  libshutdown2.o(.ARM.Collect$$libshutdown$$0000000F)
    .ARM.Collect$$libshutdown$$00000010      0x080001aa   Section        2  libshutdown2.o(.ARM.Collect$$libshutdown$$00000010)
    .ARM.Collect$$rtentry$$00000000          0x080001ac   Section        0  __rtentry.o(.ARM.Collect$$rtentry$$00000000)
    .ARM.Collect$$rtentry$$00000002          0x080001ac   Section        0  __rtentry2.o(.ARM.Collect$$rtentry$$00000002)
    .ARM.Collect$$rtentry$$00000004          0x080001ac   Section        6  __rtentry4.o(.ARM.Collect$$rtentry$$00000004)
    .ARM.Collect$$rtentry$$00000009          0x080001b2   Section        0  __rtentry2.o(.ARM.Collect$$rtentry$$00000009)
    .ARM.Collect$$rtentry$$0000000A          0x080001b2   Section        4  __rtentry2.o(.ARM.Collect$$rtentry$$0000000A)
    .ARM.Collect$$rtentry$$0000000C          0x080001b6   Section        0  __rtentry2.o(.ARM.Collect$$rtentry$$0000000C)
    .ARM.Collect$$rtentry$$0000000D          0x080001b6   Section        8  __rtentry2.o(.ARM.Collect$$rtentry$$0000000D)
    .ARM.Collect$$rtexit$$00000000           0x080001be   Section        2  rtexit.o(.ARM.Collect$$rtexit$$00000000)
    .ARM.Collect$$rtexit$$00000002           0x080001c0   Section        0  rtexit2.o(.ARM.Collect$$rtexit$$00000002)
    .ARM.Collect$$rtexit$$00000003           0x080001c0   Section        4  rtexit2.o(.ARM.Collect$$rtexit$$00000003)
    .ARM.Collect$$rtexit$$00000004           0x080001c4   Section        6  rtexit2.o(.ARM.Collect$$rtexit$$00000004)
    [Anonymous Symbol]                       0x080001cc   Section        0  main.o(.text)
    [Anonymous Symbol]                       0x08000560   Section        0  bldc.o(.text)
    [Anonymous Symbol]                       0x08000954   Section        0  setup.o(.text)
    [Anonymous Symbol]                       0x0800102c   Section        0  it.o(.text)
    [Anonymous Symbol]                       0x080011c8   Section        0  comms.o(.text)
    [Anonymous Symbol]                       0x08001364   Section        0  commssteering.o(.text)
    [Anonymous Symbol]                       0x08001488   Section        0  commsmasterslave.o(.text)
    [Anonymous Symbol]                       0x080015d8   Section        0  gd32f10x_adc.o(.text)
    [Anonymous Symbol]                       0x08001ac0   Section        0  gd32f10x_dma.o(.text)
    [Anonymous Symbol]                       0x08001ec4   Section        0  gd32f10x_fwdgt.o(.text)
    [Anonymous Symbol]                       0x08001fdc   Section        0  gd32f10x_gpio.o(.text)
    [Anonymous Symbol]                       0x08002458   Section        0  gd32f10x_misc.o(.text)
    [Anonymous Symbol]                       0x08002544   Section        0  gd32f10x_rcu.o(.text)
    [Anonymous Symbol]                       0x08002b44   Section        0  gd32f10x_timer.o(.text)
    [Anonymous Symbol]                       0x080038b8   Section        0  gd32f10x_usart.o(.text)
    .text                                    0x08003c1c   Section       64  startup_gd32f10x_hd.o(.text)
    [Anonymous Symbol]                       0x08003c5c   Section        0  system_gd32f10x.o(.text)
    .text                                    0x08003dde   Section        0  heapauxi.o(.text)
    .text                                    0x08003de4   Section       74  sys_stackheap_outer.o(.text)
    .text                                    0x08003e2e   Section        0  exit.o(.text)
    .text                                    0x08003e40   Section        8  libspace.o(.text)
    .text                                    0x08003e48   Section        0  sys_exit.o(.text)
    .text                                    0x08003e54   Section        2  use_no_semi.o(.text)
    .text                                    0x08003e56   Section        0  indicate_semi.o(.text)
    x$fpl$d2f                                0x08003e58   Section       98  d2f.o(x$fpl$d2f)
    x$fpl$dadd                               0x08003ebc   Section      336  daddsub_clz.o(x$fpl$dadd)
    _dadd1                                   0x08003ecd   Thumb Code     0  daddsub_clz.o(x$fpl$dadd)
    x$fpl$dflt                               0x0800400c   Section       46  dflt_clz.o(x$fpl$dflt)
    x$fpl$dfltu                              0x0800403a   Section       38  dflt_clz.o(x$fpl$dfltu)
    x$fpl$dmul                               0x08004060   Section      340  dmul.o(x$fpl$dmul)
    x$fpl$dnaninf                            0x080041b4   Section      156  dnaninf.o(x$fpl$dnaninf)
    x$fpl$dretinf                            0x08004250   Section       12  dretinf.o(x$fpl$dretinf)
    x$fpl$dsub                               0x0800425c   Section      476  daddsub_clz.o(x$fpl$dsub)
    _dsub1                                   0x0800426d   Thumb Code     0  daddsub_clz.o(x$fpl$dsub)
    x$fpl$f2d                                0x08004438   Section       86  f2d.o(x$fpl$f2d)
    x$fpl$fadd                               0x08004490   Section      196  faddsub_clz.o(x$fpl$fadd)
    _fadd1                                   0x0800449f   Thumb Code     0  faddsub_clz.o(x$fpl$fadd)
    x$fpl$fcmp                               0x08004554   Section       84  fcmp.o(x$fpl$fcmp)
    x$fpl$fcmpinf                            0x080045a8   Section       24  fcmpi.o(x$fpl$fcmpinf)
    _fdiv1                                   0x080045c1   Thumb Code     0  fdiv.o(x$fpl$fdiv)
    x$fpl$fdiv                               0x080045c0   Section      388  fdiv.o(x$fpl$fdiv)
    x$fpl$feqf                               0x08004744   Section      104  feqf.o(x$fpl$feqf)
    x$fpl$ffix                               0x080047ac   Section       54  ffix.o(x$fpl$ffix)
    x$fpl$fflt                               0x080047e4   Section       48  fflt_clz.o(x$fpl$fflt)
    x$fpl$ffltu                              0x08004814   Section       38  fflt_clz.o(x$fpl$ffltu)
    x$fpl$fgeqf                              0x0800483c   Section      104  fgeqf.o(x$fpl$fgeqf)
    x$fpl$fleqf                              0x080048a4   Section      104  fleqf.o(x$fpl$fleqf)
    x$fpl$fmul                               0x0800490c   Section      258  fmul.o(x$fpl$fmul)
    x$fpl$fnaninf                            0x08004a0e   Section      140  fnaninf.o(x$fpl$fnaninf)
    x$fpl$fretinf                            0x08004a9a   Section       10  fretinf.o(x$fpl$fretinf)
    x$fpl$fsub                               0x08004aa4   Section      234  faddsub_clz.o(x$fpl$fsub)
    _fsub1                                   0x08004ab3   Thumb Code     0  faddsub_clz.o(x$fpl$fsub)
    .L__const.rcu_clock_freq_get.apb2_exp    0x08004b8e   Data           8  gd32f10x_rcu.o(.rodata.cst8)
    x$fpl$usenofp                            0x08004b8e   Section        0  usenofp.o(x$fpl$usenofp)
    .bss                                     0x20000010   Section       96  libspace.o(.bss)
    sMasterSlaveRecord                       0x200000e4   Data           1  commsmasterslave.o(.bss.sMasterSlaveRecord)
    [Anonymous Symbol]                       0x200000e4   Section        0  commsmasterslave.o(.bss.sMasterSlaveRecord)
    sSteerRecord                             0x200000e5   Data           1  commssteering.o(.bss.sSteerRecord)
    [Anonymous Symbol]                       0x200000e5   Section        0  commssteering.o(.bss.sSteerRecord)
    sUSARTMasterSlaveRecordBuffer            0x200000e6   Data           5  commsmasterslave.o(.bss.sUSARTMasterSlaveRecordBuffer)
    [Anonymous Symbol]                       0x200000e6   Section        0  commsmasterslave.o(.bss.sUSARTMasterSlaveRecordBuffer)
    sUSARTMasterSlaveRecordBufferCounter     0x200000eb   Data           1  commsmasterslave.o(.bss.sUSARTMasterSlaveRecordBufferCounter)
    [Anonymous Symbol]                       0x200000eb   Section        0  commsmasterslave.o(.bss.sUSARTMasterSlaveRecordBufferCounter)
    sUSARTSteerRecordBuffer                  0x200000ec   Data           8  commssteering.o(.bss.sUSARTSteerRecordBuffer)
    [Anonymous Symbol]                       0x200000ec   Section        0  commssteering.o(.bss.sUSARTSteerRecordBuffer)
    sUSARTSteerRecordBufferCounter           0x200000f4   Data           1  commssteering.o(.bss.sUSARTSteerRecordBufferCounter)
    [Anonymous Symbol]                       0x200000f4   Section        0  commssteering.o(.bss.sUSARTSteerRecordBufferCounter)
    Heap_Mem                                 0x20000150   Data        8192  startup_gd32f10x_hd.o(HEAP)
    HEAP                                     0x20000150   Section     8192  startup_gd32f10x_hd.o(HEAP)
    Stack_Mem                                0x20002150   Data        8192  startup_gd32f10x_hd.o(STACK)
    STACK                                    0x20002150   Section     8192  startup_gd32f10x_hd.o(STACK)
    __initial_sp                             0x20004150   Data           0  startup_gd32f10x_hd.o(STACK)

    Global Symbols

    Symbol Name                              Value     Ov Type        Size  Object(Section)

    BuildAttributes$$THM_ISAv4$P$D$K$B$S$PE$A:L22UL41UL21$X:L11$S22US41US21$IEEE1$IW$~IW$USESV6$~STKCKD$USESV7$~SHL$OTIME$ROPI$EBA8$UX$STANDARDLIB$REQ8$PRES8$EABIv2 0x00000000   Number         0  anon$$obj.o ABSOLUTE
    __fp_init_empty                          0x00000000   Number         0  fpinit_empty.o ABSOLUTE
    __ARM_exceptions_init                     - Undefined Weak Reference
    __alloca_initialize                       - Undefined Weak Reference
    __arm_preinit_                            - Undefined Weak Reference
    __arm_relocate_pie_                       - Undefined Weak Reference
    __cpp_initialize__aeabi_                  - Undefined Weak Reference
    __cxa_finalize                            - Undefined Weak Reference
    __rt_locale                               - Undefined Weak Reference
    __sigvec_lookup                           - Undefined Weak Reference
    _atexit_init                              - Undefined Weak Reference
    _call_atexit_fns                          - Undefined Weak Reference
    _clock_init                               - Undefined Weak Reference
    _fp_trap_init                             - Undefined Weak Reference
    _fp_trap_shutdown                         - Undefined Weak Reference
    _get_lc_collate                           - Undefined Weak Reference
    _get_lc_ctype                             - Undefined Weak Reference
    _get_lc_monetary                          - Undefined Weak Reference
    _get_lc_numeric                           - Undefined Weak Reference
    _get_lc_time                              - Undefined Weak Reference
    _getenv_init                              - Undefined Weak Reference
    _handle_redirection                       - Undefined Weak Reference
    _init_alloc                               - Undefined Weak Reference
    _init_user_alloc                          - Undefined Weak Reference
    _initio                                   - Undefined Weak Reference
    _rand_init                                - Undefined Weak Reference
    _signal_finish                            - Undefined Weak Reference
    _signal_init                              - Undefined Weak Reference
    _terminate_alloc                          - Undefined Weak Reference
    _terminate_user_alloc                     - Undefined Weak Reference
    _terminateio                              - Undefined Weak Reference
    __Vectors_Size                           0x00000130   Number         0  startup_gd32f10x_hd.o ABSOLUTE
    __Vectors                                0x08000000   Data           4  startup_gd32f10x_hd.o(RESET)
    __Vectors_End                            0x08000130   Data           0  startup_gd32f10x_hd.o(RESET)
    __main                                   0x08000131   Thumb Code     8  __main.o(!!!main)
    __scatterload                            0x08000139   Thumb Code     0  __scatter.o(!!!scatter)
    __scatterload_rt2                        0x08000139   Thumb Code    44  __scatter.o(!!!scatter)
    __scatterload_rt2_thumb_only             0x08000139   Thumb Code     0  __scatter.o(!!!scatter)
    __scatterload_null                       0x08000147   Thumb Code     0  __scatter.o(!!!scatter)
    __scatterload_copy                       0x0800016d   Thumb Code    26  __scatter_copy.o(!!handler_copy)
    __scatterload_zeroinit                   0x08000189   Thumb Code    28  __scatter_zi.o(!!handler_zi)
    __rt_lib_init                            0x080001a5   Thumb Code     0  libinit.o(.ARM.Collect$$libinit$$00000000)
    __rt_lib_init_alloca_1                   0x080001a7   Thumb Code     0  libinit2.o(.ARM.Collect$$libinit$$00000030)
    __rt_lib_init_argv_1                     0x080001a7   Thumb Code     0  libinit2.o(.ARM.Collect$$libinit$$0000002E)
    __rt_lib_init_atexit_1                   0x080001a7   Thumb Code     0  libinit2.o(.ARM.Collect$$libinit$$0000001D)
    __rt_lib_init_clock_1                    0x080001a7   Thumb Code     0  libinit2.o(.ARM.Collect$$libinit$$00000023)
    __rt_lib_init_cpp_1                      0x080001a7   Thumb Code     0  libinit2.o(.ARM.Collect$$libinit$$00000034)
    __rt_lib_init_exceptions_1               0x080001a7   Thumb Code     0  libinit2.o(.ARM.Collect$$libinit$$00000032)
    __rt_lib_init_fp_1                       0x080001a7   Thumb Code     0  libinit2.o(.ARM.Collect$$libinit$$00000002)
    __rt_lib_init_fp_trap_1                  0x080001a7   Thumb Code     0  libinit2.o(.ARM.Collect$$libinit$$00000021)
    __rt_lib_init_getenv_1                   0x080001a7   Thumb Code     0  libinit2.o(.ARM.Collect$$libinit$$00000025)
    __rt_lib_init_heap_1                     0x080001a7   Thumb Code     0  libinit2.o(.ARM.Collect$$libinit$$0000000C)
    __rt_lib_init_lc_collate_1               0x080001a7   Thumb Code     0  libinit2.o(.ARM.Collect$$libinit$$00000013)
    __rt_lib_init_lc_ctype_1                 0x080001a7   Thumb Code     0  libinit2.o(.ARM.Collect$$libinit$$00000015)
    __rt_lib_init_lc_monetary_1              0x080001a7   Thumb Code     0  libinit2.o(.ARM.Collect$$libinit$$00000017)
    __rt_lib_init_lc_numeric_1               0x080001a7   Thumb Code     0  libinit2.o(.ARM.Collect$$libinit$$00000019)
    __rt_lib_init_lc_time_1                  0x080001a7   Thumb Code     0  libinit2.o(.ARM.Collect$$libinit$$0000001B)
    __rt_lib_init_preinit_1                  0x080001a7   Thumb Code     0  libinit2.o(.ARM.Collect$$libinit$$00000006)
    __rt_lib_init_rand_1                     0x080001a7   Thumb Code     0  libinit2.o(.ARM.Collect$$libinit$$00000010)
    __rt_lib_init_relocate_pie_1             0x080001a7   Thumb Code     0  libinit2.o(.ARM.Collect$$libinit$$00000004)
    __rt_lib_init_return                     0x080001a7   Thumb Code     0  libinit2.o(.ARM.Collect$$libinit$$00000035)
    __rt_lib_init_signal_1                   0x080001a7   Thumb Code     0  libinit2.o(.ARM.Collect$$libinit$$0000001F)
    __rt_lib_init_stdio_1                    0x080001a7   Thumb Code     0  libinit2.o(.ARM.Collect$$libinit$$00000027)
    __rt_lib_init_user_alloc_1               0x080001a7   Thumb Code     0  libinit2.o(.ARM.Collect$$libinit$$0000000E)
    __rt_lib_shutdown                        0x080001a9   Thumb Code     0  libshutdown.o(.ARM.Collect$$libshutdown$$00000000)
    __rt_lib_shutdown_cpp_1                  0x080001ab   Thumb Code     0  libshutdown2.o(.ARM.Collect$$libshutdown$$00000002)
    __rt_lib_shutdown_fp_trap_1              0x080001ab   Thumb Code     0  libshutdown2.o(.ARM.Collect$$libshutdown$$00000007)
    __rt_lib_shutdown_heap_1                 0x080001ab   Thumb Code     0  libshutdown2.o(.ARM.Collect$$libshutdown$$0000000F)
    __rt_lib_shutdown_return                 0x080001ab   Thumb Code     0  libshutdown2.o(.ARM.Collect$$libshutdown$$00000010)
    __rt_lib_shutdown_signal_1               0x080001ab   Thumb Code     0  libshutdown2.o(.ARM.Collect$$libshutdown$$0000000A)
    __rt_lib_shutdown_stdio_1                0x080001ab   Thumb Code     0  libshutdown2.o(.ARM.Collect$$libshutdown$$00000004)
    __rt_lib_shutdown_user_alloc_1           0x080001ab   Thumb Code     0  libshutdown2.o(.ARM.Collect$$libshutdown$$0000000C)
    __rt_entry                               0x080001ad   Thumb Code     0  __rtentry.o(.ARM.Collect$$rtentry$$00000000)
    __rt_entry_presh_1                       0x080001ad   Thumb Code     0  __rtentry2.o(.ARM.Collect$$rtentry$$00000002)
    __rt_entry_sh                            0x080001ad   Thumb Code     0  __rtentry4.o(.ARM.Collect$$rtentry$$00000004)
    __rt_entry_li                            0x080001b3   Thumb Code     0  __rtentry2.o(.ARM.Collect$$rtentry$$0000000A)
    __rt_entry_postsh_1                      0x080001b3   Thumb Code     0  __rtentry2.o(.ARM.Collect$$rtentry$$00000009)
    __rt_entry_main                          0x080001b7   Thumb Code     0  __rtentry2.o(.ARM.Collect$$rtentry$$0000000D)
    __rt_entry_postli_1                      0x080001b7   Thumb Code     0  __rtentry2.o(.ARM.Collect$$rtentry$$0000000C)
    __rt_exit                                0x080001bf   Thumb Code     0  rtexit.o(.ARM.Collect$$rtexit$$00000000)
    __rt_exit_ls                             0x080001c1   Thumb Code     0  rtexit2.o(.ARM.Collect$$rtexit$$00000003)
    __rt_exit_prels_1                        0x080001c1   Thumb Code     0  rtexit2.o(.ARM.Collect$$rtexit$$00000002)
    __rt_exit_exit                           0x080001c5   Thumb Code     0  rtexit2.o(.ARM.Collect$$rtexit$$00000004)
    main                                     0x080001cd   Thumb Code   848  main.o(.text)
    ShowBatteryState                         0x0800051d   Thumb Code     2  main.o(.text)
    BeepsBackwards                           0x08000521   Thumb Code    60  main.o(.text)
    ShutOff                                  0x0800055d   Thumb Code     2  main.o(.text)
    SetEnable                                0x08000561   Thumb Code    12  bldc.o(.text)
    SetPWM                                   0x0800056d   Thumb Code    38  bldc.o(.text)
    CalculateBLDC                            0x08000595   Thumb Code   958  bldc.o(.text)
    Interrupt_init                           0x08000955   Thumb Code     8  setup.o(.text)
    Watchdog_init                            0x0800095d   Thumb Code    44  setup.o(.text)
    TimeoutTimer_init                        0x08000989   Thumb Code    94  setup.o(.text)
    GPIO_init                                0x080009e9   Thumb Code   380  setup.o(.text)
    PWM_init                                 0x08000b65   Thumb Code   370  setup.o(.text)
    ADC_init_Poll                            0x08000cd9   Thumb Code   114  setup.o(.text)
    ADC_init                                 0x08000d4d   Thumb Code   272  setup.o(.text)
    USART_MasterSlave_init                   0x08000e5d   Thumb Code   244  setup.o(.text)
    USART_Steer_COM_init                     0x08000f51   Thumb Code   220  setup.o(.text)
    SysTick_Handler                          0x0800102d   Thumb Code    16  it.o(.text)
    ResetTimeout                             0x0800103d   Thumb Code    14  it.o(.text)
    TIMER3_IRQHandler                        0x0800104d   Thumb Code    96  it.o(.text)
    TIMER0_UP_IRQHandler                     0x080010ad   Thumb Code    46  it.o(.text)
    DMA0_Channel0_IRQHandler                 0x080010dd   Thumb Code    42  it.o(.text)
    DMA_Channel1_2_IRQHandler                0x08001109   Thumb Code    42  it.o(.text)
    DMA_Channel3_4_IRQHandler                0x08001135   Thumb Code    42  it.o(.text)
    millis                                   0x08001161   Thumb Code    12  it.o(.text)
    Delay                                    0x0800116d   Thumb Code    60  it.o(.text)
    NMI_Handler                              0x080011a9   Thumb Code     2  it.o(.text)
    HardFault_Handler                        0x080011ad   Thumb Code     2  it.o(.text)
    MemManage_Handler                        0x080011b1   Thumb Code     2  it.o(.text)
    BusFault_Handler                         0x080011b5   Thumb Code     2  it.o(.text)
    UsageFault_Handler                       0x080011b9   Thumb Code     2  it.o(.text)
    SVC_Handler                              0x080011bd   Thumb Code     2  it.o(.text)
    DebugMon_Handler                         0x080011c1   Thumb Code     2  it.o(.text)
    PendSV_Handler                           0x080011c5   Thumb Code     2  it.o(.text)
    SendBuffer                               0x080011c9   Thumb Code    46  comms.o(.text)
    CalcCRC                                  0x080011f9   Thumb Code   364  comms.o(.text)
    SendSteerDevice                          0x08001365   Thumb Code    34  commssteering.o(.text)
    UpdateUSARTSteerInput                    0x08001389   Thumb Code   172  commssteering.o(.text)
    CheckUSARTSteerInput                     0x08001435   Thumb Code    84  commssteering.o(.text)
    UpdateUSARTMasterSlaveInput              0x08001489   Thumb Code   148  commsmasterslave.o(.text)
    CheckUSARTMasterSlaveInput               0x0800151d   Thumb Code    60  commsmasterslave.o(.text)
    SendSlave                                0x08001559   Thumb Code   126  commsmasterslave.o(.text)
    adc_deinit                               0x080015d9   Thumb Code    72  gd32f10x_adc.o(.text)
    adc_mode_config                          0x08001621   Thumb Code    24  gd32f10x_adc.o(.text)
    adc_special_function_config              0x08001639   Thumb Code    92  gd32f10x_adc.o(.text)
    adc_data_alignment_config                0x08001695   Thumb Code    18  gd32f10x_adc.o(.text)
    adc_enable                               0x080016a9   Thumb Code    18  gd32f10x_adc.o(.text)
    adc_disable                              0x080016bd   Thumb Code    10  gd32f10x_adc.o(.text)
    adc_calibration_enable                   0x080016c9   Thumb Code    74  gd32f10x_adc.o(.text)
    adc_tempsensor_vrefint_enable            0x08001715   Thumb Code    18  gd32f10x_adc.o(.text)
    adc_tempsensor_vrefint_disable           0x08001729   Thumb Code    18  gd32f10x_adc.o(.text)
    adc_dma_mode_enable                      0x0800173d   Thumb Code    10  gd32f10x_adc.o(.text)
    adc_dma_mode_disable                     0x08001749   Thumb Code    10  gd32f10x_adc.o(.text)
    adc_discontinuous_mode_config            0x08001755   Thumb Code    60  gd32f10x_adc.o(.text)
    adc_channel_length_config                0x08001791   Thumb Code    58  gd32f10x_adc.o(.text)
    adc_regular_channel_config               0x080017cd   Thumb Code   164  gd32f10x_adc.o(.text)
    adc_inserted_channel_config              0x08001871   Thumb Code   100  gd32f10x_adc.o(.text)
    adc_inserted_channel_offset_config       0x080018d5   Thumb Code    26  gd32f10x_adc.o(.text)
    adc_external_trigger_source_config       0x080018f1   Thumb Code    34  gd32f10x_adc.o(.text)
    adc_external_trigger_config              0x08001915   Thumb Code    64  gd32f10x_adc.o(.text)
    adc_software_trigger_enable              0x08001955   Thumb Code    28  gd32f10x_adc.o(.text)
    adc_regular_data_read                    0x08001971   Thumb Code     6  gd32f10x_adc.o(.text)
    adc_inserted_data_read                   0x08001979   Thumb Code    16  gd32f10x_adc.o(.text)
    adc_sync_mode_convert_value_read         0x08001989   Thumb Code    12  gd32f10x_adc.o(.text)
    adc_watchdog_single_channel_enable       0x08001995   Thumb Code    34  gd32f10x_adc.o(.text)
    adc_watchdog_group_channel_enable        0x080019b9   Thumb Code    40  gd32f10x_adc.o(.text)
    adc_watchdog_disable                     0x080019ed   Thumb Code    16  gd32f10x_adc.o(.text)
    adc_watchdog_threshold_config            0x080019fd   Thumb Code    14  gd32f10x_adc.o(.text)
    adc_flag_get                             0x08001a0d   Thumb Code    10  gd32f10x_adc.o(.text)
    adc_flag_clear                           0x08001a19   Thumb Code    10  gd32f10x_adc.o(.text)
    adc_regular_software_startconv_flag_get  0x08001a25   Thumb Code     8  gd32f10x_adc.o(.text)
    adc_inserted_software_startconv_flag_get 0x08001a2d   Thumb Code     8  gd32f10x_adc.o(.text)
    adc_interrupt_flag_get                   0x08001a35   Thumb Code    48  gd32f10x_adc.o(.text)
    adc_interrupt_flag_clear                 0x08001a65   Thumb Code    10  gd32f10x_adc.o(.text)
    adc_interrupt_enable                     0x08001a71   Thumb Code    40  gd32f10x_adc.o(.text)
    adc_interrupt_disable                    0x08001a99   Thumb Code    40  gd32f10x_adc.o(.text)
    dma_deinit                               0x08001ac1   Thumb Code    60  gd32f10x_dma.o(.text)
    dma_struct_para_init                     0x08001afd   Thumb Code    20  gd32f10x_dma.o(.text)
    dma_init                                 0x08001b11   Thumb Code   116  gd32f10x_dma.o(.text)
    dma_circulation_enable                   0x08001b85   Thumb Code    36  gd32f10x_dma.o(.text)
    dma_circulation_disable                  0x08001ba9   Thumb Code    36  gd32f10x_dma.o(.text)
    dma_memory_to_memory_enable              0x08001bcd   Thumb Code    36  gd32f10x_dma.o(.text)
    dma_memory_to_memory_disable             0x08001bf1   Thumb Code    36  gd32f10x_dma.o(.text)
    dma_channel_enable                       0x08001c15   Thumb Code    36  gd32f10x_dma.o(.text)
    dma_channel_disable                      0x08001c39   Thumb Code    36  gd32f10x_dma.o(.text)
    dma_periph_address_config                0x08001c5d   Thumb Code    30  gd32f10x_dma.o(.text)
    dma_memory_address_config                0x08001c7d   Thumb Code    30  gd32f10x_dma.o(.text)
    dma_transfer_number_config               0x08001c9d   Thumb Code    32  gd32f10x_dma.o(.text)
    dma_transfer_number_get                  0x08001cbd   Thumb Code    30  gd32f10x_dma.o(.text)
    dma_priority_config                      0x08001cdd   Thumb Code    38  gd32f10x_dma.o(.text)
    dma_memory_width_config                  0x08001d05   Thumb Code    38  gd32f10x_dma.o(.text)
    dma_periph_width_config                  0x08001d2d   Thumb Code    38  gd32f10x_dma.o(.text)
    dma_memory_increase_enable               0x08001d55   Thumb Code    36  gd32f10x_dma.o(.text)
    dma_memory_increase_disable              0x08001d79   Thumb Code    36  gd32f10x_dma.o(.text)
    dma_periph_increase_enable               0x08001d9d   Thumb Code    36  gd32f10x_dma.o(.text)
    dma_periph_increase_disable              0x08001dc1   Thumb Code    36  gd32f10x_dma.o(.text)
    dma_transfer_direction_config            0x08001de5   Thumb Code    42  gd32f10x_dma.o(.text)
    dma_flag_get                             0x08001e11   Thumb Code    16  gd32f10x_dma.o(.text)
    dma_flag_clear                           0x08001e21   Thumb Code    14  gd32f10x_dma.o(.text)
    dma_interrupt_flag_get                   0x08001e31   Thumb Code    58  gd32f10x_dma.o(.text)
    dma_interrupt_flag_clear                 0x08001e6d   Thumb Code    14  gd32f10x_dma.o(.text)
    dma_interrupt_enable                     0x08001e7d   Thumb Code    34  gd32f10x_dma.o(.text)
    dma_interrupt_disable                    0x08001ea1   Thumb Code    34  gd32f10x_dma.o(.text)
    fwdgt_write_enable                       0x08001ec5   Thumb Code    16  gd32f10x_fwdgt.o(.text)
    fwdgt_write_disable                      0x08001ed5   Thumb Code    14  gd32f10x_fwdgt.o(.text)
    fwdgt_enable                             0x08001ee5   Thumb Code    16  gd32f10x_fwdgt.o(.text)
    fwdgt_counter_reload                     0x08001ef5   Thumb Code    16  gd32f10x_fwdgt.o(.text)
    fwdgt_config                             0x08001f05   Thumb Code   194  gd32f10x_fwdgt.o(.text)
    fwdgt_flag_get                           0x08001fc9   Thumb Code    18  gd32f10x_fwdgt.o(.text)
    gpio_deinit                              0x08001fdd   Thumb Code    42  gd32f10x_gpio.o(.text)
    gpio_afio_deinit                         0x08002009   Thumb Code    22  gd32f10x_gpio.o(.text)
    gpio_init                                0x08002021   Thumb Code   688  gd32f10x_gpio.o(.text)
    gpio_bit_set                             0x080022d1   Thumb Code     4  gd32f10x_gpio.o(.text)
    gpio_bit_reset                           0x080022d5   Thumb Code     4  gd32f10x_gpio.o(.text)
    gpio_bit_write                           0x080022d9   Thumb Code    12  gd32f10x_gpio.o(.text)
    gpio_port_write                          0x080022e5   Thumb Code     4  gd32f10x_gpio.o(.text)
    gpio_input_bit_get                       0x080022e9   Thumb Code    10  gd32f10x_gpio.o(.text)
    gpio_input_port_get                      0x080022f5   Thumb Code     6  gd32f10x_gpio.o(.text)
    gpio_output_bit_get                      0x080022fd   Thumb Code    10  gd32f10x_gpio.o(.text)
    gpio_output_port_get                     0x08002309   Thumb Code     6  gd32f10x_gpio.o(.text)
    gpio_pin_remap_config                    0x08002311   Thumb Code   122  gd32f10x_gpio.o(.text)
    gpio_exti_source_select                  0x0800238d   Thumb Code   130  gd32f10x_gpio.o(.text)
    gpio_event_output_config                 0x08002411   Thumb Code    22  gd32f10x_gpio.o(.text)
    gpio_event_output_enable                 0x08002429   Thumb Code    16  gd32f10x_gpio.o(.text)
    gpio_event_output_disable                0x08002439   Thumb Code    16  gd32f10x_gpio.o(.text)
    gpio_pin_lock                            0x08002449   Thumb Code    16  gd32f10x_gpio.o(.text)
    nvic_priority_group_set                  0x08002459   Thumb Code    20  gd32f10x_misc.o(.text)
    nvic_irq_enable                          0x0800246d   Thumb Code   100  gd32f10x_misc.o(.text)
    nvic_irq_disable                         0x080024d1   Thumb Code    30  gd32f10x_misc.o(.text)
    nvic_vector_table_set                    0x080024f1   Thumb Code    24  gd32f10x_misc.o(.text)
    system_lowpower_set                      0x08002509   Thumb Code    16  gd32f10x_misc.o(.text)
    system_lowpower_reset                    0x08002519   Thumb Code    18  gd32f10x_misc.o(.text)
    systick_clksource_set                    0x0800252d   Thumb Code    24  gd32f10x_misc.o(.text)
    rcu_deinit                               0x08002545   Thumb Code   100  gd32f10x_rcu.o(.text)
    rcu_osci_stab_wait                       0x080025a9   Thumb Code   308  gd32f10x_rcu.o(.text)
    rcu_periph_clock_enable                  0x080026dd   Thumb Code    30  gd32f10x_rcu.o(.text)
    rcu_periph_clock_disable                 0x080026fd   Thumb Code    32  gd32f10x_rcu.o(.text)
    rcu_periph_clock_sleep_enable            0x0800271d   Thumb Code    30  gd32f10x_rcu.o(.text)
    rcu_periph_clock_sleep_disable           0x0800273d   Thumb Code    32  gd32f10x_rcu.o(.text)
    rcu_periph_reset_enable                  0x0800275d   Thumb Code    30  gd32f10x_rcu.o(.text)
    rcu_periph_reset_disable                 0x0800277d   Thumb Code    32  gd32f10x_rcu.o(.text)
    rcu_bkp_reset_enable                     0x0800279d   Thumb Code    18  gd32f10x_rcu.o(.text)
    rcu_bkp_reset_disable                    0x080027b1   Thumb Code    18  gd32f10x_rcu.o(.text)
    rcu_system_clock_source_config           0x080027c5   Thumb Code    20  gd32f10x_rcu.o(.text)
    rcu_system_clock_source_get              0x080027d9   Thumb Code    16  gd32f10x_rcu.o(.text)
    rcu_ahb_clock_config                     0x080027e9   Thumb Code    20  gd32f10x_rcu.o(.text)
    rcu_apb1_clock_config                    0x080027fd   Thumb Code    20  gd32f10x_rcu.o(.text)
    rcu_apb2_clock_config                    0x08002811   Thumb Code    20  gd32f10x_rcu.o(.text)
    rcu_ckout0_config                        0x08002825   Thumb Code    20  gd32f10x_rcu.o(.text)
    rcu_pll_config                           0x08002839   Thumb Code    32  gd32f10x_rcu.o(.text)
    rcu_predv0_config                        0x08002859   Thumb Code    26  gd32f10x_rcu.o(.text)
    rcu_adc_clock_config                     0x08002875   Thumb Code    64  gd32f10x_rcu.o(.text)
    rcu_usb_clock_config                     0x080028b5   Thumb Code    20  gd32f10x_rcu.o(.text)
    rcu_rtc_clock_config                     0x080028c9   Thumb Code    20  gd32f10x_rcu.o(.text)
    rcu_flag_get                             0x080028dd   Thumb Code    26  gd32f10x_rcu.o(.text)
    rcu_all_reset_flag_clear                 0x080028f9   Thumb Code    18  gd32f10x_rcu.o(.text)
    rcu_interrupt_flag_get                   0x0800290d   Thumb Code    26  gd32f10x_rcu.o(.text)
    rcu_interrupt_flag_clear                 0x08002929   Thumb Code    30  gd32f10x_rcu.o(.text)
    rcu_interrupt_enable                     0x08002949   Thumb Code    30  gd32f10x_rcu.o(.text)
    rcu_interrupt_disable                    0x08002969   Thumb Code    32  gd32f10x_rcu.o(.text)
    rcu_osci_on                              0x08002989   Thumb Code    30  gd32f10x_rcu.o(.text)
    rcu_osci_off                             0x080029a9   Thumb Code    32  gd32f10x_rcu.o(.text)
    rcu_osci_bypass_mode_enable              0x080029c9   Thumb Code    64  gd32f10x_rcu.o(.text)
    rcu_osci_bypass_mode_disable             0x08002a09   Thumb Code    64  gd32f10x_rcu.o(.text)
    rcu_hxtal_clock_monitor_enable           0x08002a49   Thumb Code    18  gd32f10x_rcu.o(.text)
    rcu_hxtal_clock_monitor_disable          0x08002a5d   Thumb Code    18  gd32f10x_rcu.o(.text)
    rcu_irc8m_adjust_value_set               0x08002a71   Thumb Code    18  gd32f10x_rcu.o(.text)
    rcu_deepsleep_voltage_set                0x08002a85   Thumb Code    16  gd32f10x_rcu.o(.text)
    rcu_clock_freq_get                       0x08002a95   Thumb Code   160  gd32f10x_rcu.o(.text)
    timer_deinit                             0x08002b45   Thumb Code   194  gd32f10x_timer.o(.text)
    timer_struct_para_init                   0x08002c09   Thumb Code    18  gd32f10x_timer.o(.text)
    timer_init                               0x08002c1d   Thumb Code   284  gd32f10x_timer.o(.text)
    timer_enable                             0x08002d39   Thumb Code    10  gd32f10x_timer.o(.text)
    timer_disable                            0x08002d45   Thumb Code    10  gd32f10x_timer.o(.text)
    timer_auto_reload_shadow_enable          0x08002d51   Thumb Code    10  gd32f10x_timer.o(.text)
    timer_auto_reload_shadow_disable         0x08002d5d   Thumb Code    10  gd32f10x_timer.o(.text)
    timer_update_event_enable                0x08002d69   Thumb Code    10  gd32f10x_timer.o(.text)
    timer_update_event_disable               0x08002d75   Thumb Code    10  gd32f10x_timer.o(.text)
    timer_counter_alignment                  0x08002d81   Thumb Code    16  gd32f10x_timer.o(.text)
    timer_counter_up_direction               0x08002d91   Thumb Code    10  gd32f10x_timer.o(.text)
    timer_counter_down_direction             0x08002d9d   Thumb Code    10  gd32f10x_timer.o(.text)
    timer_prescaler_config                   0x08002da9   Thumb Code    18  gd32f10x_timer.o(.text)
    timer_repetition_value_config            0x08002dbd   Thumb Code     4  gd32f10x_timer.o(.text)
    timer_autoreload_value_config            0x08002dc1   Thumb Code     4  gd32f10x_timer.o(.text)
    timer_counter_value_config               0x08002dc5   Thumb Code     4  gd32f10x_timer.o(.text)
    timer_counter_read                       0x08002dc9   Thumb Code     4  gd32f10x_timer.o(.text)
    timer_prescaler_read                     0x08002dcd   Thumb Code     6  gd32f10x_timer.o(.text)
    timer_single_pulse_mode_config           0x08002dd5   Thumb Code    28  gd32f10x_timer.o(.text)
    timer_update_source_config               0x08002df1   Thumb Code    28  gd32f10x_timer.o(.text)
    timer_dma_enable                         0x08002e0d   Thumb Code     8  gd32f10x_timer.o(.text)
    timer_dma_disable                        0x08002e15   Thumb Code    10  gd32f10x_timer.o(.text)
    timer_channel_dma_request_source_select  0x08002e21   Thumb Code    28  gd32f10x_timer.o(.text)
    timer_dma_transfer_config                0x08002e3d   Thumb Code    24  gd32f10x_timer.o(.text)
    timer_event_software_generate            0x08002e55   Thumb Code     8  gd32f10x_timer.o(.text)
    timer_break_struct_para_init             0x08002e5d   Thumb Code    12  gd32f10x_timer.o(.text)
    timer_break_config                       0x08002e69   Thumb Code    38  gd32f10x_timer.o(.text)
    timer_break_enable                       0x08002e91   Thumb Code    10  gd32f10x_timer.o(.text)
    timer_break_disable                      0x08002e9d   Thumb Code    10  gd32f10x_timer.o(.text)
    timer_automatic_output_enable            0x08002ea9   Thumb Code    10  gd32f10x_timer.o(.text)
    timer_automatic_output_disable           0x08002eb5   Thumb Code    10  gd32f10x_timer.o(.text)
    timer_primary_output_config              0x08002ec1   Thumb Code    18  gd32f10x_timer.o(.text)
    timer_channel_control_shadow_config      0x08002ed5   Thumb Code    16  gd32f10x_timer.o(.text)
    timer_channel_control_shadow_update_config 0x08002ee5   Thumb Code    30  gd32f10x_timer.o(.text)
    timer_channel_output_struct_para_init    0x08002f05   Thumb Code    10  gd32f10x_timer.o(.text)
    timer_channel_output_config              0x08002f11   Thumb Code   518  gd32f10x_timer.o(.text)
    timer_channel_output_mode_config         0x08003119   Thumb Code    58  gd32f10x_timer.o(.text)
    timer_channel_output_pulse_value_config  0x08003155   Thumb Code    12  gd32f10x_timer.o(.text)
    timer_channel_output_shadow_config       0x08003161   Thumb Code    58  gd32f10x_timer.o(.text)
    timer_channel_output_fast_config         0x0800319d   Thumb Code    58  gd32f10x_timer.o(.text)
    timer_channel_output_clear_config        0x080031d9   Thumb Code    58  gd32f10x_timer.o(.text)
    timer_channel_output_polarity_config     0x08003215   Thumb Code    74  gd32f10x_timer.o(.text)
    timer_channel_complementary_output_polarity_config 0x08003261   Thumb Code    60  gd32f10x_timer.o(.text)
    timer_channel_output_state_config        0x0800329d   Thumb Code    74  gd32f10x_timer.o(.text)
    timer_channel_complementary_output_state_config 0x080032e9   Thumb Code    60  gd32f10x_timer.o(.text)
    timer_channel_input_struct_para_init     0x08003325   Thumb Code    12  gd32f10x_timer.o(.text)
    timer_input_capture_config               0x08003331   Thumb Code   356  gd32f10x_timer.o(.text)
    timer_channel_input_capture_prescaler_config 0x08003495   Thumb Code    58  gd32f10x_timer.o(.text)
    timer_channel_capture_value_register_read 0x080034d1   Thumb Code    14  gd32f10x_timer.o(.text)
    timer_input_pwm_capture_config           0x080034e1   Thumb Code   356  gd32f10x_timer.o(.text)
    timer_hall_mode_config                   0x08003645   Thumb Code    28  gd32f10x_timer.o(.text)
    timer_input_trigger_source_select        0x08003661   Thumb Code    16  gd32f10x_timer.o(.text)
    timer_master_output_trigger_source_select 0x08003671   Thumb Code    16  gd32f10x_timer.o(.text)
    timer_slave_mode_select                  0x08003681   Thumb Code    16  gd32f10x_timer.o(.text)
    timer_master_slave_mode_config           0x08003691   Thumb Code    28  gd32f10x_timer.o(.text)
    timer_external_trigger_config            0x080036ad   Thumb Code    34  gd32f10x_timer.o(.text)
    timer_quadrature_decoder_mode_config     0x080036d1   Thumb Code    78  gd32f10x_timer.o(.text)
    timer_internal_clock_config              0x08003721   Thumb Code    10  gd32f10x_timer.o(.text)
    timer_internal_trigger_as_external_clock_config 0x0800372d   Thumb Code    32  gd32f10x_timer.o(.text)
    timer_external_trigger_as_external_clock_config 0x0800374d   Thumb Code   174  gd32f10x_timer.o(.text)
    timer_external_clock_mode0_config        0x080037fd   Thumb Code    50  gd32f10x_timer.o(.text)
    timer_external_clock_mode1_config        0x08003831   Thumb Code    42  gd32f10x_timer.o(.text)
    timer_external_clock_mode1_disable       0x0800385d   Thumb Code    10  gd32f10x_timer.o(.text)
    timer_interrupt_enable                   0x08003869   Thumb Code     8  gd32f10x_timer.o(.text)
    timer_interrupt_disable                  0x08003871   Thumb Code    10  gd32f10x_timer.o(.text)
    timer_interrupt_flag_get                 0x0800387d   Thumb Code    22  gd32f10x_timer.o(.text)
    timer_interrupt_flag_clear               0x08003895   Thumb Code    10  gd32f10x_timer.o(.text)
    timer_flag_get                           0x080038a1   Thumb Code    10  gd32f10x_timer.o(.text)
    timer_flag_clear                         0x080038ad   Thumb Code    10  gd32f10x_timer.o(.text)
    usart_deinit                             0x080038b9   Thumb Code   122  gd32f10x_usart.o(.text)
    usart_baudrate_set                       0x08003935   Thumb Code   106  gd32f10x_usart.o(.text)
    usart_parity_config                      0x080039a1   Thumb Code    16  gd32f10x_usart.o(.text)
    usart_word_length_set                    0x080039b1   Thumb Code    16  gd32f10x_usart.o(.text)
    usart_stop_bit_set                       0x080039c1   Thumb Code    16  gd32f10x_usart.o(.text)
    usart_enable                             0x080039d1   Thumb Code    10  gd32f10x_usart.o(.text)
    usart_disable                            0x080039dd   Thumb Code    10  gd32f10x_usart.o(.text)
    usart_transmit_config                    0x080039e9   Thumb Code    12  gd32f10x_usart.o(.text)
    usart_receive_config                     0x080039f5   Thumb Code    12  gd32f10x_usart.o(.text)
    usart_data_transmit                      0x08003a01   Thumb Code     8  gd32f10x_usart.o(.text)
    usart_data_receive                       0x08003a09   Thumb Code     8  gd32f10x_usart.o(.text)
    usart_address_config                     0x08003a11   Thumb Code    20  gd32f10x_usart.o(.text)
    usart_mute_mode_enable                   0x08003a25   Thumb Code    10  gd32f10x_usart.o(.text)
    usart_mute_mode_disable                  0x08003a31   Thumb Code    10  gd32f10x_usart.o(.text)
    usart_mute_mode_wakeup_config            0x08003a3d   Thumb Code    16  gd32f10x_usart.o(.text)
    usart_lin_mode_enable                    0x08003a4d   Thumb Code    10  gd32f10x_usart.o(.text)
    usart_lin_mode_disable                   0x08003a59   Thumb Code    10  gd32f10x_usart.o(.text)
    usart_lin_break_detection_length_config  0x08003a65   Thumb Code    20  gd32f10x_usart.o(.text)
    usart_send_break                         0x08003a79   Thumb Code    10  gd32f10x_usart.o(.text)
    usart_halfduplex_enable                  0x08003a85   Thumb Code    10  gd32f10x_usart.o(.text)
    usart_halfduplex_disable                 0x08003a91   Thumb Code    10  gd32f10x_usart.o(.text)
    usart_synchronous_clock_enable           0x08003a9d   Thumb Code    10  gd32f10x_usart.o(.text)
    usart_synchronous_clock_disable          0x08003aa9   Thumb Code    10  gd32f10x_usart.o(.text)
    usart_synchronous_clock_config           0x08003ab5   Thumb Code    30  gd32f10x_usart.o(.text)
    usart_guard_time_config                  0x08003ad5   Thumb Code    20  gd32f10x_usart.o(.text)
    usart_smartcard_mode_enable              0x08003ae9   Thumb Code    10  gd32f10x_usart.o(.text)
    usart_smartcard_mode_disable             0x08003af5   Thumb Code    10  gd32f10x_usart.o(.text)
    usart_smartcard_mode_nack_enable         0x08003b01   Thumb Code    10  gd32f10x_usart.o(.text)
    usart_smartcard_mode_nack_disable        0x08003b0d   Thumb Code    10  gd32f10x_usart.o(.text)
    usart_irda_mode_enable                   0x08003b19   Thumb Code    10  gd32f10x_usart.o(.text)
    usart_irda_mode_disable                  0x08003b25   Thumb Code    10  gd32f10x_usart.o(.text)
    usart_prescaler_config                   0x08003b31   Thumb Code    16  gd32f10x_usart.o(.text)
    usart_irda_lowpower_config               0x08003b41   Thumb Code    20  gd32f10x_usart.o(.text)
    usart_hardware_flow_rts_config           0x08003b55   Thumb Code    12  gd32f10x_usart.o(.text)
    usart_hardware_flow_cts_config           0x08003b61   Thumb Code    12  gd32f10x_usart.o(.text)
    usart_dma_receive_config                 0x08003b6d   Thumb Code    12  gd32f10x_usart.o(.text)
    usart_dma_transmit_config                0x08003b79   Thumb Code    12  gd32f10x_usart.o(.text)
    usart_flag_get                           0x08003b85   Thumb Code    16  gd32f10x_usart.o(.text)
    usart_flag_clear                         0x08003b95   Thumb Code    24  gd32f10x_usart.o(.text)
    usart_interrupt_enable                   0x08003bad   Thumb Code    24  gd32f10x_usart.o(.text)
    usart_interrupt_disable                  0x08003bc5   Thumb Code    26  gd32f10x_usart.o(.text)
    usart_interrupt_flag_get                 0x08003be1   Thumb Code    34  gd32f10x_usart.o(.text)
    usart_interrupt_flag_clear               0x08003c05   Thumb Code    24  gd32f10x_usart.o(.text)
    Reset_Handler                            0x08003c1d   Thumb Code     8  startup_gd32f10x_hd.o(.text)
    ADC0_1_IRQHandler                        0x08003c37   Thumb Code     0  startup_gd32f10x_hd.o(.text)
    ADC2_IRQHandler                          0x08003c37   Thumb Code     0  startup_gd32f10x_hd.o(.text)
    CAN0_EWMC_IRQHandler                     0x08003c37   Thumb Code     0  startup_gd32f10x_hd.o(.text)
    CAN0_RX1_IRQHandler                      0x08003c37   Thumb Code     0  startup_gd32f10x_hd.o(.text)
    DMA0_Channel1_IRQHandler                 0x08003c37   Thumb Code     0  startup_gd32f10x_hd.o(.text)
    DMA0_Channel2_IRQHandler                 0x08003c37   Thumb Code     0  startup_gd32f10x_hd.o(.text)
    DMA0_Channel3_IRQHandler                 0x08003c37   Thumb Code     0  startup_gd32f10x_hd.o(.text)
    DMA0_Channel4_IRQHandler                 0x08003c37   Thumb Code     0  startup_gd32f10x_hd.o(.text)
    DMA0_Channel5_IRQHandler                 0x08003c37   Thumb Code     0  startup_gd32f10x_hd.o(.text)
    DMA0_Channel6_IRQHandler                 0x08003c37   Thumb Code     0  startup_gd32f10x_hd.o(.text)
    DMA1_Channel0_IRQHandler                 0x08003c37   Thumb Code     0  startup_gd32f10x_hd.o(.text)
    DMA1_Channel1_IRQHandler                 0x08003c37   Thumb Code     0  startup_gd32f10x_hd.o(.text)
    DMA1_Channel2_IRQHandler                 0x08003c37   Thumb Code     0  startup_gd32f10x_hd.o(.text)
    DMA1_Channel3_4_IRQHandler               0x08003c37   Thumb Code     0  startup_gd32f10x_hd.o(.text)
    EXMC_IRQHandler                          0x08003c37   Thumb Code     0  startup_gd32f10x_hd.o(.text)
    EXTI0_IRQHandler                         0x08003c37   Thumb Code     0  startup_gd32f10x_hd.o(.text)
    EXTI10_15_IRQHandler                     0x08003c37   Thumb Code     0  startup_gd32f10x_hd.o(.text)
    EXTI1_IRQHandler                         0x08003c37   Thumb Code     0  startup_gd32f10x_hd.o(.text)
    EXTI2_IRQHandler                         0x08003c37   Thumb Code     0  startup_gd32f10x_hd.o(.text)
    EXTI3_IRQHandler                         0x08003c37   Thumb Code     0  startup_gd32f10x_hd.o(.text)
    EXTI4_IRQHandler                         0x08003c37   Thumb Code     0  startup_gd32f10x_hd.o(.text)
    EXTI5_9_IRQHandler                       0x08003c37   Thumb Code     0  startup_gd32f10x_hd.o(.text)
    FMC_IRQHandler                           0x08003c37   Thumb Code     0  startup_gd32f10x_hd.o(.text)
    I2C0_ER_IRQHandler                       0x08003c37   Thumb Code     0  startup_gd32f10x_hd.o(.text)
    I2C0_EV_IRQHandler                       0x08003c37   Thumb Code     0  startup_gd32f10x_hd.o(.text)
    I2C1_ER_IRQHandler                       0x08003c37   Thumb Code     0  startup_gd32f10x_hd.o(.text)
    I2C1_EV_IRQHandler                       0x08003c37   Thumb Code     0  startup_gd32f10x_hd.o(.text)
    LVD_IRQHandler                           0x08003c37   Thumb Code     0  startup_gd32f10x_hd.o(.text)
    RCU_IRQHandler                           0x08003c37   Thumb Code     0  startup_gd32f10x_hd.o(.text)
    RTC_Alarm_IRQHandler                     0x08003c37   Thumb Code     0  startup_gd32f10x_hd.o(.text)
    RTC_IRQHandler                           0x08003c37   Thumb Code     0  startup_gd32f10x_hd.o(.text)
    SDIO_IRQHandler                          0x08003c37   Thumb Code     0  startup_gd32f10x_hd.o(.text)
    SPI0_IRQHandler                          0x08003c37   Thumb Code     0  startup_gd32f10x_hd.o(.text)
    SPI1_IRQHandler                          0x08003c37   Thumb Code     0  startup_gd32f10x_hd.o(.text)
    SPI2_IRQHandler                          0x08003c37   Thumb Code     0  startup_gd32f10x_hd.o(.text)
    TAMPER_IRQHandler                        0x08003c37   Thumb Code     0  startup_gd32f10x_hd.o(.text)
    TIMER0_BRK_IRQHandler                    0x08003c37   Thumb Code     0  startup_gd32f10x_hd.o(.text)
    TIMER0_Channel_IRQHandler                0x08003c37   Thumb Code     0  startup_gd32f10x_hd.o(.text)
    TIMER0_TRG_CMT_IRQHandler                0x08003c37   Thumb Code     0  startup_gd32f10x_hd.o(.text)
    TIMER1_IRQHandler                        0x08003c37   Thumb Code     0  startup_gd32f10x_hd.o(.text)
    TIMER2_IRQHandler                        0x08003c37   Thumb Code     0  startup_gd32f10x_hd.o(.text)
    TIMER4_IRQHandler                        0x08003c37   Thumb Code     0  startup_gd32f10x_hd.o(.text)
    TIMER5_IRQHandler                        0x08003c37   Thumb Code     0  startup_gd32f10x_hd.o(.text)
    TIMER6_IRQHandler                        0x08003c37   Thumb Code     0  startup_gd32f10x_hd.o(.text)
    TIMER7_BRK_IRQHandler                    0x08003c37   Thumb Code     0  startup_gd32f10x_hd.o(.text)
    TIMER7_Channel_IRQHandler                0x08003c37   Thumb Code     0  startup_gd32f10x_hd.o(.text)
    TIMER7_TRG_CMT_IRQHandler                0x08003c37   Thumb Code     0  startup_gd32f10x_hd.o(.text)
    TIMER7_UP_IRQHandler                     0x08003c37   Thumb Code     0  startup_gd32f10x_hd.o(.text)
    UART3_IRQHandler                         0x08003c37   Thumb Code     0  startup_gd32f10x_hd.o(.text)
    UART4_IRQHandler                         0x08003c37   Thumb Code     0  startup_gd32f10x_hd.o(.text)
    USART0_IRQHandler                        0x08003c37   Thumb Code     0  startup_gd32f10x_hd.o(.text)
    USART1_IRQHandler                        0x08003c37   Thumb Code     0  startup_gd32f10x_hd.o(.text)
    USART2_IRQHandler                        0x08003c37   Thumb Code     0  startup_gd32f10x_hd.o(.text)
    USBD_HP_CAN0_TX_IRQHandler               0x08003c37   Thumb Code     0  startup_gd32f10x_hd.o(.text)
    USBD_LP_CAN0_RX0_IRQHandler              0x08003c37   Thumb Code     0  startup_gd32f10x_hd.o(.text)
    USBD_WKUP_IRQHandler                     0x08003c37   Thumb Code     0  startup_gd32f10x_hd.o(.text)
    WWDGT_IRQHandler                         0x08003c37   Thumb Code     0  startup_gd32f10x_hd.o(.text)
    __user_initial_stackheap                 0x08003c39   Thumb Code    10  startup_gd32f10x_hd.o(.text)
    SystemInit                               0x08003c5d   Thumb Code   294  system_gd32f10x.o(.text)
    SystemCoreClockUpdate                    0x08003d85   Thumb Code    90  system_gd32f10x.o(.text)
    __use_two_region_memory                  0x08003ddf   Thumb Code     2  heapauxi.o(.text)
    __rt_heap_escrow$2region                 0x08003de1   Thumb Code     2  heapauxi.o(.text)
    __rt_heap_expand$2region                 0x08003de3   Thumb Code     2  heapauxi.o(.text)
    __user_setup_stackheap                   0x08003de5   Thumb Code    74  sys_stackheap_outer.o(.text)
    exit                                     0x08003e2f   Thumb Code    18  exit.o(.text)
    __user_libspace                          0x08003e41   Thumb Code     8  libspace.o(.text)
    __user_perproc_libspace                  0x08003e41   Thumb Code     0  libspace.o(.text)
    __user_perthread_libspace                0x08003e41   Thumb Code     0  libspace.o(.text)
    _sys_exit                                0x08003e49   Thumb Code     8  sys_exit.o(.text)
    __I$use$semihosting                      0x08003e55   Thumb Code     0  use_no_semi.o(.text)
    __use_no_semihosting_swi                 0x08003e55   Thumb Code     2  use_no_semi.o(.text)
    __semihosting_library_function           0x08003e57   Thumb Code     0  indicate_semi.o(.text)
    __aeabi_d2f                              0x08003e59   Thumb Code     0  d2f.o(x$fpl$d2f)
    _d2f                                     0x08003e59   Thumb Code    98  d2f.o(x$fpl$d2f)
    __aeabi_dadd                             0x08003ebd   Thumb Code     0  daddsub_clz.o(x$fpl$dadd)
    _dadd                                    0x08003ebd   Thumb Code   332  daddsub_clz.o(x$fpl$dadd)
    __aeabi_i2d                              0x0800400d   Thumb Code     0  dflt_clz.o(x$fpl$dflt)
    _dflt                                    0x0800400d   Thumb Code    46  dflt_clz.o(x$fpl$dflt)
    __aeabi_ui2d                             0x0800403b   Thumb Code     0  dflt_clz.o(x$fpl$dfltu)
    _dfltu                                   0x0800403b   Thumb Code    38  dflt_clz.o(x$fpl$dfltu)
    __aeabi_dmul                             0x08004061   Thumb Code     0  dmul.o(x$fpl$dmul)
    _dmul                                    0x08004061   Thumb Code   332  dmul.o(x$fpl$dmul)
    __fpl_dnaninf                            0x080041b5   Thumb Code   156  dnaninf.o(x$fpl$dnaninf)
    __fpl_dretinf                            0x08004251   Thumb Code    12  dretinf.o(x$fpl$dretinf)
    __aeabi_dsub                             0x0800425d   Thumb Code     0  daddsub_clz.o(x$fpl$dsub)
    _dsub                                    0x0800425d   Thumb Code   472  daddsub_clz.o(x$fpl$dsub)
    __aeabi_f2d                              0x08004439   Thumb Code     0  f2d.o(x$fpl$f2d)
    _f2d                                     0x08004439   Thumb Code    86  f2d.o(x$fpl$f2d)
    __aeabi_fadd                             0x08004491   Thumb Code     0  faddsub_clz.o(x$fpl$fadd)
    _fadd                                    0x08004491   Thumb Code   196  faddsub_clz.o(x$fpl$fadd)
    __aeabi_fcmpeq                           0x08004555   Thumb Code     0  fcmp.o(x$fpl$fcmp)
    _feq                                     0x08004555   Thumb Code    14  fcmp.o(x$fpl$fcmp)
    _fneq                                    0x08004563   Thumb Code    14  fcmp.o(x$fpl$fcmp)
    __aeabi_fcmpgt                           0x08004571   Thumb Code     0  fcmp.o(x$fpl$fcmp)
    _fgr                                     0x08004571   Thumb Code    14  fcmp.o(x$fpl$fcmp)
    __aeabi_fcmpge                           0x0800457f   Thumb Code     0  fcmp.o(x$fpl$fcmp)
    _fgeq                                    0x0800457f   Thumb Code    14  fcmp.o(x$fpl$fcmp)
    __aeabi_fcmple                           0x0800458d   Thumb Code     0  fcmp.o(x$fpl$fcmp)
    _fleq                                    0x0800458d   Thumb Code    14  fcmp.o(x$fpl$fcmp)
    __aeabi_fcmplt                           0x0800459b   Thumb Code     0  fcmp.o(x$fpl$fcmp)
    _fls                                     0x0800459b   Thumb Code    14  fcmp.o(x$fpl$fcmp)
    __fpl_fcmp_Inf                           0x080045a9   Thumb Code    24  fcmpi.o(x$fpl$fcmpinf)
    __aeabi_fdiv                             0x080045c1   Thumb Code     0  fdiv.o(x$fpl$fdiv)
    _fdiv                                    0x080045c1   Thumb Code   384  fdiv.o(x$fpl$fdiv)
    __aeabi_cfcmpeq                          0x08004745   Thumb Code     0  feqf.o(x$fpl$feqf)
    _fcmpeq                                  0x08004745   Thumb Code   104  feqf.o(x$fpl$feqf)
    __aeabi_f2iz                             0x080047ad   Thumb Code     0  ffix.o(x$fpl$ffix)
    _ffix                                    0x080047ad   Thumb Code    54  ffix.o(x$fpl$ffix)
    __aeabi_i2f                              0x080047e5   Thumb Code     0  fflt_clz.o(x$fpl$fflt)
    _fflt                                    0x080047e5   Thumb Code    48  fflt_clz.o(x$fpl$fflt)
    __aeabi_ui2f                             0x08004815   Thumb Code     0  fflt_clz.o(x$fpl$ffltu)
    _ffltu                                   0x08004815   Thumb Code    38  fflt_clz.o(x$fpl$ffltu)
    _fcmpge                                  0x0800483d   Thumb Code   104  fgeqf.o(x$fpl$fgeqf)
    __aeabi_cfcmple                          0x080048a5   Thumb Code     0  fleqf.o(x$fpl$fleqf)
    _fcmple                                  0x080048a5   Thumb Code   104  fleqf.o(x$fpl$fleqf)
    __fpl_fcmple_InfNaN                      0x080048f7   Thumb Code     0  fleqf.o(x$fpl$fleqf)
    __aeabi_fmul                             0x0800490d   Thumb Code     0  fmul.o(x$fpl$fmul)
    _fmul                                    0x0800490d   Thumb Code   258  fmul.o(x$fpl$fmul)
    __fpl_fnaninf                            0x08004a0f   Thumb Code   140  fnaninf.o(x$fpl$fnaninf)
    __fpl_fretinf                            0x08004a9b   Thumb Code    10  fretinf.o(x$fpl$fretinf)
    __aeabi_fsub                             0x08004aa5   Thumb Code     0  faddsub_clz.o(x$fpl$fsub)
    _fsub                                    0x08004aa5   Thumb Code   234  faddsub_clz.o(x$fpl$fsub)
    __I$use$fp                               0x08004b8e   Number         0  usenofp.o(x$fpl$usenofp)
    hall_to_pos                              0x08004b96   Data           8  bldc.o(.rodata.hall_to_pos)
    lookUpTableAngle                         0x08004ba0   Data         724  main.o(.rodata.lookUpTableAngle)
    Region$$Table$$Base                      0x08004e74   Number         0  anon$$obj.o(Region$$Table)
    Region$$Table$$Limit                     0x08004e94   Number         0  anon$$obj.o(Region$$Table)
    SystemCoreClock                          0x20000000   Data           4  system_gd32f10x.o(.data.SystemCoreClock)
    batteryVoltage                           0x20000004   Data           4  bldc.o(.data.batteryVoltage)
    offsetdc                                 0x20000008   Data           2  bldc.o(.data.offsetdc)
    timedOut                                 0x2000000a   Data           1  it.o(.data.timedOut)
    __libspace_start                         0x20000010   Data          96  libspace.o(.bss)
    __temporary_stack_top$libspace           0x20000070   Data           0  libspace.o(.bss)
    adc_buffer                               0x20000070   Data           4  bldc.o(.bss.adc_buffer)
    b                                        0x20000074   Data           4  bldc.o(.bss.b)
    beepsBackwards                           0x20000078   Data           1  main.o(.bss.beepsBackwards)
    bldc_enable                              0x20000079   Data           1  bldc.o(.bss.bldc_enable)
    bldc_inputFilterPwm                      0x2000007a   Data           2  bldc.o(.bss.bldc_inputFilterPwm)
    bldc_outputFilterPwm                     0x2000007c   Data           2  bldc.o(.bss.bldc_outputFilterPwm)
    buzzerFreq                               0x2000007e   Data           1  bldc.o(.bss.buzzerFreq)
    buzzerPattern                            0x2000007f   Data           1  bldc.o(.bss.buzzerPattern)
    buzzerTimer                              0x20000080   Data           2  bldc.o(.bss.buzzerTimer)
    buzzerToggle                             0x20000082   Data           1  bldc.o(.bss.buzzerToggle)
    currentDC                                0x20000084   Data           4  bldc.o(.bss.currentDC)
    dma_init_struct_adc                      0x20000088   Data          28  setup.o(.bss.dma_init_struct_adc)
    dma_init_struct_usart                    0x200000a4   Data          28  setup.o(.bss.dma_init_struct_usart)
    filter_reg                               0x200000c0   Data           4  bldc.o(.bss.filter_reg)
    g                                        0x200000c4   Data           4  bldc.o(.bss.g)
    hall                                     0x200000c8   Data           1  bldc.o(.bss.hall)
    hall_a                                   0x200000c9   Data           1  bldc.o(.bss.hall_a)
    hall_b                                   0x200000ca   Data           1  bldc.o(.bss.hall_b)
    hall_c                                   0x200000cb   Data           1  bldc.o(.bss.hall_c)
    iDebug                                   0x200000cc   Data           4  bldc.o(.bss.iDebug)
    inactivity_timeout_counter               0x200000d0   Data           4  main.o(.bss.inactivity_timeout_counter)
    lastPos                                  0x200000d4   Data           1  bldc.o(.bss.lastPos)
    msTicks                                  0x200000d8   Data           4  it.o(.bss.msTicks)
    offsetcount                              0x200000dc   Data           2  bldc.o(.bss.offsetcount)
    pos                                      0x200000de   Data           1  bldc.o(.bss.pos)
    realSpeed                                0x200000e0   Data           4  bldc.o(.bss.realSpeed)
    speed                                    0x200000f8   Data           4  main.o(.bss.speed)
    speedCounter                             0x200000fc   Data           4  bldc.o(.bss.speedCounter)
    steer                                    0x20000100   Data           4  main.o(.bss.steer)
    steerCounter                             0x20000104   Data           4  main.o(.bss.steerCounter)
    timeoutCounter_ms                        0x20000108   Data           4  it.o(.bss.timeoutCounter_ms)
    timeoutTimer_paramter_struct             0x2000010c   Data          16  setup.o(.bss.timeoutTimer_paramter_struct)
    timerBldc_break_parameter_struct         0x2000011c   Data          14  setup.o(.bss.timerBldc_break_parameter_struct)
    timerBldc_oc_parameter_struct            0x2000012a   Data          12  setup.o(.bss.timerBldc_oc_parameter_struct)
    timerBldc_paramter_struct                0x20000138   Data          16  setup.o(.bss.timerBldc_paramter_struct)
    usartMasterSlave_rx_buf                  0x20000148   Data           1  setup.o(.bss.usartMasterSlave_rx_buf)
    usartSteer_COM_rx_buf                    0x20000149   Data           1  setup.o(.bss.usartSteer_COM_rx_buf)
    y                                        0x2000014c   Data           4  bldc.o(.bss.y)



==============================================================================

Memory Map of the image

  Image Entry point : 0x08000131

  Load Region LR_IROM1 (Base: 0x08000000, Size: 0x00004ea8, Max: 0x00010000, ABSOLUTE)

    Execution Region ER_IROM1 (Exec base: 0x08000000, Load base: 0x08000000, Size: 0x00004e94, Max: 0x00010000, ABSOLUTE)

    Exec Addr    Load Addr    Size         Type   Attr      Idx    E Section Name        Object

    0x08000000   0x08000000   0x00000130   Data   RO          215    RESET               startup_gd32f10x_hd.o
    0x08000130   0x08000130   0x00000008   Code   RO          236  * !!!main             c_w.l(__main.o)
    0x08000138   0x08000138   0x00000034   Code   RO          460    !!!scatter          c_w.l(__scatter.o)
    0x0800016c   0x0800016c   0x0000001a   Code   RO          462    !!handler_copy      c_w.l(__scatter_copy.o)
    0x08000186   0x08000186   0x00000002   PAD
    0x08000188   0x08000188   0x0000001c   Code   RO          464    !!handler_zi        c_w.l(__scatter_zi.o)
    0x080001a4   0x080001a4   0x00000002   Code   RO          322    .ARM.Collect$$libinit$$00000000  c_w.l(libinit.o)
    0x080001a6   0x080001a6   0x00000000   Code   RO          329    .ARM.Collect$$libinit$$00000002  c_w.l(libinit2.o)
    0x080001a6   0x080001a6   0x00000000   Code   RO          331    .ARM.Collect$$libinit$$00000004  c_w.l(libinit2.o)
    0x080001a6   0x080001a6   0x00000000   Code   RO          333    .ARM.Collect$$libinit$$00000006  c_w.l(libinit2.o)
    0x080001a6   0x080001a6   0x00000000   Code   RO          336    .ARM.Collect$$libinit$$0000000C  c_w.l(libinit2.o)
    0x080001a6   0x080001a6   0x00000000   Code   RO          338    .ARM.Collect$$libinit$$0000000E  c_w.l(libinit2.o)
    0x080001a6   0x080001a6   0x00000000   Code   RO          340    .ARM.Collect$$libinit$$00000010  c_w.l(libinit2.o)
    0x080001a6   0x080001a6   0x00000000   Code   RO          343    .ARM.Collect$$libinit$$00000013  c_w.l(libinit2.o)
    0x080001a6   0x080001a6   0x00000000   Code   RO          345    .ARM.Collect$$libinit$$00000015  c_w.l(libinit2.o)
    0x080001a6   0x080001a6   0x00000000   Code   RO          347    .ARM.Collect$$libinit$$00000017  c_w.l(libinit2.o)
    0x080001a6   0x080001a6   0x00000000   Code   RO          349    .ARM.Collect$$libinit$$00000019  c_w.l(libinit2.o)
    0x080001a6   0x080001a6   0x00000000   Code   RO          351    .ARM.Collect$$libinit$$0000001B  c_w.l(libinit2.o)
    0x080001a6   0x080001a6   0x00000000   Code   RO          353    .ARM.Collect$$libinit$$0000001D  c_w.l(libinit2.o)
    0x080001a6   0x080001a6   0x00000000   Code   RO          355    .ARM.Collect$$libinit$$0000001F  c_w.l(libinit2.o)
    0x080001a6   0x080001a6   0x00000000   Code   RO          357    .ARM.Collect$$libinit$$00000021  c_w.l(libinit2.o)
    0x080001a6   0x080001a6   0x00000000   Code   RO          359    .ARM.Collect$$libinit$$00000023  c_w.l(libinit2.o)
    0x080001a6   0x080001a6   0x00000000   Code   RO          361    .ARM.Collect$$libinit$$00000025  c_w.l(libinit2.o)
    0x080001a6   0x080001a6   0x00000000   Code   RO          363    .ARM.Collect$$libinit$$00000027  c_w.l(libinit2.o)
    0x080001a6   0x080001a6   0x00000000   Code   RO          367    .ARM.Collect$$libinit$$0000002E  c_w.l(libinit2.o)
    0x080001a6   0x080001a6   0x00000000   Code   RO          369    .ARM.Collect$$libinit$$00000030  c_w.l(libinit2.o)
    0x080001a6   0x080001a6   0x00000000   Code   RO          371    .ARM.Collect$$libinit$$00000032  c_w.l(libinit2.o)
    0x080001a6   0x080001a6   0x00000000   Code   RO          373    .ARM.Collect$$libinit$$00000034  c_w.l(libinit2.o)
    0x080001a6   0x080001a6   0x00000002   Code   RO          374    .ARM.Collect$$libinit$$00000035  c_w.l(libinit2.o)
    0x080001a8   0x080001a8   0x00000002   Code   RO          396    .ARM.Collect$$libshutdown$$00000000  c_w.l(libshutdown.o)
    0x080001aa   0x080001aa   0x00000000   Code   RO          411    .ARM.Collect$$libshutdown$$00000002  c_w.l(libshutdown2.o)
    0x080001aa   0x080001aa   0x00000000   Code   RO          413    .ARM.Collect$$libshutdown$$00000004  c_w.l(libshutdown2.o)
    0x080001aa   0x080001aa   0x00000000   Code   RO          416    .ARM.Collect$$libshutdown$$00000007  c_w.l(libshutdown2.o)
    0x080001aa   0x080001aa   0x00000000   Code   RO          419    .ARM.Collect$$libshutdown$$0000000A  c_w.l(libshutdown2.o)
    0x080001aa   0x080001aa   0x00000000   Code   RO          421    .ARM.Collect$$libshutdown$$0000000C  c_w.l(libshutdown2.o)
    0x080001aa   0x080001aa   0x00000000   Code   RO          424    .ARM.Collect$$libshutdown$$0000000F  c_w.l(libshutdown2.o)
    0x080001aa   0x080001aa   0x00000002   Code   RO          425    .ARM.Collect$$libshutdown$$00000010  c_w.l(libshutdown2.o)
    0x080001ac   0x080001ac   0x00000000   Code   RO          280    .ARM.Collect$$rtentry$$00000000  c_w.l(__rtentry.o)
    0x080001ac   0x080001ac   0x00000000   Code   RO          297    .ARM.Collect$$rtentry$$00000002  c_w.l(__rtentry2.o)
    0x080001ac   0x080001ac   0x00000006   Code   RO          309    .ARM.Collect$$rtentry$$00000004  c_w.l(__rtentry4.o)
    0x080001b2   0x080001b2   0x00000000   Code   RO          299    .ARM.Collect$$rtentry$$00000009  c_w.l(__rtentry2.o)
    0x080001b2   0x080001b2   0x00000004   Code   RO          300    .ARM.Collect$$rtentry$$0000000A  c_w.l(__rtentry2.o)
    0x080001b6   0x080001b6   0x00000000   Code   RO          302    .ARM.Collect$$rtentry$$0000000C  c_w.l(__rtentry2.o)
    0x080001b6   0x080001b6   0x00000008   Code   RO          303    .ARM.Collect$$rtentry$$0000000D  c_w.l(__rtentry2.o)
    0x080001be   0x080001be   0x00000002   Code   RO          326    .ARM.Collect$$rtexit$$00000000  c_w.l(rtexit.o)
    0x080001c0   0x080001c0   0x00000000   Code   RO          376    .ARM.Collect$$rtexit$$00000002  c_w.l(rtexit2.o)
    0x080001c0   0x080001c0   0x00000004   Code   RO          377    .ARM.Collect$$rtexit$$00000003  c_w.l(rtexit2.o)
    0x080001c4   0x080001c4   0x00000006   Code   RO          378    .ARM.Collect$$rtexit$$00000004  c_w.l(rtexit2.o)
    0x080001ca   0x080001ca   0x00000002   PAD
    0x080001cc   0x080001cc   0x00000392   Code   RO            1    .text               main.o
    0x0800055e   0x0800055e   0x00000002   PAD
    0x08000560   0x08000560   0x000003f2   Code   RO           18    .text               bldc.o
    0x08000952   0x08000952   0x00000002   PAD
    0x08000954   0x08000954   0x000006d8   Code   RO           54    .text               setup.o
    0x0800102c   0x0800102c   0x0000019a   Code   RO           69    .text               it.o
    0x080011c6   0x080011c6   0x00000002   PAD
    0x080011c8   0x080011c8   0x0000019c   Code   RO           80    .text               comms.o
    0x08001364   0x08001364   0x00000124   Code   RO           89    .text               commssteering.o
    0x08001488   0x08001488   0x0000014e   Code   RO          101    .text               commsmasterslave.o
    0x080015d6   0x080015d6   0x00000002   PAD
    0x080015d8   0x080015d8   0x000004e8   Code   RO          114    .text               gd32f10x_adc.o
    0x08001ac0   0x08001ac0   0x00000402   Code   RO          130    .text               gd32f10x_dma.o
    0x08001ec2   0x08001ec2   0x00000002   PAD
    0x08001ec4   0x08001ec4   0x00000116   Code   RO          138    .text               gd32f10x_fwdgt.o
    0x08001fda   0x08001fda   0x00000002   PAD
    0x08001fdc   0x08001fdc   0x0000047c   Code   RO          146    .text               gd32f10x_gpio.o
    0x08002458   0x08002458   0x000000ec   Code   RO          162    .text               gd32f10x_misc.o
    0x08002544   0x08002544   0x00000600   Code   RO          178    .text               gd32f10x_rcu.o
    0x08002b44   0x08002b44   0x00000d72   Code   RO          188    .text               gd32f10x_timer.o
    0x080038b6   0x080038b6   0x00000002   PAD
    0x080038b8   0x080038b8   0x00000364   Code   RO          197    .text               gd32f10x_usart.o
    0x08003c1c   0x08003c1c   0x00000040   Code   RO          216    .text               startup_gd32f10x_hd.o
    0x08003c5c   0x08003c5c   0x00000182   Code   RO          222    .text               system_gd32f10x.o
    0x08003dde   0x08003dde   0x00000006   Code   RO          234    .text               c_w.l(heapauxi.o)
    0x08003de4   0x08003de4   0x0000004a   Code   RO          313    .text               c_w.l(sys_stackheap_outer.o)
    0x08003e2e   0x08003e2e   0x00000012   Code   RO          315    .text               c_w.l(exit.o)
    0x08003e40   0x08003e40   0x00000008   Code   RO          323    .text               c_w.l(libspace.o)
    0x08003e48   0x08003e48   0x0000000c   Code   RO          386    .text               c_w.l(sys_exit.o)
    0x08003e54   0x08003e54   0x00000002   Code   RO          401    .text               c_w.l(use_no_semi.o)
    0x08003e56   0x08003e56   0x00000000   Code   RO          403    .text               c_w.l(indicate_semi.o)
    0x08003e56   0x08003e56   0x00000002   PAD
    0x08003e58   0x08003e58   0x00000062   Code   RO          238    x$fpl$d2f           fz_ws.l(d2f.o)
    0x08003eba   0x08003eba   0x00000002   PAD
    0x08003ebc   0x08003ebc   0x00000150   Code   RO          240    x$fpl$dadd          fz_ws.l(daddsub_clz.o)
    0x0800400c   0x0800400c   0x0000002e   Code   RO          247    x$fpl$dflt          fz_ws.l(dflt_clz.o)
    0x0800403a   0x0800403a   0x00000026   Code   RO          246    x$fpl$dfltu         fz_ws.l(dflt_clz.o)
    0x08004060   0x08004060   0x00000154   Code   RO          252    x$fpl$dmul          fz_ws.l(dmul.o)
    0x080041b4   0x080041b4   0x0000009c   Code   RO          281    x$fpl$dnaninf       fz_ws.l(dnaninf.o)
    0x08004250   0x08004250   0x0000000c   Code   RO          283    x$fpl$dretinf       fz_ws.l(dretinf.o)
    0x0800425c   0x0800425c   0x000001dc   Code   RO          242    x$fpl$dsub          fz_ws.l(daddsub_clz.o)
    0x08004438   0x08004438   0x00000056   Code   RO          254    x$fpl$f2d           fz_ws.l(f2d.o)
    0x0800448e   0x0800448e   0x00000002   PAD
    0x08004490   0x08004490   0x000000c4   Code   RO          256    x$fpl$fadd          fz_ws.l(faddsub_clz.o)
    0x08004554   0x08004554   0x00000054   Code   RO          262    x$fpl$fcmp          fz_ws.l(fcmp.o)
    0x080045a8   0x080045a8   0x00000018   Code   RO          311    x$fpl$fcmpinf       fz_ws.l(fcmpi.o)
    0x080045c0   0x080045c0   0x00000184   Code   RO          265    x$fpl$fdiv          fz_ws.l(fdiv.o)
    0x08004744   0x08004744   0x00000068   Code   RO          285    x$fpl$feqf          fz_ws.l(feqf.o)
    0x080047ac   0x080047ac   0x00000036   Code   RO          268    x$fpl$ffix          fz_ws.l(ffix.o)
    0x080047e2   0x080047e2   0x00000002   PAD
    0x080047e4   0x080047e4   0x00000030   Code   RO          273    x$fpl$fflt          fz_ws.l(fflt_clz.o)
    0x08004814   0x08004814   0x00000026   Code   RO          272    x$fpl$ffltu         fz_ws.l(fflt_clz.o)
    0x0800483a   0x0800483a   0x00000002   PAD
    0x0800483c   0x0800483c   0x00000068   Code   RO          287    x$fpl$fgeqf         fz_ws.l(fgeqf.o)
    0x080048a4   0x080048a4   0x00000068   Code   RO          289    x$fpl$fleqf         fz_ws.l(fleqf.o)
    0x0800490c   0x0800490c   0x00000102   Code   RO          278    x$fpl$fmul          fz_ws.l(fmul.o)
    0x08004a0e   0x08004a0e   0x0000008c   Code   RO          291    x$fpl$fnaninf       fz_ws.l(fnaninf.o)
    0x08004a9a   0x08004a9a   0x0000000a   Code   RO          293    x$fpl$fretinf       fz_ws.l(fretinf.o)
    0x08004aa4   0x08004aa4   0x000000ea   Code   RO          258    x$fpl$fsub          fz_ws.l(faddsub_clz.o)
    0x08004b8e   0x08004b8e   0x00000000   Code   RO          295    x$fpl$usenofp       fz_ws.l(usenofp.o)
    0x08004b8e   0x08004b8e   0x00000008   Data   RO          180    .rodata.cst8        gd32f10x_rcu.o
    0x08004b96   0x08004b96   0x00000008   Data   RO           35    .rodata.hall_to_pos  bldc.o
    0x08004b9e   0x08004b9e   0x00000002   PAD
    0x08004ba0   0x08004ba0   0x000002d4   Data   RO           10    .rodata.lookUpTableAngle  main.o
    0x08004e74   0x08004e74   0x00000020   Data   RO          459    Region$$Table       anon$$obj.o


    Execution Region RW_IRAM1 (Exec base: 0x20000000, Load base: 0x08004e98, Size: 0x00004150, Max: 0x00005000, ABSOLUTE)

    Exec Addr    Load Addr    Size         Type   Attr      Idx    E Section Name        Object

    0x20000000   0x08004e98   0x00000004   Data   RW          224    .data.SystemCoreClock  system_gd32f10x.o
    0x20000004   0x08004e9c   0x00000004   Data   RW           21    .data.batteryVoltage  bldc.o
    0x20000008   0x08004ea0   0x00000002   Data   RW           32    .data.offsetdc      bldc.o
    0x2000000a   0x08004ea2   0x00000001   Data   RW           72    .data.timedOut      it.o
    0x2000000b   0x08004ea3   0x00000005   PAD
    0x20000010        -       0x00000060   Zero   RW          324    .bss                c_w.l(libspace.o)
    0x20000070        -       0x00000004   Zero   RW           39    .bss.adc_buffer     bldc.o
    0x20000074        -       0x00000004   Zero   RW           37    .bss.b              bldc.o
    0x20000078        -       0x00000001   Zero   RW            6    .bss.beepsBackwards  main.o
    0x20000079        -       0x00000001   Zero   RW           25    .bss.bldc_enable    bldc.o
    0x2000007a        -       0x00000002   Zero   RW           24    .bss.bldc_inputFilterPwm  bldc.o
    0x2000007c        -       0x00000002   Zero   RW           26    .bss.bldc_outputFilterPwm  bldc.o
    0x2000007e        -       0x00000001   Zero   RW           28    .bss.buzzerFreq     bldc.o
    0x2000007f        -       0x00000001   Zero   RW           29    .bss.buzzerPattern  bldc.o
    0x20000080        -       0x00000002   Zero   RW           30    .bss.buzzerTimer    bldc.o
    0x20000082        -       0x00000001   Zero   RW           27    .bss.buzzerToggle   bldc.o
    0x20000083   0x08004ea3   0x00000001   PAD
    0x20000084        -       0x00000004   Zero   RW           22    .bss.currentDC      bldc.o
    0x20000088        -       0x0000001c   Zero   RW           60    .bss.dma_init_struct_adc  setup.o
    0x200000a4        -       0x0000001c   Zero   RW           61    .bss.dma_init_struct_usart  setup.o
    0x200000c0        -       0x00000004   Zero   RW           45    .bss.filter_reg     bldc.o
    0x200000c4        -       0x00000004   Zero   RW           38    .bss.g              bldc.o
    0x200000c8        -       0x00000001   Zero   RW           43    .bss.hall           bldc.o
    0x200000c9        -       0x00000001   Zero   RW           40    .bss.hall_a         bldc.o
    0x200000ca        -       0x00000001   Zero   RW           41    .bss.hall_b         bldc.o
    0x200000cb        -       0x00000001   Zero   RW           42    .bss.hall_c         bldc.o
    0x200000cc        -       0x00000004   Zero   RW           34    .bss.iDebug         bldc.o
    0x200000d0        -       0x00000004   Zero   RW            8    .bss.inactivity_timeout_counter  main.o
    0x200000d4        -       0x00000001   Zero   RW           46    .bss.lastPos        bldc.o
    0x200000d5   0x08004ea3   0x00000003   PAD
    0x200000d8        -       0x00000004   Zero   RW           73    .bss.msTicks        it.o
    0x200000dc        -       0x00000002   Zero   RW           31    .bss.offsetcount    bldc.o
    0x200000de        -       0x00000001   Zero   RW           44    .bss.pos            bldc.o
    0x200000df   0x08004ea3   0x00000001   PAD
    0x200000e0        -       0x00000004   Zero   RW           23    .bss.realSpeed      bldc.o
    0x200000e4        -       0x00000001   Zero   RW          104    .bss.sMasterSlaveRecord  commsmasterslave.o
    0x200000e5        -       0x00000001   Zero   RW           92    .bss.sSteerRecord   commssteering.o
    0x200000e6        -       0x00000005   Zero   RW          105    .bss.sUSARTMasterSlaveRecordBuffer  commsmasterslave.o
    0x200000eb        -       0x00000001   Zero   RW          103    .bss.sUSARTMasterSlaveRecordBufferCounter  commsmasterslave.o
    0x200000ec        -       0x00000008   Zero   RW           93    .bss.sUSARTSteerRecordBuffer  commssteering.o
    0x200000f4        -       0x00000001   Zero   RW           91    .bss.sUSARTSteerRecordBufferCounter  commssteering.o
    0x200000f5   0x08004ea3   0x00000003   PAD
    0x200000f8        -       0x00000004   Zero   RW            4    .bss.speed          main.o
    0x200000fc        -       0x00000004   Zero   RW           33    .bss.speedCounter   bldc.o
    0x20000100        -       0x00000004   Zero   RW            3    .bss.steer          main.o
    0x20000104        -       0x00000004   Zero   RW            9    .bss.steerCounter   main.o
    0x20000108        -       0x00000004   Zero   RW           71    .bss.timeoutCounter_ms  it.o
    0x2000010c        -       0x00000010   Zero   RW           56    .bss.timeoutTimer_paramter_struct  setup.o
    0x2000011c        -       0x0000000e   Zero   RW           59    .bss.timerBldc_break_parameter_struct  setup.o
    0x2000012a        -       0x0000000c   Zero   RW           58    .bss.timerBldc_oc_parameter_struct  setup.o
    0x20000136   0x08004ea3   0x00000002   PAD
    0x20000138        -       0x00000010   Zero   RW           57    .bss.timerBldc_paramter_struct  setup.o
    0x20000148        -       0x00000001   Zero   RW           62    .bss.usartMasterSlave_rx_buf  setup.o
    0x20000149        -       0x00000001   Zero   RW           63    .bss.usartSteer_COM_rx_buf  setup.o
    0x2000014a   0x08004ea3   0x00000002   PAD
    0x2000014c        -       0x00000004   Zero   RW           36    .bss.y              bldc.o
    0x20000150        -       0x00002000   Zero   RW          214    HEAP                startup_gd32f10x_hd.o
    0x20002150        -       0x00002000   Zero   RW          213    STACK               startup_gd32f10x_hd.o


==============================================================================

Image component sizes


      Code (inc. data)   RO Data    RW Data    ZI Data      Debug   Object Name

      1010          6          8          6         54       3037   bldc.o
       412          0          0          0          0       2369   comms.o
       334          0          0          0          7       2875   commsmasterslave.o
       292          0          0          0         10       1772   commssteering.o
      1256         12          0          0          0       8289   gd32f10x_adc.o
      1026          0          0          0          0       6963   gd32f10x_dma.o
       278          0          0          0          0       2017   gd32f10x_fwdgt.o
      1148          0          0          0          0       6195   gd32f10x_gpio.o
       236          0          0          0          0       3259   gd32f10x_misc.o
      1536         20          8          0          0      12815   gd32f10x_rcu.o
      3442         36          0          0          0      17928   gd32f10x_timer.o
       868          0          0          0          0       8525   gd32f10x_usart.o
       410          0          0          1          8       2590   it.o
       914          0        724          0         17       5565   main.o
      1752          0          0          0        116       5980   setup.o
        64         26        304          0      16384        904   startup_gd32f10x_hd.o
       386          0          0          4          0       1616   system_gd32f10x.o

    ----------------------------------------------------------------------
     15378        100       1078         12      16612      92699   Object Totals
         0          0         32          0          0          0   (incl. Generated)
        14          0          2          1         16          0   (incl. Padding)

    ----------------------------------------------------------------------

      Code (inc. data)   RO Data    RW Data    ZI Data      Debug   Library Member Name

         8          0          0          0          0         68   __main.o
         0          0          0          0          0          0   __rtentry.o
        12          0          0          0          0          0   __rtentry2.o
         6          0          0          0          0          0   __rtentry4.o
        52          8          0          0          0          0   __scatter.o
        26          0          0          0          0          0   __scatter_copy.o
        28          0          0          0          0          0   __scatter_zi.o
        18          0          0          0          0         80   exit.o
         6          0          0          0          0        152   heapauxi.o
         0          0          0          0          0          0   indicate_semi.o
         2          0          0          0          0          0   libinit.o
         2          0          0          0          0          0   libinit2.o
         2          0          0          0          0          0   libshutdown.o
         2          0          0          0          0          0   libshutdown2.o
         8          4          0          0         96         68   libspace.o
         2          0          0          0          0          0   rtexit.o
        10          0          0          0          0          0   rtexit2.o
        12          4          0          0          0         68   sys_exit.o
        74          0          0          0          0         80   sys_stackheap_outer.o
         2          0          0          0          0         68   use_no_semi.o
        98          4          0          0          0         92   d2f.o
       812         16          0          0          0        296   daddsub_clz.o
        84          0          0          0          0        136   dflt_clz.o
       340         12          0          0          0        104   dmul.o
       156          4          0          0          0         92   dnaninf.o
        12          0          0          0          0         68   dretinf.o
        86          4          0          0          0         84   f2d.o
       430          8          0          0          0        168   faddsub_clz.o
        84          0          0          0          0        196   fcmp.o
        24          0          0          0          0         68   fcmpi.o
       388         76          0          0          0         96   fdiv.o
       104          4          0          0          0         84   feqf.o
        54          4          0          0          0         84   ffix.o
        86          0          0          0          0        136   fflt_clz.o
       104          4          0          0          0         84   fgeqf.o
       104          4          0          0          0         84   fleqf.o
       258          4          0          0          0         84   fmul.o
       140          4          0          0          0         84   fnaninf.o
        10          0          0          0          0         68   fretinf.o
         0          0          0          0          0          0   usenofp.o

    ----------------------------------------------------------------------
      3660        164          0          0         96       2692   Library Totals
        14          0          0          0          0          0   (incl. Padding)

    ----------------------------------------------------------------------

      Code (inc. data)   RO Data    RW Data    ZI Data      Debug   Library Name

       272         16          0          0         96        584   c_w.l
      3374        148          0          0          0       2108   fz_ws.l

    ----------------------------------------------------------------------
      3660        164          0          0         96       2692   Library Totals

    ----------------------------------------------------------------------

==============================================================================


      Code (inc. data)   RO Data    RW Data    ZI Data      Debug   

     19038        264       1078         12      16708      93787   Grand Totals
     19038        264       1078         12      16708      93787   ELF Image Totals
     19038        264       1078         12          0          0   ROM Totals

==============================================================================

    Total RO  Size (Code + RO Data)                20116 (  19.64kB)
    Total RW  Size (RW Data + ZI Data)             16720 (  16.33kB)
    Total ROM Size (Code + RO Data + RW Data)      20128 (  19.66kB)

==============================================================================

